interactions:
- request:
    body: null
    headers:
      Connection:
      - close
      Host:
      - schemas.stacspec.org
      User-Agent:
      - Python-urllib/3.11
    method: GET
    uri: https://schemas.stacspec.org/v1.0.0-beta.2/item-spec/json-schema/item.json
  response:
    body:
      string: "{\n  \"$schema\": \"http://json-schema.org/draft-07/schema#\",\n  \"$id\":
        \"https://schemas.stacspec.org/v1.0.0-beta.2/item-spec/json-schema/item.json#\",\n
        \ \"title\": \"STAC Item\",\n  \"type\": \"object\",\n  \"description\": \"This
        object represents the metadata for an item in a SpatioTemporal Asset Catalog.\",\n
        \ \"allOf\": [\n    {\n      \"$ref\": \"#/definitions/core\"\n    }\n  ],\n
        \ \"definitions\": {\n    \"common_metadata\": {\n      \"allOf\": [\n        {\n
        \         \"$ref\": \"basics.json\"\n        },\n        {\n          \"$ref\":
        \"datetime.json\"\n        },\n        {\n          \"$ref\": \"instrument.json\"\n
        \       },\n        {\n          \"$ref\": \"licensing.json\"\n        },\n
        \       {\n          \"$ref\": \"provider.json\"\n        }\n      ]\n    },\n
        \   \"core\": {\n      \"allOf\": [\n        {\n          \"$ref\": \"https://geojson.org/schema/Feature.json\"\n
        \       },\n        {\n          \"oneOf\": [\n            {\n              \"type\":
        \"object\",\n              \"required\": [\n                \"geometry\",\n
        \               \"bbox\"\n              ],\n              \"properties\":
        {\n                \"geometry\": {\n                  \"$ref\": \"https://geojson.org/schema/Geometry.json\"\n
        \               },\n                \"bbox\": {\n                  \"type\":
        \"array\",\n                  \"oneOf\": [\n                    {\n                      \"minItems\":
        4,\n                      \"maxItems\": 4\n                    },\n                    {\n
        \                     \"minItems\": 6,\n                      \"maxItems\":
        6\n                    }\n                  ],\n                  \"items\":
        {\n                    \"type\": \"number\"\n                  }\n                }\n
        \             }\n            },\n            {\n              \"type\": \"object\",\n
        \             \"required\": [\n                \"geometry\"\n              ],\n
        \             \"properties\": {\n                \"geometry\": {\n                  \"type\":
        \"null\"\n                },\n                \"bbox\": {\n                  \"not\":
        {}\n                }\n              }\n            }\n          ]\n        },\n
        \       {\n          \"type\": \"object\",\n          \"required\": [\n            \"stac_version\",\n
        \           \"id\",\n            \"links\",\n            \"assets\",\n            \"properties\"\n
        \         ],\n          \"properties\": {\n            \"stac_version\": {\n
        \             \"title\": \"STAC version\",\n              \"type\": \"string\",\n
        \             \"const\": \"1.0.0-beta.2\"\n            },\n            \"stac_extensions\":
        {\n              \"title\": \"STAC extensions\",\n              \"type\":
        \"array\",\n              \"uniqueItems\": true,\n              \"items\":
        {\n                \"anyOf\": [\n                  {\n                    \"title\":
        \"Reference to a JSON Schema\",\n                    \"type\": \"string\",\n
        \                   \"format\": \"uri\"\n                  },\n                  {\n
        \                   \"title\": \"Reference to a core extension\",\n                    \"type\":
        \"string\"\n                  }\n                ]\n              }\n            },\n
        \           \"id\": {\n              \"title\": \"Provider ID\",\n              \"description\":
        \"Provider item ID\",\n              \"type\": \"string\"\n            },\n
        \           \"links\": {\n              \"title\": \"Item links\",\n              \"description\":
        \"Links to item relations\",\n              \"type\": \"array\",\n              \"items\":
        {\n                \"$ref\": \"#/definitions/link\"\n              }\n            },\n
        \           \"assets\": {\n              \"$ref\": \"#/definitions/assets\"\n
        \           },\n            \"properties\": {\n              \"$ref\": \"#/definitions/common_metadata\"\n
        \           },\n            \"collection\": {\n              \"title\": \"Collection
        ID\",\n              \"description\": \"The ID of the STAC Collection this
        Item references to.\",\n              \"type\": \"string\"\n            }\n
        \         }\n        }\n      ]\n    },\n    \"link\": {\n      \"type\":
        \"object\",\n      \"required\": [\n        \"rel\",\n        \"href\"\n      ],\n
        \     \"properties\": {\n        \"href\": {\n          \"title\": \"Link
        reference\",\n          \"type\": \"string\"\n        },\n        \"rel\":
        {\n          \"title\": \"Link relation type\",\n          \"type\": \"string\"\n
        \       },\n        \"type\": {\n          \"title\": \"Link type\",\n          \"type\":
        \"string\"\n        },\n        \"title\": {\n          \"title\": \"Link
        title\",\n          \"type\": \"string\"\n        },\n        \"created\":
        {\n          \"$ref\": \"datetime.json#/definitions/created\"\n        },\n
        \       \"updated\": {\n          \"$ref\": \"datetime.json#/definitions/updated\"\n
        \       }\n      }\n    },\n    \"assets\": {\n      \"title\": \"Asset links\",\n
        \     \"description\": \"Links to assets\",\n      \"type\": \"object\",\n
        \     \"additionalProperties\": {\n        \"$ref\": \"#/definitions/asset\"\n
        \     }\n    },\n    \"asset\": {\n      \"type\": \"object\",\n      \"required\":
        [\n        \"href\"\n      ],\n      \"properties\": {\n        \"href\":
        {\n          \"title\": \"Asset reference\",\n          \"type\": \"string\"\n
        \       },\n        \"title\": {\n          \"title\": \"Asset title\",\n
        \         \"type\": \"string\"\n        },\n        \"description\": {\n          \"title\":
        \"Asset description\",\n          \"type\": \"string\"\n        },\n        \"type\":
        {\n          \"title\": \"Asset type\",\n          \"type\": \"string\"\n
        \       },\n        \"roles\": {\n          \"title\": \"Asset roles\",\n
        \         \"type\": \"array\",\n          \"items\": {\n            \"type\":
        \"string\"\n          }\n        }\n      }\n    }\n  }\n}\n"
    headers:
      Accept-Ranges:
      - bytes
      Access-Control-Allow-Origin:
      - '*'
      Age:
      - '0'
      Cache-Control:
      - max-age=600
      Connection:
      - close
      Content-Length:
      - '5244'
      Content-Type:
      - application/json; charset=utf-8
      Date:
      - Tue, 27 Jun 2023 22:39:15 GMT
      ETag:
      - '"647f85f4-147c"'
      Last-Modified:
      - Tue, 06 Jun 2023 19:16:04 GMT
      Server:
      - GitHub.com
      Vary:
      - Accept-Encoding
      Via:
      - 1.1 varnish
      X-Cache:
      - MISS
      X-Cache-Hits:
      - '0'
      X-Fastly-Request-ID:
      - 638f71257bf4c8d1c10437bcb6ba216066fdf6f3
      X-GitHub-Request-Id:
      - 12F4:069A:2546A8:3243D5:649B6513
      X-Served-By:
      - cache-den8264-DEN
      X-Timer:
      - S1687905555.068946,VS0,VE57
      expires:
      - Tue, 27 Jun 2023 22:49:15 GMT
      x-proxy-cache:
      - MISS
    status:
      code: 200
      message: OK
- request:
    body: null
    headers:
      Accept:
      - '*/*'
      Accept-Encoding:
      - gzip, deflate
      Connection:
      - keep-alive
      User-Agent:
      - python-requests/2.31.0
    method: GET
    uri: https://geojson.org/schema/Feature.json
  response:
    body:
      string: "{\n  \"$schema\": \"http://json-schema.org/draft-07/schema#\",\n  \"$id\":
        \"https://geojson.org/schema/Feature.json\",\n  \"title\": \"GeoJSON Feature\",\n
        \ \"type\": \"object\",\n  \"required\": [\n    \"type\",\n    \"properties\",\n
        \   \"geometry\"\n  ],\n  \"properties\": {\n    \"type\": {\n      \"type\":
        \"string\",\n      \"enum\": [\n        \"Feature\"\n      ]\n    },\n    \"id\":
        {\n      \"oneOf\": [\n        {\n          \"type\": \"number\"\n        },\n
        \       {\n          \"type\": \"string\"\n        }\n      ]\n    },\n    \"properties\":
        {\n      \"oneOf\": [\n        {\n          \"type\": \"null\"\n        },\n
        \       {\n          \"type\": \"object\"\n        }\n      ]\n    },\n    \"geometry\":
        {\n      \"oneOf\": [\n        {\n          \"type\": \"null\"\n        },\n
        \       {\n          \"title\": \"GeoJSON Point\",\n          \"type\": \"object\",\n
        \         \"required\": [\n            \"type\",\n            \"coordinates\"\n
        \         ],\n          \"properties\": {\n            \"type\": {\n              \"type\":
        \"string\",\n              \"enum\": [\n                \"Point\"\n              ]\n
        \           },\n            \"coordinates\": {\n              \"type\": \"array\",\n
        \             \"minItems\": 2,\n              \"items\": {\n                \"type\":
        \"number\"\n              }\n            },\n            \"bbox\": {\n              \"type\":
        \"array\",\n              \"minItems\": 4,\n              \"items\": {\n                \"type\":
        \"number\"\n              }\n            }\n          }\n        },\n        {\n
        \         \"title\": \"GeoJSON LineString\",\n          \"type\": \"object\",\n
        \         \"required\": [\n            \"type\",\n            \"coordinates\"\n
        \         ],\n          \"properties\": {\n            \"type\": {\n              \"type\":
        \"string\",\n              \"enum\": [\n                \"LineString\"\n              ]\n
        \           },\n            \"coordinates\": {\n              \"type\": \"array\",\n
        \             \"minItems\": 2,\n              \"items\": {\n                \"type\":
        \"array\",\n                \"minItems\": 2,\n                \"items\": {\n
        \                 \"type\": \"number\"\n                }\n              }\n
        \           },\n            \"bbox\": {\n              \"type\": \"array\",\n
        \             \"minItems\": 4,\n              \"items\": {\n                \"type\":
        \"number\"\n              }\n            }\n          }\n        },\n        {\n
        \         \"title\": \"GeoJSON Polygon\",\n          \"type\": \"object\",\n
        \         \"required\": [\n            \"type\",\n            \"coordinates\"\n
        \         ],\n          \"properties\": {\n            \"type\": {\n              \"type\":
        \"string\",\n              \"enum\": [\n                \"Polygon\"\n              ]\n
        \           },\n            \"coordinates\": {\n              \"type\": \"array\",\n
        \             \"items\": {\n                \"type\": \"array\",\n                \"minItems\":
        4,\n                \"items\": {\n                  \"type\": \"array\",\n
        \                 \"minItems\": 2,\n                  \"items\": {\n                    \"type\":
        \"number\"\n                  }\n                }\n              }\n            },\n
        \           \"bbox\": {\n              \"type\": \"array\",\n              \"minItems\":
        4,\n              \"items\": {\n                \"type\": \"number\"\n              }\n
        \           }\n          }\n        },\n        {\n          \"title\": \"GeoJSON
        MultiPoint\",\n          \"type\": \"object\",\n          \"required\": [\n
        \           \"type\",\n            \"coordinates\"\n          ],\n          \"properties\":
        {\n            \"type\": {\n              \"type\": \"string\",\n              \"enum\":
        [\n                \"MultiPoint\"\n              ]\n            },\n            \"coordinates\":
        {\n              \"type\": \"array\",\n              \"items\": {\n                \"type\":
        \"array\",\n                \"minItems\": 2,\n                \"items\": {\n
        \                 \"type\": \"number\"\n                }\n              }\n
        \           },\n            \"bbox\": {\n              \"type\": \"array\",\n
        \             \"minItems\": 4,\n              \"items\": {\n                \"type\":
        \"number\"\n              }\n            }\n          }\n        },\n        {\n
        \         \"title\": \"GeoJSON MultiLineString\",\n          \"type\": \"object\",\n
        \         \"required\": [\n            \"type\",\n            \"coordinates\"\n
        \         ],\n          \"properties\": {\n            \"type\": {\n              \"type\":
        \"string\",\n              \"enum\": [\n                \"MultiLineString\"\n
        \             ]\n            },\n            \"coordinates\": {\n              \"type\":
        \"array\",\n              \"items\": {\n                \"type\": \"array\",\n
        \               \"minItems\": 2,\n                \"items\": {\n                  \"type\":
        \"array\",\n                  \"minItems\": 2,\n                  \"items\":
        {\n                    \"type\": \"number\"\n                  }\n                }\n
        \             }\n            },\n            \"bbox\": {\n              \"type\":
        \"array\",\n              \"minItems\": 4,\n              \"items\": {\n                \"type\":
        \"number\"\n              }\n            }\n          }\n        },\n        {\n
        \         \"title\": \"GeoJSON MultiPolygon\",\n          \"type\": \"object\",\n
        \         \"required\": [\n            \"type\",\n            \"coordinates\"\n
        \         ],\n          \"properties\": {\n            \"type\": {\n              \"type\":
        \"string\",\n              \"enum\": [\n                \"MultiPolygon\"\n
        \             ]\n            },\n            \"coordinates\": {\n              \"type\":
        \"array\",\n              \"items\": {\n                \"type\": \"array\",\n
        \               \"items\": {\n                  \"type\": \"array\",\n                  \"minItems\":
        4,\n                  \"items\": {\n                    \"type\": \"array\",\n
        \                   \"minItems\": 2,\n                    \"items\": {\n                      \"type\":
        \"number\"\n                    }\n                  }\n                }\n
        \             }\n            },\n            \"bbox\": {\n              \"type\":
        \"array\",\n              \"minItems\": 4,\n              \"items\": {\n                \"type\":
        \"number\"\n              }\n            }\n          }\n        },\n        {\n
        \         \"title\": \"GeoJSON GeometryCollection\",\n          \"type\":
        \"object\",\n          \"required\": [\n            \"type\",\n            \"geometries\"\n
        \         ],\n          \"properties\": {\n            \"type\": {\n              \"type\":
        \"string\",\n              \"enum\": [\n                \"GeometryCollection\"\n
        \             ]\n            },\n            \"geometries\": {\n              \"type\":
        \"array\",\n              \"items\": {\n                \"oneOf\": [\n                  {\n
        \                   \"title\": \"GeoJSON Point\",\n                    \"type\":
        \"object\",\n                    \"required\": [\n                      \"type\",\n
        \                     \"coordinates\"\n                    ],\n                    \"properties\":
        {\n                      \"type\": {\n                        \"type\": \"string\",\n
        \                       \"enum\": [\n                          \"Point\"\n
        \                       ]\n                      },\n                      \"coordinates\":
        {\n                        \"type\": \"array\",\n                        \"minItems\":
        2,\n                        \"items\": {\n                          \"type\":
        \"number\"\n                        }\n                      },\n                      \"bbox\":
        {\n                        \"type\": \"array\",\n                        \"minItems\":
        4,\n                        \"items\": {\n                          \"type\":
        \"number\"\n                        }\n                      }\n                    }\n
        \                 },\n                  {\n                    \"title\":
        \"GeoJSON LineString\",\n                    \"type\": \"object\",\n                    \"required\":
        [\n                      \"type\",\n                      \"coordinates\"\n
        \                   ],\n                    \"properties\": {\n                      \"type\":
        {\n                        \"type\": \"string\",\n                        \"enum\":
        [\n                          \"LineString\"\n                        ]\n                      },\n
        \                     \"coordinates\": {\n                        \"type\":
        \"array\",\n                        \"minItems\": 2,\n                        \"items\":
        {\n                          \"type\": \"array\",\n                          \"minItems\":
        2,\n                          \"items\": {\n                            \"type\":
        \"number\"\n                          }\n                        }\n                      },\n
        \                     \"bbox\": {\n                        \"type\": \"array\",\n
        \                       \"minItems\": 4,\n                        \"items\":
        {\n                          \"type\": \"number\"\n                        }\n
        \                     }\n                    }\n                  },\n                  {\n
        \                   \"title\": \"GeoJSON Polygon\",\n                    \"type\":
        \"object\",\n                    \"required\": [\n                      \"type\",\n
        \                     \"coordinates\"\n                    ],\n                    \"properties\":
        {\n                      \"type\": {\n                        \"type\": \"string\",\n
        \                       \"enum\": [\n                          \"Polygon\"\n
        \                       ]\n                      },\n                      \"coordinates\":
        {\n                        \"type\": \"array\",\n                        \"items\":
        {\n                          \"type\": \"array\",\n                          \"minItems\":
        4,\n                          \"items\": {\n                            \"type\":
        \"array\",\n                            \"minItems\": 2,\n                            \"items\":
        {\n                              \"type\": \"number\"\n                            }\n
        \                         }\n                        }\n                      },\n
        \                     \"bbox\": {\n                        \"type\": \"array\",\n
        \                       \"minItems\": 4,\n                        \"items\":
        {\n                          \"type\": \"number\"\n                        }\n
        \                     }\n                    }\n                  },\n                  {\n
        \                   \"title\": \"GeoJSON MultiPoint\",\n                    \"type\":
        \"object\",\n                    \"required\": [\n                      \"type\",\n
        \                     \"coordinates\"\n                    ],\n                    \"properties\":
        {\n                      \"type\": {\n                        \"type\": \"string\",\n
        \                       \"enum\": [\n                          \"MultiPoint\"\n
        \                       ]\n                      },\n                      \"coordinates\":
        {\n                        \"type\": \"array\",\n                        \"items\":
        {\n                          \"type\": \"array\",\n                          \"minItems\":
        2,\n                          \"items\": {\n                            \"type\":
        \"number\"\n                          }\n                        }\n                      },\n
        \                     \"bbox\": {\n                        \"type\": \"array\",\n
        \                       \"minItems\": 4,\n                        \"items\":
        {\n                          \"type\": \"number\"\n                        }\n
        \                     }\n                    }\n                  },\n                  {\n
        \                   \"title\": \"GeoJSON MultiLineString\",\n                    \"type\":
        \"object\",\n                    \"required\": [\n                      \"type\",\n
        \                     \"coordinates\"\n                    ],\n                    \"properties\":
        {\n                      \"type\": {\n                        \"type\": \"string\",\n
        \                       \"enum\": [\n                          \"MultiLineString\"\n
        \                       ]\n                      },\n                      \"coordinates\":
        {\n                        \"type\": \"array\",\n                        \"items\":
        {\n                          \"type\": \"array\",\n                          \"minItems\":
        2,\n                          \"items\": {\n                            \"type\":
        \"array\",\n                            \"minItems\": 2,\n                            \"items\":
        {\n                              \"type\": \"number\"\n                            }\n
        \                         }\n                        }\n                      },\n
        \                     \"bbox\": {\n                        \"type\": \"array\",\n
        \                       \"minItems\": 4,\n                        \"items\":
        {\n                          \"type\": \"number\"\n                        }\n
        \                     }\n                    }\n                  },\n                  {\n
        \                   \"title\": \"GeoJSON MultiPolygon\",\n                    \"type\":
        \"object\",\n                    \"required\": [\n                      \"type\",\n
        \                     \"coordinates\"\n                    ],\n                    \"properties\":
        {\n                      \"type\": {\n                        \"type\": \"string\",\n
        \                       \"enum\": [\n                          \"MultiPolygon\"\n
        \                       ]\n                      },\n                      \"coordinates\":
        {\n                        \"type\": \"array\",\n                        \"items\":
        {\n                          \"type\": \"array\",\n                          \"items\":
        {\n                            \"type\": \"array\",\n                            \"minItems\":
        4,\n                            \"items\": {\n                              \"type\":
        \"array\",\n                              \"minItems\": 2,\n                              \"items\":
        {\n                                \"type\": \"number\"\n                              }\n
        \                           }\n                          }\n                        }\n
        \                     },\n                      \"bbox\": {\n                        \"type\":
        \"array\",\n                        \"minItems\": 4,\n                        \"items\":
        {\n                          \"type\": \"number\"\n                        }\n
        \                     }\n                    }\n                  }\n                ]\n
        \             }\n            },\n            \"bbox\": {\n              \"type\":
        \"array\",\n              \"minItems\": 4,\n              \"items\": {\n                \"type\":
        \"number\"\n              }\n            }\n          }\n        }\n      ]\n
        \   },\n    \"bbox\": {\n      \"type\": \"array\",\n      \"minItems\": 4,\n
        \     \"items\": {\n        \"type\": \"number\"\n      }\n    }\n  }\n}\n"
    headers:
      Accept-Ranges:
      - bytes
      Access-Control-Allow-Origin:
      - '*'
      Age:
      - '0'
      Cache-Control:
      - max-age=600
      Connection:
      - keep-alive
      Content-Encoding:
      - gzip
      Content-Length:
      - '886'
      Content-Type:
      - application/json; charset=utf-8
      Date:
      - Tue, 27 Jun 2023 22:39:15 GMT
      ETag:
      - W/"613924d8-35d1"
      Last-Modified:
      - Wed, 08 Sep 2021 21:02:16 GMT
      Server:
      - GitHub.com
      Vary:
      - Accept-Encoding
      Via:
      - 1.1 varnish
      X-Cache:
      - HIT
      X-Cache-Hits:
      - '1'
      X-Fastly-Request-ID:
      - 9cfaabd0a5253f1e1cdcf6c8c8c73c6de99996b1
      X-GitHub-Request-Id:
      - 966E:55CE:1DCC93:29FF83:649B5D27
      X-Served-By:
      - cache-den8230-DEN
      X-Timer:
      - S1687905555.357169,VS0,VE63
      expires:
      - Tue, 27 Jun 2023 22:15:27 GMT
      x-origin-cache:
      - HIT
      x-proxy-cache:
      - MISS
    status:
      code: 200
      message: OK
- request:
    body: null
    headers:
      Accept:
      - '*/*'
      Accept-Encoding:
      - gzip, deflate
      Connection:
      - keep-alive
      User-Agent:
      - python-requests/2.31.0
    method: GET
    uri: https://geojson.org/schema/Geometry.json
  response:
    body:
      string: "{\n  \"$schema\": \"http://json-schema.org/draft-07/schema#\",\n  \"$id\":
        \"https://geojson.org/schema/Geometry.json\",\n  \"title\": \"GeoJSON Geometry\",\n
        \ \"oneOf\": [\n    {\n      \"title\": \"GeoJSON Point\",\n      \"type\":
        \"object\",\n      \"required\": [\n        \"type\",\n        \"coordinates\"\n
        \     ],\n      \"properties\": {\n        \"type\": {\n          \"type\":
        \"string\",\n          \"enum\": [\n            \"Point\"\n          ]\n        },\n
        \       \"coordinates\": {\n          \"type\": \"array\",\n          \"minItems\":
        2,\n          \"items\": {\n            \"type\": \"number\"\n          }\n
        \       },\n        \"bbox\": {\n          \"type\": \"array\",\n          \"minItems\":
        4,\n          \"items\": {\n            \"type\": \"number\"\n          }\n
        \       }\n      }\n    },\n    {\n      \"title\": \"GeoJSON LineString\",\n
        \     \"type\": \"object\",\n      \"required\": [\n        \"type\",\n        \"coordinates\"\n
        \     ],\n      \"properties\": {\n        \"type\": {\n          \"type\":
        \"string\",\n          \"enum\": [\n            \"LineString\"\n          ]\n
        \       },\n        \"coordinates\": {\n          \"type\": \"array\",\n          \"minItems\":
        2,\n          \"items\": {\n            \"type\": \"array\",\n            \"minItems\":
        2,\n            \"items\": {\n              \"type\": \"number\"\n            }\n
        \         }\n        },\n        \"bbox\": {\n          \"type\": \"array\",\n
        \         \"minItems\": 4,\n          \"items\": {\n            \"type\":
        \"number\"\n          }\n        }\n      }\n    },\n    {\n      \"title\":
        \"GeoJSON Polygon\",\n      \"type\": \"object\",\n      \"required\": [\n
        \       \"type\",\n        \"coordinates\"\n      ],\n      \"properties\":
        {\n        \"type\": {\n          \"type\": \"string\",\n          \"enum\":
        [\n            \"Polygon\"\n          ]\n        },\n        \"coordinates\":
        {\n          \"type\": \"array\",\n          \"items\": {\n            \"type\":
        \"array\",\n            \"minItems\": 4,\n            \"items\": {\n              \"type\":
        \"array\",\n              \"minItems\": 2,\n              \"items\": {\n                \"type\":
        \"number\"\n              }\n            }\n          }\n        },\n        \"bbox\":
        {\n          \"type\": \"array\",\n          \"minItems\": 4,\n          \"items\":
        {\n            \"type\": \"number\"\n          }\n        }\n      }\n    },\n
        \   {\n      \"title\": \"GeoJSON MultiPoint\",\n      \"type\": \"object\",\n
        \     \"required\": [\n        \"type\",\n        \"coordinates\"\n      ],\n
        \     \"properties\": {\n        \"type\": {\n          \"type\": \"string\",\n
        \         \"enum\": [\n            \"MultiPoint\"\n          ]\n        },\n
        \       \"coordinates\": {\n          \"type\": \"array\",\n          \"items\":
        {\n            \"type\": \"array\",\n            \"minItems\": 2,\n            \"items\":
        {\n              \"type\": \"number\"\n            }\n          }\n        },\n
        \       \"bbox\": {\n          \"type\": \"array\",\n          \"minItems\":
        4,\n          \"items\": {\n            \"type\": \"number\"\n          }\n
        \       }\n      }\n    },\n    {\n      \"title\": \"GeoJSON MultiLineString\",\n
        \     \"type\": \"object\",\n      \"required\": [\n        \"type\",\n        \"coordinates\"\n
        \     ],\n      \"properties\": {\n        \"type\": {\n          \"type\":
        \"string\",\n          \"enum\": [\n            \"MultiLineString\"\n          ]\n
        \       },\n        \"coordinates\": {\n          \"type\": \"array\",\n          \"items\":
        {\n            \"type\": \"array\",\n            \"minItems\": 2,\n            \"items\":
        {\n              \"type\": \"array\",\n              \"minItems\": 2,\n              \"items\":
        {\n                \"type\": \"number\"\n              }\n            }\n
        \         }\n        },\n        \"bbox\": {\n          \"type\": \"array\",\n
        \         \"minItems\": 4,\n          \"items\": {\n            \"type\":
        \"number\"\n          }\n        }\n      }\n    },\n    {\n      \"title\":
        \"GeoJSON MultiPolygon\",\n      \"type\": \"object\",\n      \"required\":
        [\n        \"type\",\n        \"coordinates\"\n      ],\n      \"properties\":
        {\n        \"type\": {\n          \"type\": \"string\",\n          \"enum\":
        [\n            \"MultiPolygon\"\n          ]\n        },\n        \"coordinates\":
        {\n          \"type\": \"array\",\n          \"items\": {\n            \"type\":
        \"array\",\n            \"items\": {\n              \"type\": \"array\",\n
        \             \"minItems\": 4,\n              \"items\": {\n                \"type\":
        \"array\",\n                \"minItems\": 2,\n                \"items\": {\n
        \                 \"type\": \"number\"\n                }\n              }\n
        \           }\n          }\n        },\n        \"bbox\": {\n          \"type\":
        \"array\",\n          \"minItems\": 4,\n          \"items\": {\n            \"type\":
        \"number\"\n          }\n        }\n      }\n    }\n  ]\n}\n"
    headers:
      Accept-Ranges:
      - bytes
      Access-Control-Allow-Origin:
      - '*'
      Age:
      - '0'
      Cache-Control:
      - max-age=600
      Connection:
      - keep-alive
      Content-Encoding:
      - gzip
      Content-Length:
      - '426'
      Content-Type:
      - application/json; charset=utf-8
      Date:
      - Tue, 27 Jun 2023 22:39:15 GMT
      ETag:
      - W/"613924d8-1124"
      Last-Modified:
      - Wed, 08 Sep 2021 21:02:16 GMT
      Server:
      - GitHub.com
      Vary:
      - Accept-Encoding
      Via:
      - 1.1 varnish
      X-Cache:
      - HIT
      X-Cache-Hits:
      - '1'
      X-Fastly-Request-ID:
      - a4b9449c5388b04e7709f3bb43d4cad8cbb47f51
      X-GitHub-Request-Id:
      - 587A:0C96:1ED7C7:2B09D1:649B5D27
      X-Served-By:
      - cache-den8276-DEN
      X-Timer:
      - S1687905556.550812,VS0,VE51
      expires:
      - Tue, 27 Jun 2023 22:15:27 GMT
      x-proxy-cache:
      - MISS
    status:
      code: 200
      message: OK
- request:
    body: null
    headers:
      Accept:
      - '*/*'
      Accept-Encoding:
      - gzip, deflate
      Connection:
      - keep-alive
      User-Agent:
      - python-requests/2.31.0
    method: GET
    uri: https://schemas.stacspec.org/v1.0.0-beta.2/item-spec/json-schema/basics.json
  response:
    body:
      string: "{\n  \"$schema\": \"http://json-schema.org/draft-07/schema#\",\n  \"$id\":
        \"https://schemas.stacspec.org/v1.0.0-beta.2/item-spec/json-schema/basics.json#\",\n
        \ \"title\": \"Basic Descriptive Fields\",\n  \"type\": \"object\",\n  \"properties\":
        {\n    \"title\": {\n      \"title\": \"Item Title\",\n      \"description\":
        \"A human-readable title describing the Item.\",\n      \"type\": \"string\"\n
        \   },\n    \"description\": {\n      \"title\": \"Item Description\",\n      \"description\":
        \"Detailed multi-line description to fully explain the Item.\",\n      \"type\":
        \"string\"\n    }\n  }\n}"
    headers:
      Accept-Ranges:
      - bytes
      Access-Control-Allow-Origin:
      - '*'
      Age:
      - '0'
      Cache-Control:
      - max-age=600
      Connection:
      - keep-alive
      Content-Encoding:
      - gzip
      Content-Length:
      - '274'
      Content-Type:
      - application/json; charset=utf-8
      Date:
      - Tue, 27 Jun 2023 22:39:15 GMT
      ETag:
      - W/"647f85f4-21c"
      Last-Modified:
      - Tue, 06 Jun 2023 19:16:04 GMT
      Server:
      - GitHub.com
      Vary:
      - Accept-Encoding
      Via:
      - 1.1 varnish
      X-Cache:
      - MISS
      X-Cache-Hits:
      - '0'
      X-Fastly-Request-ID:
      - a44b958c48d63a57bed1f8835a731b1f96373f98
      X-GitHub-Request-Id:
      - B0FC:9110:208E14:2D8E1F:649B6513
      X-Served-By:
      - cache-den8237-DEN
      X-Timer:
      - S1687905556.695055,VS0,VE59
      expires:
      - Tue, 27 Jun 2023 22:49:15 GMT
      x-proxy-cache:
      - MISS
    status:
      code: 200
      message: OK
- request:
    body: null
    headers:
      Accept:
      - '*/*'
      Accept-Encoding:
      - gzip, deflate
      Connection:
      - keep-alive
      User-Agent:
      - python-requests/2.31.0
    method: GET
    uri: https://schemas.stacspec.org/v1.0.0-beta.2/item-spec/json-schema/datetime.json
  response:
    body:
      string: "{\n  \"$schema\": \"http://json-schema.org/draft-07/schema#\",\n  \"$id\":
        \"https://schemas.stacspec.org/v1.0.0-beta.2/item-spec/json-schema/datetime.json#\",\n
        \ \"title\": \"Date and Time Fields\",\n  \"type\": \"object\",\n  \"allOf\":
        [\n    {\n      \"properties\": {\n        \"created\": {\n          \"$ref\":
        \"#/definitions/created\"\n        },\n        \"updated\": {\n          \"$ref\":
        \"#/definitions/updated\"\n        }\n      }\n    },\n    {\n      \"anyOf\":
        [\n        {\n          \"required\": [\n            \"datetime\"\n          ],\n
        \         \"properties\": {\n            \"datetime\": {\n              \"$ref\":
        \"#/definitions/datetime\"\n            },\n            \"start_datetime\":
        {\n              \"$ref\": \"#/definitions/start_datetime\"\n            },
        \n            \"end_datetime\": {\n              \"$ref\": \"#/definitions/end_datetime\"\n
        \           }\n          },\n          \"dependencies\": {\n            \"start_datetime\":
        {\n              \"required\": [\n                \"end_datetime\"\n              ]\n
        \           },\n            \"end_datetime\": {\n              \"required\":
        [\n                \"start_datetime\"\n              ]\n            }\n          }\n
        \       },\n        {\n          \"required\": [\n            \"datetime\",\n
        \           \"start_datetime\",\n            \"end_datetime\"\n          ],\n
        \         \"properties\": {\n            \"datetime\": {\n              \"oneOf\":
        [\n                {\n                  \"$ref\": \"#/definitions/datetime\"\n
        \               },\n                {\n                  \"type\": [\"null\"],\n
        \                 \"const\": null\n                }\n              ]\n            },\n
        \           \"start_datetime\": {\n              \"$ref\": \"#/definitions/start_datetime\"\n
        \           }, \n            \"end_datetime\": {\n              \"$ref\":
        \"#/definitions/end_datetime\"\n            }\n          }\n        }\n      ]\n
        \   }\n  ],\n  \"definitions\": {\n    \"datetime\": {\n      \"title\": \"Date
        and Time\",\n      \"description\": \"The searchable date/time of the assets,
        in UTC (Formatted in RFC 3339) \",\n      \"type\": \"string\",\n      \"format\":
        \"date-time\"\n    },\n    \"start_datetime\": {\n      \"title\": \"Start
        Date and Time\",\n      \"description\": \"The searchable start date/time
        of the assets, in UTC (Formatted in RFC 3339) \",\n      \"type\": \"string\",\n
        \     \"format\": \"date-time\"\n    }, \n    \"end_datetime\": {\n      \"title\":
        \"End Date and Time\", \n      \"description\": \"The searchable end date/time
        of the assets, in UTC (Formatted in RFC 3339) \",                  \n      \"type\":
        \"string\",\n      \"format\": \"date-time\"\n    },\n    \"created\": {\n
        \     \"title\": \"Creation Time\",\n      \"type\": \"string\",\n      \"format\":
        \"date-time\"\n    },\n    \"updated\": {\n      \"title\": \"Last Update
        Time\",\n      \"type\": \"string\",\n      \"format\": \"date-time\"\n    }\n
        \ }\n}"
    headers:
      Accept-Ranges:
      - bytes
      Access-Control-Allow-Origin:
      - '*'
      Age:
      - '0'
      Cache-Control:
      - max-age=600
      Connection:
      - keep-alive
      Content-Encoding:
      - gzip
      Content-Length:
      - '579'
      Content-Type:
      - application/json; charset=utf-8
      Date:
      - Tue, 27 Jun 2023 22:39:15 GMT
      ETag:
      - W/"647f85f4-a82"
      Last-Modified:
      - Tue, 06 Jun 2023 19:16:04 GMT
      Server:
      - GitHub.com
      Vary:
      - Accept-Encoding
      Via:
      - 1.1 varnish
      X-Cache:
      - MISS
      X-Cache-Hits:
      - '0'
      X-Fastly-Request-ID:
      - 2c51f877afd804a7a028657d0c1478dfd6cf2d1b
      X-GitHub-Request-Id:
      - 68BC:0A2C:2166DE:2E65EE:649B6513
      X-Served-By:
      - cache-den8279-DEN
      X-Timer:
      - S1687905556.885468,VS0,VE52
      expires:
      - Tue, 27 Jun 2023 22:49:15 GMT
      x-origin-cache:
      - HIT
      x-proxy-cache:
      - MISS
    status:
      code: 200
      message: OK
- request:
    body: null
    headers:
      Accept:
      - '*/*'
      Accept-Encoding:
      - gzip, deflate
      Connection:
      - keep-alive
      User-Agent:
      - python-requests/2.31.0
    method: GET
    uri: https://schemas.stacspec.org/v1.0.0-beta.2/item-spec/json-schema/instrument.json
  response:
    body:
      string: "{\n  \"$schema\": \"http://json-schema.org/draft-07/schema#\",\n  \"$id\":
        \"https://schemas.stacspec.org/v1.0.0-beta.2/item-spec/json-schema/instrument.json#\",\n
        \ \"title\": \"Instrument Fields\",\n  \"type\": \"object\",\n  \"properties\":
        {\n    \"platform\": {\n      \"title\": \"Platform\",\n      \"type\": \"string\"\n
        \   },\n    \"instruments\": {\n      \"title\": \"Instruments\",\n      \"type\":
        \"array\",\n      \"items\": {\n        \"type\": \"string\"\n      }\n    },\n
        \   \"constellation\": {\n      \"title\": \"Constellation\",\n      \"type\":
        \"string\"\n    },\n    \"mission\": {\n      \"title\": \"Mission\",\n      \"type\":
        \"string\"\n    },\n    \"gsd\": {\n      \"title\": \"Ground Sample Distance\",\n
        \     \"type\": \"number\"\n    }\n  }\n}"
    headers:
      Accept-Ranges:
      - bytes
      Access-Control-Allow-Origin:
      - '*'
      Age:
      - '0'
      Cache-Control:
      - max-age=600
      Connection:
      - keep-alive
      Content-Encoding:
      - gzip
      Content-Length:
      - '281'
      Content-Type:
      - application/json; charset=utf-8
      Date:
      - Tue, 27 Jun 2023 22:39:16 GMT
      ETag:
      - W/"647f85f4-2a2"
      Last-Modified:
      - Tue, 06 Jun 2023 19:16:04 GMT
      Server:
      - GitHub.com
      Vary:
      - Accept-Encoding
      Via:
      - 1.1 varnish
      X-Cache:
      - MISS
      X-Cache-Hits:
      - '0'
      X-Fastly-Request-ID:
      - dd59d2d6568970a8ae2f1fcb0f4de0cee15ea623
      X-GitHub-Request-Id:
      - BAAE:5722:20EFA0:2DEAE6:649B6514
      X-Served-By:
      - cache-den8227-DEN
      X-Timer:
      - S1687905556.060435,VS0,VE56
      expires:
      - Tue, 27 Jun 2023 22:49:16 GMT
      x-proxy-cache:
      - MISS
    status:
      code: 200
      message: OK
- request:
    body: null
    headers:
      Accept:
      - '*/*'
      Accept-Encoding:
      - gzip, deflate
      Connection:
      - keep-alive
      User-Agent:
      - python-requests/2.31.0
    method: GET
    uri: https://schemas.stacspec.org/v1.0.0-beta.2/item-spec/json-schema/licensing.json
  response:
    body:
      string: "{\n  \"$schema\": \"http://json-schema.org/draft-07/schema#\",\n  \"$id\":
        \"https://schemas.stacspec.org/v1.0.0-beta.2/item-spec/json-schema/licensing.json#\",\n
        \ \"title\": \"Licensing Fields\",\n  \"type\": \"object\",\n  \"properties\":
        {\n    \"license\": {\n      \"type\": \"string\",\n      \"pattern\": \"^[\\\\w\\\\-\\\\.\\\\+]+$\"\n
        \   }\n  }\n}"
    headers:
      Accept-Ranges:
      - bytes
      Access-Control-Allow-Origin:
      - '*'
      Age:
      - '0'
      Cache-Control:
      - max-age=600
      Connection:
      - keep-alive
      Content-Encoding:
      - gzip
      Content-Length:
      - '203'
      Content-Type:
      - application/json; charset=utf-8
      Date:
      - Tue, 27 Jun 2023 22:39:16 GMT
      ETag:
      - W/"647f85f4-135"
      Last-Modified:
      - Tue, 06 Jun 2023 19:16:04 GMT
      Server:
      - GitHub.com
      Vary:
      - Accept-Encoding
      Via:
      - 1.1 varnish
      X-Cache:
      - MISS
      X-Cache-Hits:
      - '0'
      X-Fastly-Request-ID:
      - 6d1b950aed6543a4db8aa157f04aa9a61cfcb728
      X-GitHub-Request-Id:
      - 4D9A:5D01:1E8325:2B7E13:649B6514
      X-Served-By:
      - cache-den8227-DEN
      X-Timer:
      - S1687905556.217408,VS0,VE54
      expires:
      - Tue, 27 Jun 2023 22:49:16 GMT
      x-origin-cache:
      - HIT
      x-proxy-cache:
      - MISS
    status:
      code: 200
      message: OK
- request:
    body: null
    headers:
      Accept:
      - '*/*'
      Accept-Encoding:
      - gzip, deflate
      Connection:
      - keep-alive
      User-Agent:
      - python-requests/2.31.0
    method: GET
    uri: https://schemas.stacspec.org/v1.0.0-beta.2/item-spec/json-schema/provider.json
  response:
    body:
      string: "{\n  \"$schema\": \"http://json-schema.org/draft-07/schema#\",\n  \"$id\":
        \"https://schemas.stacspec.org/v1.0.0-beta.2/item-spec/json-schema/provider.json#\",\n
        \ \"title\": \"Provider Fields\",\n  \"type\": \"object\",\n  \"properties\":
        {\n    \"providers\": {\n      \"title\": \"Providers\",\n      \"type\":
        \"array\",\n      \"items\": {\n        \"properties\": {\n          \"name\":
        {\n            \"title\": \"Organization name\",\n            \"type\": \"string\"\n
        \         },\n          \"description\": {\n            \"title\": \"Organization
        description\",\n            \"type\": \"string\"\n          },\n          \"roles\":
        {\n            \"title\": \"Organization roles\",\n            \"type\": \"array\",\n
        \           \"items\": {\n              \"type\": \"string\",\n              \"enum\":
        [\n                \"producer\",\n                \"licensor\",\n                \"processor\",\n
        \               \"host\"\n              ]\n            }\n          },\n          \"url\":
        {\n            \"title\": \"Organization homepage\",\n            \"type\":
        \"string\",\n            \"format\": \"url\"\n          }\n        }\n      }\n
        \   }\n  }\n}"
    headers:
      Accept-Ranges:
      - bytes
      Access-Control-Allow-Origin:
      - '*'
      Age:
      - '0'
      Cache-Control:
      - max-age=600
      Connection:
      - keep-alive
      Content-Encoding:
      - gzip
      Content-Length:
      - '332'
      Content-Type:
      - application/json; charset=utf-8
      Date:
      - Tue, 27 Jun 2023 22:39:16 GMT
      ETag:
      - W/"647f85f4-40e"
      Last-Modified:
      - Tue, 06 Jun 2023 19:16:04 GMT
      Server:
      - GitHub.com
      Vary:
      - Accept-Encoding
      Via:
      - 1.1 varnish
      X-Cache:
      - MISS
      X-Cache-Hits:
      - '0'
      X-Fastly-Request-ID:
      - 24f382d4e9e69799ba454d1b294b17161de46357
      X-GitHub-Request-Id:
      - 42D8:63B4:21A037:2E9E89:649B6514
      X-Served-By:
      - cache-den8272-DEN
      X-Timer:
      - S1687905556.385711,VS0,VE57
      expires:
      - Tue, 27 Jun 2023 22:49:16 GMT
      x-origin-cache:
      - HIT
      x-proxy-cache:
      - MISS
    status:
      code: 200
      message: OK
version: 1
