interactions:
- request:
    body: null
    headers:
      Connection:
      - close
      Host:
      - schemas.stacspec.org
      User-Agent:
      - Python-urllib/3.12
    method: GET
    uri: https://schemas.stacspec.org/v1.0.0-beta.2/item-spec/json-schema/item.json
  response:
    body:
      string: "{\n  \"$schema\": \"http://json-schema.org/draft-07/schema#\",\n  \"$id\":
        \"https://schemas.stacspec.org/v1.0.0-beta.2/item-spec/json-schema/item.json#\",\n
        \ \"title\": \"STAC Item\",\n  \"type\": \"object\",\n  \"description\": \"This
        object represents the metadata for an item in a SpatioTemporal Asset Catalog.\",\n
        \ \"allOf\": [\n    {\n      \"$ref\": \"#/definitions/core\"\n    }\n  ],\n
        \ \"definitions\": {\n    \"common_metadata\": {\n      \"allOf\": [\n        {\n
        \         \"$ref\": \"basics.json\"\n        },\n        {\n          \"$ref\":
        \"datetime.json\"\n        },\n        {\n          \"$ref\": \"instrument.json\"\n
        \       },\n        {\n          \"$ref\": \"licensing.json\"\n        },\n
        \       {\n          \"$ref\": \"provider.json\"\n        }\n      ]\n    },\n
        \   \"core\": {\n      \"allOf\": [\n        {\n          \"$ref\": \"https://geojson.org/schema/Feature.json\"\n
        \       },\n        {\n          \"oneOf\": [\n            {\n              \"type\":
        \"object\",\n              \"required\": [\n                \"geometry\",\n
        \               \"bbox\"\n              ],\n              \"properties\":
        {\n                \"geometry\": {\n                  \"$ref\": \"https://geojson.org/schema/Geometry.json\"\n
        \               },\n                \"bbox\": {\n                  \"type\":
        \"array\",\n                  \"oneOf\": [\n                    {\n                      \"minItems\":
        4,\n                      \"maxItems\": 4\n                    },\n                    {\n
        \                     \"minItems\": 6,\n                      \"maxItems\":
        6\n                    }\n                  ],\n                  \"items\":
        {\n                    \"type\": \"number\"\n                  }\n                }\n
        \             }\n            },\n            {\n              \"type\": \"object\",\n
        \             \"required\": [\n                \"geometry\"\n              ],\n
        \             \"properties\": {\n                \"geometry\": {\n                  \"type\":
        \"null\"\n                },\n                \"bbox\": {\n                  \"not\":
        {}\n                }\n              }\n            }\n          ]\n        },\n
        \       {\n          \"type\": \"object\",\n          \"required\": [\n            \"stac_version\",\n
        \           \"id\",\n            \"links\",\n            \"assets\",\n            \"properties\"\n
        \         ],\n          \"properties\": {\n            \"stac_version\": {\n
        \             \"title\": \"STAC version\",\n              \"type\": \"string\",\n
        \             \"const\": \"1.0.0-beta.2\"\n            },\n            \"stac_extensions\":
        {\n              \"title\": \"STAC extensions\",\n              \"type\":
        \"array\",\n              \"uniqueItems\": true,\n              \"items\":
        {\n                \"anyOf\": [\n                  {\n                    \"title\":
        \"Reference to a JSON Schema\",\n                    \"type\": \"string\",\n
        \                   \"format\": \"uri\"\n                  },\n                  {\n
        \                   \"title\": \"Reference to a core extension\",\n                    \"type\":
        \"string\"\n                  }\n                ]\n              }\n            },\n
        \           \"id\": {\n              \"title\": \"Provider ID\",\n              \"description\":
        \"Provider item ID\",\n              \"type\": \"string\"\n            },\n
        \           \"links\": {\n              \"title\": \"Item links\",\n              \"description\":
        \"Links to item relations\",\n              \"type\": \"array\",\n              \"items\":
        {\n                \"$ref\": \"#/definitions/link\"\n              }\n            },\n
        \           \"assets\": {\n              \"$ref\": \"#/definitions/assets\"\n
        \           },\n            \"properties\": {\n              \"$ref\": \"#/definitions/common_metadata\"\n
        \           },\n            \"collection\": {\n              \"title\": \"Collection
        ID\",\n              \"description\": \"The ID of the STAC Collection this
        Item references to.\",\n              \"type\": \"string\"\n            }\n
        \         }\n        }\n      ]\n    },\n    \"link\": {\n      \"type\":
        \"object\",\n      \"required\": [\n        \"rel\",\n        \"href\"\n      ],\n
        \     \"properties\": {\n        \"href\": {\n          \"title\": \"Link
        reference\",\n          \"type\": \"string\"\n        },\n        \"rel\":
        {\n          \"title\": \"Link relation type\",\n          \"type\": \"string\"\n
        \       },\n        \"type\": {\n          \"title\": \"Link type\",\n          \"type\":
        \"string\"\n        },\n        \"title\": {\n          \"title\": \"Link
        title\",\n          \"type\": \"string\"\n        },\n        \"created\":
        {\n          \"$ref\": \"datetime.json#/definitions/created\"\n        },\n
        \       \"updated\": {\n          \"$ref\": \"datetime.json#/definitions/updated\"\n
        \       }\n      }\n    },\n    \"assets\": {\n      \"title\": \"Asset links\",\n
        \     \"description\": \"Links to assets\",\n      \"type\": \"object\",\n
        \     \"additionalProperties\": {\n        \"$ref\": \"#/definitions/asset\"\n
        \     }\n    },\n    \"asset\": {\n      \"type\": \"object\",\n      \"required\":
        [\n        \"href\"\n      ],\n      \"properties\": {\n        \"href\":
        {\n          \"title\": \"Asset reference\",\n          \"type\": \"string\"\n
        \       },\n        \"title\": {\n          \"title\": \"Asset title\",\n
        \         \"type\": \"string\"\n        },\n        \"description\": {\n          \"title\":
        \"Asset description\",\n          \"type\": \"string\"\n        },\n        \"type\":
        {\n          \"title\": \"Asset type\",\n          \"type\": \"string\"\n
        \       },\n        \"roles\": {\n          \"title\": \"Asset roles\",\n
        \         \"type\": \"array\",\n          \"items\": {\n            \"type\":
        \"string\"\n          }\n        }\n      }\n    }\n  }\n}\n"
    headers:
      Accept-Ranges:
      - bytes
      Access-Control-Allow-Origin:
      - '*'
      Age:
      - '18'
      Cache-Control:
      - max-age=600
      Connection:
      - close
      Content-Length:
      - '5244'
      Content-Type:
      - application/json; charset=utf-8
      Date:
      - Sun, 06 Oct 2024 17:57:58 GMT
      ETag:
      - '"66e1651c-147c"'
      Last-Modified:
      - Wed, 11 Sep 2024 09:38:36 GMT
      Server:
      - GitHub.com
      Vary:
      - Accept-Encoding
      Via:
      - 1.1 varnish
      X-Cache:
      - HIT
      X-Cache-Hits:
      - '1'
      X-Fastly-Request-ID:
      - 22c5e3914639ab467e296a966dbd2760840bea9b
      X-GitHub-Request-Id:
      - 3735:687EA:3798775:3DF80EE:6702CF93
      X-Served-By:
      - cache-den8236-DEN
      X-Timer:
      - S1728237478.407844,VS0,VE1
      expires:
      - Sun, 06 Oct 2024 18:07:40 GMT
      x-proxy-cache:
      - MISS
    status:
      code: 200
      message: OK
- request:
    body: null
    headers:
      Connection:
      - close
      Host:
      - schemas.stacspec.org
      User-Agent:
      - Python-urllib/3.12
    method: GET
    uri: https://schemas.stacspec.org/v1.0.0-beta.2/item-spec/json-schema/basics.json
  response:
    body:
      string: "{\n  \"$schema\": \"http://json-schema.org/draft-07/schema#\",\n  \"$id\":
        \"https://schemas.stacspec.org/v1.0.0-beta.2/item-spec/json-schema/basics.json#\",\n
        \ \"title\": \"Basic Descriptive Fields\",\n  \"type\": \"object\",\n  \"properties\":
        {\n    \"title\": {\n      \"title\": \"Item Title\",\n      \"description\":
        \"A human-readable title describing the Item.\",\n      \"type\": \"string\"\n
        \   },\n    \"description\": {\n      \"title\": \"Item Description\",\n      \"description\":
        \"Detailed multi-line description to fully explain the Item.\",\n      \"type\":
        \"string\"\n    }\n  }\n}"
    headers:
      Accept-Ranges:
      - bytes
      Access-Control-Allow-Origin:
      - '*'
      Age:
      - '18'
      Cache-Control:
      - max-age=600
      Connection:
      - close
      Content-Length:
      - '540'
      Content-Type:
      - application/json; charset=utf-8
      Date:
      - Sun, 06 Oct 2024 17:57:58 GMT
      ETag:
      - '"66e1651c-21c"'
      Last-Modified:
      - Wed, 11 Sep 2024 09:38:36 GMT
      Server:
      - GitHub.com
      Vary:
      - Accept-Encoding
      Via:
      - 1.1 varnish
      X-Cache:
      - HIT
      X-Cache-Hits:
      - '2'
      X-Fastly-Request-ID:
      - f7ac778fce4c92780c7a264e17a9e764ea3c4162
      X-GitHub-Request-Id:
      - 39FD:88140:39A823E:4007EA8:6702CF93
      X-Served-By:
      - cache-den8223-DEN
      X-Timer:
      - S1728237478.462433,VS0,VE1
      expires:
      - Sun, 06 Oct 2024 18:07:40 GMT
      x-origin-cache:
      - HIT
      x-proxy-cache:
      - MISS
    status:
      code: 200
      message: OK
- request:
    body: null
    headers:
      Connection:
      - close
      Host:
      - schemas.stacspec.org
      User-Agent:
      - Python-urllib/3.12
    method: GET
    uri: https://schemas.stacspec.org/v1.0.0-beta.2/item-spec/json-schema/datetime.json
  response:
    body:
      string: "{\n  \"$schema\": \"http://json-schema.org/draft-07/schema#\",\n  \"$id\":
        \"https://schemas.stacspec.org/v1.0.0-beta.2/item-spec/json-schema/datetime.json#\",\n
        \ \"title\": \"Date and Time Fields\",\n  \"type\": \"object\",\n  \"allOf\":
        [\n    {\n      \"properties\": {\n        \"created\": {\n          \"$ref\":
        \"#/definitions/created\"\n        },\n        \"updated\": {\n          \"$ref\":
        \"#/definitions/updated\"\n        }\n      }\n    },\n    {\n      \"anyOf\":
        [\n        {\n          \"required\": [\n            \"datetime\"\n          ],\n
        \         \"properties\": {\n            \"datetime\": {\n              \"$ref\":
        \"#/definitions/datetime\"\n            },\n            \"start_datetime\":
        {\n              \"$ref\": \"#/definitions/start_datetime\"\n            },
        \n            \"end_datetime\": {\n              \"$ref\": \"#/definitions/end_datetime\"\n
        \           }\n          },\n          \"dependencies\": {\n            \"start_datetime\":
        {\n              \"required\": [\n                \"end_datetime\"\n              ]\n
        \           },\n            \"end_datetime\": {\n              \"required\":
        [\n                \"start_datetime\"\n              ]\n            }\n          }\n
        \       },\n        {\n          \"required\": [\n            \"datetime\",\n
        \           \"start_datetime\",\n            \"end_datetime\"\n          ],\n
        \         \"properties\": {\n            \"datetime\": {\n              \"oneOf\":
        [\n                {\n                  \"$ref\": \"#/definitions/datetime\"\n
        \               },\n                {\n                  \"type\": [\"null\"],\n
        \                 \"const\": null\n                }\n              ]\n            },\n
        \           \"start_datetime\": {\n              \"$ref\": \"#/definitions/start_datetime\"\n
        \           }, \n            \"end_datetime\": {\n              \"$ref\":
        \"#/definitions/end_datetime\"\n            }\n          }\n        }\n      ]\n
        \   }\n  ],\n  \"definitions\": {\n    \"datetime\": {\n      \"title\": \"Date
        and Time\",\n      \"description\": \"The searchable date/time of the assets,
        in UTC (Formatted in RFC 3339) \",\n      \"type\": \"string\",\n      \"format\":
        \"date-time\"\n    },\n    \"start_datetime\": {\n      \"title\": \"Start
        Date and Time\",\n      \"description\": \"The searchable start date/time
        of the assets, in UTC (Formatted in RFC 3339) \",\n      \"type\": \"string\",\n
        \     \"format\": \"date-time\"\n    }, \n    \"end_datetime\": {\n      \"title\":
        \"End Date and Time\", \n      \"description\": \"The searchable end date/time
        of the assets, in UTC (Formatted in RFC 3339) \",                  \n      \"type\":
        \"string\",\n      \"format\": \"date-time\"\n    },\n    \"created\": {\n
        \     \"title\": \"Creation Time\",\n      \"type\": \"string\",\n      \"format\":
        \"date-time\"\n    },\n    \"updated\": {\n      \"title\": \"Last Update
        Time\",\n      \"type\": \"string\",\n      \"format\": \"date-time\"\n    }\n
        \ }\n}"
    headers:
      Accept-Ranges:
      - bytes
      Access-Control-Allow-Origin:
      - '*'
      Age:
      - '18'
      Cache-Control:
      - max-age=600
      Connection:
      - close
      Content-Length:
      - '2690'
      Content-Type:
      - application/json; charset=utf-8
      Date:
      - Sun, 06 Oct 2024 17:57:58 GMT
      ETag:
      - '"66e1651c-a82"'
      Last-Modified:
      - Wed, 11 Sep 2024 09:38:36 GMT
      Server:
      - GitHub.com
      Vary:
      - Accept-Encoding
      Via:
      - 1.1 varnish
      X-Cache:
      - HIT
      X-Cache-Hits:
      - '1'
      X-Fastly-Request-ID:
      - 5c086af56642bde03b448f9bd656cea4069729e2
      X-GitHub-Request-Id:
      - C3DF:3932BD:3BFA7C2:425A45C:6702CF93
      X-Served-By:
      - cache-den8220-DEN
      X-Timer:
      - S1728237478.488281,VS0,VE1
      expires:
      - Sun, 06 Oct 2024 18:07:40 GMT
      x-origin-cache:
      - HIT
      x-proxy-cache:
      - MISS
    status:
      code: 200
      message: OK
- request:
    body: null
    headers:
      Connection:
      - close
      Host:
      - schemas.stacspec.org
      User-Agent:
      - Python-urllib/3.12
    method: GET
    uri: https://schemas.stacspec.org/v1.0.0-beta.2/item-spec/json-schema/instrument.json
  response:
    body:
      string: "{\n  \"$schema\": \"http://json-schema.org/draft-07/schema#\",\n  \"$id\":
        \"https://schemas.stacspec.org/v1.0.0-beta.2/item-spec/json-schema/instrument.json#\",\n
        \ \"title\": \"Instrument Fields\",\n  \"type\": \"object\",\n  \"properties\":
        {\n    \"platform\": {\n      \"title\": \"Platform\",\n      \"type\": \"string\"\n
        \   },\n    \"instruments\": {\n      \"title\": \"Instruments\",\n      \"type\":
        \"array\",\n      \"items\": {\n        \"type\": \"string\"\n      }\n    },\n
        \   \"constellation\": {\n      \"title\": \"Constellation\",\n      \"type\":
        \"string\"\n    },\n    \"mission\": {\n      \"title\": \"Mission\",\n      \"type\":
        \"string\"\n    },\n    \"gsd\": {\n      \"title\": \"Ground Sample Distance\",\n
        \     \"type\": \"number\"\n    }\n  }\n}"
    headers:
      Accept-Ranges:
      - bytes
      Access-Control-Allow-Origin:
      - '*'
      Age:
      - '18'
      Cache-Control:
      - max-age=600
      Connection:
      - close
      Content-Length:
      - '674'
      Content-Type:
      - application/json; charset=utf-8
      Date:
      - Sun, 06 Oct 2024 17:57:58 GMT
      ETag:
      - '"66e1651c-2a2"'
      Last-Modified:
      - Wed, 11 Sep 2024 09:38:36 GMT
      Server:
      - GitHub.com
      Vary:
      - Accept-Encoding
      Via:
      - 1.1 varnish
      X-Cache:
      - HIT
      X-Cache-Hits:
      - '1'
      X-Fastly-Request-ID:
      - c5017ef0c83d4e47c653e42410d1c10ecc241db8
      X-GitHub-Request-Id:
      - E409:2C5686:37942D5:3DF3B2A:6702CF93
      X-Served-By:
      - cache-den8244-DEN
      X-Timer:
      - S1728237479.520770,VS0,VE2
      expires:
      - Sun, 06 Oct 2024 18:07:40 GMT
      x-origin-cache:
      - HIT
      x-proxy-cache:
      - MISS
    status:
      code: 200
      message: OK
- request:
    body: null
    headers:
      Connection:
      - close
      Host:
      - schemas.stacspec.org
      User-Agent:
      - Python-urllib/3.12
    method: GET
    uri: https://schemas.stacspec.org/v1.0.0-beta.2/item-spec/json-schema/licensing.json
  response:
    body:
      string: "{\n  \"$schema\": \"http://json-schema.org/draft-07/schema#\",\n  \"$id\":
        \"https://schemas.stacspec.org/v1.0.0-beta.2/item-spec/json-schema/licensing.json#\",\n
        \ \"title\": \"Licensing Fields\",\n  \"type\": \"object\",\n  \"properties\":
        {\n    \"license\": {\n      \"type\": \"string\",\n      \"pattern\": \"^[\\\\w\\\\-\\\\.\\\\+]+$\"\n
        \   }\n  }\n}"
    headers:
      Accept-Ranges:
      - bytes
      Access-Control-Allow-Origin:
      - '*'
      Age:
      - '18'
      Cache-Control:
      - max-age=600
      Connection:
      - close
      Content-Length:
      - '309'
      Content-Type:
      - application/json; charset=utf-8
      Date:
      - Sun, 06 Oct 2024 17:57:58 GMT
      ETag:
      - '"66e1651c-135"'
      Last-Modified:
      - Wed, 11 Sep 2024 09:38:36 GMT
      Server:
      - GitHub.com
      Vary:
      - Accept-Encoding
      Via:
      - 1.1 varnish
      X-Cache:
      - HIT
      X-Cache-Hits:
      - '1'
      X-Fastly-Request-ID:
      - 2b9d4005cac51a2792e75cfcf62a3fdfdc7517b9
      X-GitHub-Request-Id:
      - C7A3:25A7B1:3C07C25:4267971:6702CF93
      X-Served-By:
      - cache-den8272-DEN
      X-Timer:
      - S1728237479.550889,VS0,VE1
      expires:
      - Sun, 06 Oct 2024 18:07:40 GMT
      x-origin-cache:
      - HIT
      x-proxy-cache:
      - MISS
    status:
      code: 200
      message: OK
- request:
    body: null
    headers:
      Connection:
      - close
      Host:
      - schemas.stacspec.org
      User-Agent:
      - Python-urllib/3.12
    method: GET
    uri: https://schemas.stacspec.org/v1.0.0-beta.2/item-spec/json-schema/provider.json
  response:
    body:
      string: "{\n  \"$schema\": \"http://json-schema.org/draft-07/schema#\",\n  \"$id\":
        \"https://schemas.stacspec.org/v1.0.0-beta.2/item-spec/json-schema/provider.json#\",\n
        \ \"title\": \"Provider Fields\",\n  \"type\": \"object\",\n  \"properties\":
        {\n    \"providers\": {\n      \"title\": \"Providers\",\n      \"type\":
        \"array\",\n      \"items\": {\n        \"properties\": {\n          \"name\":
        {\n            \"title\": \"Organization name\",\n            \"type\": \"string\"\n
        \         },\n          \"description\": {\n            \"title\": \"Organization
        description\",\n            \"type\": \"string\"\n          },\n          \"roles\":
        {\n            \"title\": \"Organization roles\",\n            \"type\": \"array\",\n
        \           \"items\": {\n              \"type\": \"string\",\n              \"enum\":
        [\n                \"producer\",\n                \"licensor\",\n                \"processor\",\n
        \               \"host\"\n              ]\n            }\n          },\n          \"url\":
        {\n            \"title\": \"Organization homepage\",\n            \"type\":
        \"string\",\n            \"format\": \"url\"\n          }\n        }\n      }\n
        \   }\n  }\n}"
    headers:
      Accept-Ranges:
      - bytes
      Access-Control-Allow-Origin:
      - '*'
      Age:
      - '18'
      Cache-Control:
      - max-age=600
      Connection:
      - close
      Content-Length:
      - '1038'
      Content-Type:
      - application/json; charset=utf-8
      Date:
      - Sun, 06 Oct 2024 17:57:58 GMT
      ETag:
      - '"66e1651c-40e"'
      Last-Modified:
      - Wed, 11 Sep 2024 09:38:36 GMT
      Server:
      - GitHub.com
      Vary:
      - Accept-Encoding
      Via:
      - 1.1 varnish
      X-Cache:
      - HIT
      X-Cache-Hits:
      - '2'
      X-Fastly-Request-ID:
      - 82555fbfadc5d49494f2da9c71cc69263756f697
      X-GitHub-Request-Id:
      - 424E:23FCDC:39ED650:404D361:6702CF8A
      X-Served-By:
      - cache-den8223-DEN
      X-Timer:
      - S1728237479.577119,VS0,VE1
      expires:
      - Sun, 06 Oct 2024 18:07:40 GMT
      x-origin-cache:
      - HIT
      x-proxy-cache:
      - MISS
    status:
      code: 200
      message: OK
- request:
    body: null
    headers:
      Connection:
      - close
      Host:
      - schemas.stacspec.org
      User-Agent:
      - Python-urllib/3.12
    method: GET
    uri: https://schemas.stacspec.org/v1.0.0-beta.2/extensions/eo/json-schema/schema.json
  response:
    body:
      string: "{\n  \"$schema\": \"http://json-schema.org/draft-07/schema#\",\n  \"$id\":
        \"https://schemas.stacspec.org/v1.0.0-beta.2/extensions/eo/json-schema/schema.json#\",\n
        \ \"title\": \"EO Extension\",\n  \"description\": \"STAC EO Extension to
        a STAC Item.\",\n  \"allOf\": [\n    {\n      \"$ref\": \"../../../item-spec/json-schema/item.json\"\n
        \   },\n    {\n      \"$ref\": \"#/definitions/eo\"\n    }\n  ],\n  \"definitions\":
        {\n    \"eo\": {\n      \"type\": \"object\",\n      \"required\": [\n        \"stac_extensions\",\n
        \       \"properties\",\n        \"assets\"\n      ],\n      \"properties\":
        {\n        \"stac_extensions\": {\n          \"type\": \"array\",\n          \"contains\":
        {\n            \"enum\": [\n              \"eo\",\n              \"https://schemas.stacspec.org/v1.0.0-beta.2/extensions/eo/json-schema/schema.json\"\n
        \           ]\n          }\n        },\n        \"properties\": {\n          \"type\":
        \"object\",\n          \"properties\": {\n            \"eo:bands\": {\n              \"$ref\":
        \"#/definitions/bands\"\n            },\n            \"eo:cloud_cover\": {\n
        \             \"title\": \"Cloud Cover\",\n              \"type\": \"number\",\n
        \             \"minimum\": 0,\n              \"maximum\": 100\n            }\n
        \         }\n        },\n        \"assets\": {\n          \"type\": \"object\",\n
        \         \"additionalProperties\": {\n            \"type\": \"object\",\n
        \           \"properties\": {\n              \"eo:bands\": {\n                \"$ref\":
        \"#/definitions/bands\"\n              }\n            }\n          }\n        }\n
        \     }\n    },\n    \"bands\": {\n      \"title\": \"Bands\",\n      \"type\":
        \"array\",\n      \"minItems\": 1,\n      \"items\": {\n        \"properties\":
        {\n          \"name\": {\n            \"title\": \"Name of the band\",\n            \"type\":
        \"string\"\n          },\n          \"common_name\": {\n            \"title\":
        \"Common Name of the band\",\n            \"type\": \"string\"\n          },\n
        \         \"center_wavelength\": {\n            \"title\": \"Center Wavelength\",\n
        \           \"type\": \"number\"\n          },\n          \"full_width_half_max\":
        {\n            \"title\": \"Full Width Half Max (FWHM)\",\n            \"type\":
        \"number\"\n          }\n        }\n      }\n    }\n  }\n}"
    headers:
      Accept-Ranges:
      - bytes
      Access-Control-Allow-Origin:
      - '*'
      Age:
      - '14'
      Cache-Control:
      - max-age=600
      Connection:
      - close
      Content-Length:
      - '2053'
      Content-Type:
      - application/json; charset=utf-8
      Date:
      - Sun, 06 Oct 2024 17:57:58 GMT
      ETag:
      - '"66e1651c-805"'
      Last-Modified:
      - Wed, 11 Sep 2024 09:38:36 GMT
      Server:
      - GitHub.com
      Vary:
      - Accept-Encoding
      Via:
      - 1.1 varnish
      X-Cache:
      - HIT
      X-Cache-Hits:
      - '1'
      X-Fastly-Request-ID:
      - 055cee478c45bb1d8ef98d2a9857bcc179821023
      X-GitHub-Request-Id:
      - E8D9:1C7115:3966C49:3FC69B2:6702CF98
      X-Served-By:
      - cache-den8283-DEN
      X-Timer:
      - S1728237479.600120,VS0,VE2
      expires:
      - Sun, 06 Oct 2024 18:07:45 GMT
      x-origin-cache:
      - HIT
      x-proxy-cache:
      - MISS
    status:
      code: 200
      message: OK
- request:
    body: null
    headers:
      Connection:
      - close
      Host:
      - schemas.stacspec.org
      User-Agent:
      - Python-urllib/3.12
    method: GET
    uri: https://schemas.stacspec.org/v1.0.0-beta.2/extensions/view/json-schema/schema.json
  response:
    body:
      string: "{\n  \"$schema\": \"http://json-schema.org/draft-07/schema#\",\n  \"$id\":
        \"https://schemas.stacspec.org/v1.0.0-beta.2/extensions/view/json-schema/schema.json#\",\n
        \ \"title\": \"View Geometry Extension\",\n  \"description\": \"STAC View
        Geometry Extension to a STAC Item.\",\n  \"allOf\": [\n    {\n      \"$ref\":
        \"../../../item-spec/json-schema/item.json\"\n    },\n    {\n      \"$ref\":
        \"#/definitions/view\"\n    }\n  ],\n  \"definitions\": {\n    \"view\": {\n
        \     \"type\": \"object\",\n      \"required\": [\n        \"stac_extensions\",\n
        \       \"properties\"\n      ],\n      \"properties\": {\n        \"stac_extensions\":
        {\n          \"type\": \"array\",\n          \"contains\": {\n            \"enum\":
        [\n              \"view\",\n              \"https://schemas.stacspec.org/v1.0.0-beta.2/extensions/view/json-schema/schema.json\"\n
        \           ]\n          }\n        },\n        \"properties\": {\n          \"type\":
        \"object\",\n          \"anyOf\": [\n            {\"required\": [\"view:off_nadir\"]},\n
        \           {\"required\": [\"view:incidence_angle\"]},\n            {\"required\":
        [\"view:azimuth\"]},\n            {\"required\": [\"view:sun_azimuth\"]},\n
        \           {\"required\": [\"view:sun_elevation\"]}\n          ],\n          \"properties\":
        {\n            \"view:off_nadir\": {\n              \"title\": \"Off Nadir\",\n
        \             \"type\": \"number\",\n              \"minimum\": 0,\n              \"maximum\":
        90\n            },\n            \"view:incidence_angle\": {\n              \"title\":
        \"Center incidence angle\",\n              \"type\": \"number\",\n              \"minimum\":
        0,\n              \"maximum\": 90\n            },\n            \"view:azimuth\":
        {\n              \"title\": \"Azimuth angle\",\n              \"type\": \"number\",\n
        \             \"minimum\": 0,\n              \"maximum\": 360\n            },\n
        \           \"view:sun_azimuth\": {\n              \"title\": \"Sun Azimuth\",\n
        \             \"type\": \"number\",\n              \"minimum\": 0,\n              \"maximum\":
        360\n            },\n            \"view:sun_elevation\": {\n              \"title\":
        \"Sun Elevation\",\n              \"type\": \"number\",\n              \"minimum\":
        0,\n              \"maximum\": 90\n            }\n          }\n        }\n
        \     }\n    }\n  }\n}"
    headers:
      Accept-Ranges:
      - bytes
      Access-Control-Allow-Origin:
      - '*'
      Age:
      - '13'
      Cache-Control:
      - max-age=600
      Connection:
      - close
      Content-Length:
      - '2089'
      Content-Type:
      - application/json; charset=utf-8
      Date:
      - Sun, 06 Oct 2024 17:57:58 GMT
      ETag:
      - '"66e1651c-829"'
      Last-Modified:
      - Wed, 11 Sep 2024 09:38:36 GMT
      Server:
      - GitHub.com
      Vary:
      - Accept-Encoding
      Via:
      - 1.1 varnish
      X-Cache:
      - HIT
      X-Cache-Hits:
      - '1'
      X-Fastly-Request-ID:
      - 081e87563806d74d68f4ee05656a0ad076efaae9
      X-GitHub-Request-Id:
      - AE2B:2BEEA3:3A11710:4071547:6702CF98
      X-Served-By:
      - cache-den8253-DEN
      X-Timer:
      - S1728237479.632222,VS0,VE2
      expires:
      - Sun, 06 Oct 2024 18:07:45 GMT
      x-origin-cache:
      - HIT
      x-proxy-cache:
      - MISS
    status:
      code: 200
      message: OK
version: 1
