interactions:
- request:
    body: null
    headers:
      Connection:
      - close
      Host:
      - raw.githubusercontent.com
      User-Agent:
      - Python-urllib/3.9
    method: GET
    uri: https://raw.githubusercontent.com/radiantearth/stac-spec/v0.9.0/item-spec/json-schema/item.json
  response:
    body:
      string: "{\n  \"$schema\": \"http://json-schema.org/draft-07/schema#\",\n  \"$id\":
        \"item.json#\",\n  \"title\": \"STAC Item\",\n  \"type\": \"object\",\n  \"description\":
        \"This object represents the metadata for an item in a SpatioTemporal Asset
        Catalog.\",\n  \"additionalProperties\": true,\n  \"allOf\": [\n    {\n      \"$ref\":
        \"#/definitions/core\"\n    }\n  ],\n  \"definitions\": {\n    \"common_metadata\":
        {\n      \"allOf\": [\n        {\n          \"$ref\": \"basics.json\"\n        },\n
        \       {\n          \"$ref\": \"datetimerange.json\"\n        },\n        {\n
        \         \"$ref\": \"instrument.json\"\n        },\n        {\n          \"$ref\":
        \"licensing.json\"\n        },\n        {\n          \"$ref\": \"metadata.json\"\n
        \       },\n        {\n          \"$ref\": \"provider.json\"\n        }\n
        \     ]\n    },\n    \"core\": {\n      \"allOf\": [\n        {\n          \"$ref\":
        \"https://geojson.org/schema/Feature.json\"\n        },\n        {\n          \"type\":
        \"object\",\n          \"required\": [\n            \"stac_version\",\n            \"id\",\n
        \           \"links\",\n            \"assets\",\n            \"bbox\",\n            \"properties\"\n
        \         ],\n          \"properties\": {\n            \"stac_version\": {\n
        \             \"title\": \"STAC version\",\n              \"type\": \"string\",\n
        \             \"const\": \"0.9.0\"\n            },\n            \"stac_extensions\":
        {\n              \"title\": \"STAC extensions\",\n              \"type\":
        \"array\",\n              \"uniqueItems\": true,\n              \"items\":
        {\n                \"anyOf\": [\n                  {\n                    \"title\":
        \"Reference to a JSON Schema\",\n                    \"type\": \"string\",\n
        \                   \"format\": \"uri\"\n                  },\n                  {\n
        \                   \"title\": \"Reference to a core extension\",\n                    \"type\":
        \"string\",\n                    \"enum\": [\n                      \"checksum\",\n
        \                     \"commons\",\n                      \"datacube\",\n
        \                     \"eo\",\n                      \"label\",\n                      \"pointcloud\",\n
        \                     \"projection\",\n                      \"sar\",\n                      \"sat\",\n
        \                     \"scientific\",\n                      \"version\",\n
        \                     \"view\"\n                    ]\n                  }\n
        \               ]\n              }\n            },\n            \"id\": {\n
        \             \"title\": \"Provider ID\",\n              \"description\":
        \"Provider item ID\",\n              \"type\": \"string\"\n            },\n
        \           \"bbox\": {\n              \"type\": \"array\",\n              \"minItems\":
        4,\n              \"items\": {\n                \"type\": \"number\"\n              }\n
        \           },\n            \"links\": {\n              \"title\": \"Item
        links\",\n              \"description\": \"Links to item relations\",\n              \"type\":
        \"array\",\n              \"items\": {\n                \"$ref\": \"#/definitions/link\"\n
        \             }\n            },\n            \"assets\": {\n              \"title\":
        \"Asset links\",\n              \"description\": \"Links to assets\",\n              \"type\":
        \"object\",\n              \"additionalProperties\": {\n                \"$ref\":
        \"#/definitions/asset\"\n              }\n            },\n            \"properties\":
        {\n              \"allOf\": [\n                {\n                  \"type\":
        \"object\",\n                  \"required\": [\n                    \"datetime\"\n
        \                 ],\n                  \"properties\": {\n                    \"datetime\":
        {\n                      \"title\": \"Date and Time\",\n                      \"description\":
        \"The searchable date/time of the assets, in UTC (Formatted in RFC 3339) \",\n
        \                     \"type\": \"string\",\n                      \"format\":
        \"date-time\"\n                    }\n                  }\n                },\n
        \               {\n                  \"$ref\": \"#/definitions/common_metadata\"\n
        \               }\n              ]\n            },\n            \"collection\":
        {\n              \"title\": \"Collection ID\",\n              \"description\":
        \"The ID of the STAC Collection this Item references to.\",\n              \"type\":
        \"string\"\n            }\n          }\n        }\n      ]\n    },\n    \"link\":
        {\n      \"type\": \"object\",\n      \"required\": [\n        \"rel\",\n
        \       \"href\"\n      ],\n      \"properties\": {\n        \"href\": {\n
        \         \"title\": \"Link reference\",\n          \"type\": \"string\"\n
        \       },\n        \"rel\": {\n          \"title\": \"Link relation type\",\n
        \         \"type\": \"string\"\n        },\n        \"type\": {\n          \"title\":
        \"Link type\",\n          \"type\": \"string\"\n        },\n        \"title\":
        {\n          \"title\": \"Link title\",\n          \"type\": \"string\"\n
        \       }\n      }\n    },\n    \"asset\": {\n      \"type\": \"object\",\n
        \     \"required\": [\n        \"href\"\n      ],\n      \"properties\": {\n
        \       \"href\": {\n          \"title\": \"Asset reference\",\n          \"type\":
        \"string\"\n        },\n        \"title\": {\n          \"title\": \"Asset
        title\",\n          \"type\": \"string\"\n        },\n        \"description\":
        {\n          \"title\": \"Asset description\",\n          \"type\": \"string\"\n
        \       },\n        \"type\": {\n          \"title\": \"Asset type\",\n          \"type\":
        \"string\"\n        },\n        \"roles\": {\n          \"title\": \"Asset
        roles\",\n          \"type\": \"array\",\n          \"items\": {\n            \"type\":
        \"string\"\n          }\n        }\n      }\n    }\n  }\n}\n"
    headers:
      Accept-Ranges:
      - bytes
      Access-Control-Allow-Origin:
      - '*'
      Cache-Control:
      - max-age=300
      Connection:
      - close
      Content-Length:
      - '5137'
      Content-Security-Policy:
      - default-src 'none'; style-src 'unsafe-inline'; sandbox
      Content-Type:
      - text/plain; charset=utf-8
      Cross-Origin-Resource-Policy:
      - cross-origin
      Date:
      - Wed, 13 Sep 2023 17:58:55 GMT
      ETag:
      - '"eb4ef35f5071c45c7b53e7fe6ef92a682455a0de207fcbe27507488c4bfcc9ca"'
      Expires:
      - Wed, 13 Sep 2023 18:03:55 GMT
      Source-Age:
      - '0'
      Strict-Transport-Security:
      - max-age=31536000
      Vary:
      - Authorization,Accept-Encoding,Origin
      Via:
      - 1.1 varnish
      X-Cache:
      - HIT
      X-Cache-Hits:
      - '1'
      X-Content-Type-Options:
      - nosniff
      X-Fastly-Request-ID:
      - 364b6b1e86c80f75a44f5dd954967219fffcf4db
      X-Frame-Options:
      - deny
      X-GitHub-Request-Id:
      - E254:108A:1FA3BE:25CC1F:6501F4D1
      X-Served-By:
      - cache-bos4657-BOS
      X-Timer:
      - S1694627935.369158,VS0,VE88
      X-XSS-Protection:
      - 1; mode=block
    status:
      code: 200
      message: OK
- request:
    body: null
    headers:
      Connection:
      - close
      Host:
      - raw.githubusercontent.com
      User-Agent:
      - Python-urllib/3.9
    method: GET
    uri: https://raw.githubusercontent.com/radiantearth/stac-spec/v0.9.0/item-spec/json-schema/basics.json
  response:
    body:
      string: "{\n  \"$schema\": \"http://json-schema.org/draft-07/schema#\",\n  \"$id\":
        \"basics.json#\",\n  \"title\": \"Basic Descriptive Fields\",\n  \"type\":
        \"object\",\n  \"properties\": {\n    \"title\": {\n      \"title\": \"Item
        Title\",\n      \"description\": \"A human-readable title describing the Item.\",\n
        \     \"type\": \"string\"\n    },\n    \"description\": {\n      \"title\":
        \"Item Description\",\n      \"description\": \"Detailed multi-line description
        to fully explain the Item.\",\n      \"type\": \"string\"\n    }\n  }\n}"
    headers:
      Accept-Ranges:
      - bytes
      Access-Control-Allow-Origin:
      - '*'
      Cache-Control:
      - max-age=300
      Connection:
      - close
      Content-Length:
      - '475'
      Content-Security-Policy:
      - default-src 'none'; style-src 'unsafe-inline'; sandbox
      Content-Type:
      - text/plain; charset=utf-8
      Cross-Origin-Resource-Policy:
      - cross-origin
      Date:
      - Wed, 13 Sep 2023 17:58:55 GMT
      ETag:
      - '"2436fa8ce8356cb57ec6581098dc3ea04f5395558aaca6e4008e09eb43f0a9db"'
      Expires:
      - Wed, 13 Sep 2023 18:03:55 GMT
      Source-Age:
      - '0'
      Strict-Transport-Security:
      - max-age=31536000
      Vary:
      - Authorization,Accept-Encoding,Origin
      Via:
      - 1.1 varnish
      X-Cache:
      - HIT
      X-Cache-Hits:
      - '1'
      X-Content-Type-Options:
      - nosniff
      X-Fastly-Request-ID:
      - a4a373d3843e53bfe3124795f720d94d39ed0fdf
      X-Frame-Options:
      - deny
      X-GitHub-Request-Id:
      - F2F8:2ED4:81B106:9C992B:6501F4D2
      X-Served-By:
      - cache-bos4628-BOS
      X-Timer:
      - S1694627936.535180,VS0,VE82
      X-XSS-Protection:
      - 1; mode=block
    status:
      code: 200
      message: OK
- request:
    body: null
    headers:
      Connection:
      - close
      Host:
      - raw.githubusercontent.com
      User-Agent:
      - Python-urllib/3.9
    method: GET
    uri: https://raw.githubusercontent.com/radiantearth/stac-spec/v0.9.0/item-spec/json-schema/datetimerange.json
  response:
    body:
      string: "{\n  \"$schema\": \"http://json-schema.org/draft-07/schema#\",\n  \"$id\":
        \"schema.json#\",\n  \"title\": \"Date and Time Range Fields\",\n  \"type\":
        \"object\",\n  \"properties\": {\n    \"start_datetime\": {\n      \"title\":
        \"Start Date and Time\",\n      \"description\": \"The searchable start date/time
        of the assets, in UTC (Formatted in RFC 3339) \",\n      \"type\": \"string\",\n
        \     \"format\": \"date-time\"\n    }, \n    \"end_datetime\": {\n      \"title\":
        \"End Date and Time\", \n      \"description\": \"The searchable end date/time
        of the assets, in UTC (Formatted in RFC 3339) \",                  \n      \"type\":
        \"string\",\n      \"format\": \"date-time\"\n    }\n  },\n  \"dependencies\":
        {\n    \"start_datetime\": {\n      \"required\": [\n        \"end_datetime\"\n
        \     ]\n    },\n    \"end_datetime\": {\n      \"required\": [\n        \"start_datetime\"\n
        \     ]\n    }\n  }\n}"
    headers:
      Accept-Ranges:
      - bytes
      Access-Control-Allow-Origin:
      - '*'
      Cache-Control:
      - max-age=300
      Connection:
      - close
      Content-Length:
      - '814'
      Content-Security-Policy:
      - default-src 'none'; style-src 'unsafe-inline'; sandbox
      Content-Type:
      - text/plain; charset=utf-8
      Cross-Origin-Resource-Policy:
      - cross-origin
      Date:
      - Wed, 13 Sep 2023 17:58:55 GMT
      ETag:
      - '"e1248a7fa9f6feeddb9c683a0fcfcab1b8ea66ae5db2d9a36f0602d44879a0f8"'
      Expires:
      - Wed, 13 Sep 2023 18:03:55 GMT
      Source-Age:
      - '0'
      Strict-Transport-Security:
      - max-age=31536000
      Vary:
      - Authorization,Accept-Encoding,Origin
      Via:
      - 1.1 varnish
      X-Cache:
      - HIT
      X-Cache-Hits:
      - '1'
      X-Content-Type-Options:
      - nosniff
      X-Fastly-Request-ID:
      - 471e3ba91f68ed6df2f2bb9aedec22324f07389e
      X-Frame-Options:
      - deny
      X-GitHub-Request-Id:
      - 52C2:1152:742B61:8A8B48:6501F4D3
      X-Served-By:
      - cache-bos4672-BOS
      X-Timer:
      - S1694627936.704879,VS0,VE120
      X-XSS-Protection:
      - 1; mode=block
    status:
      code: 200
      message: OK
- request:
    body: null
    headers:
      Connection:
      - close
      Host:
      - raw.githubusercontent.com
      User-Agent:
      - Python-urllib/3.9
    method: GET
    uri: https://raw.githubusercontent.com/radiantearth/stac-spec/v0.9.0/item-spec/json-schema/instrument.json
  response:
    body:
      string: "{\n  \"$schema\": \"http://json-schema.org/draft-07/schema#\",\n  \"$id\":
        \"instrument.json#\",\n  \"title\": \"Instrument Fields\",\n  \"type\": \"object\",\n
        \ \"properties\": {\n    \"platform\": {\n      \"title\": \"Platform\",\n
        \     \"type\": \"string\"\n    },\n    \"instruments\": {\n      \"title\":
        \"Instruments\",\n      \"type\": \"array\",\n      \"items\": {\n        \"type\":
        \"string\"\n      }\n    },\n    \"constellation\": {\n      \"title\": \"Constellation\",\n
        \     \"type\": \"string\"\n    },\n    \"mission\": {\n      \"title\": \"Mission\",\n
        \     \"type\": \"string\"\n    }\n  }\n}"
    headers:
      Accept-Ranges:
      - bytes
      Access-Control-Allow-Origin:
      - '*'
      Cache-Control:
      - max-age=300
      Connection:
      - close
      Content-Length:
      - '525'
      Content-Security-Policy:
      - default-src 'none'; style-src 'unsafe-inline'; sandbox
      Content-Type:
      - text/plain; charset=utf-8
      Cross-Origin-Resource-Policy:
      - cross-origin
      Date:
      - Wed, 13 Sep 2023 17:58:56 GMT
      ETag:
      - '"84c39a084fe100d85a10cdeef11399cb06ceed2c623ee37cfbdb03f85d39477c"'
      Expires:
      - Wed, 13 Sep 2023 18:03:56 GMT
      Source-Age:
      - '0'
      Strict-Transport-Security:
      - max-age=31536000
      Vary:
      - Authorization,Accept-Encoding,Origin
      Via:
      - 1.1 varnish
      X-Cache:
      - HIT
      X-Cache-Hits:
      - '1'
      X-Content-Type-Options:
      - nosniff
      X-Fastly-Request-ID:
      - 1389888f817462ae1a70ad28122bf32f9fceb299
      X-Frame-Options:
      - deny
      X-GitHub-Request-Id:
      - 1B6E:6C49:8DD52E:A8BE65:6501F4D2
      X-Served-By:
      - cache-bos4681-BOS
      X-Timer:
      - S1694627936.945545,VS0,VE113
      X-XSS-Protection:
      - 1; mode=block
    status:
      code: 200
      message: OK
- request:
    body: null
    headers:
      Connection:
      - close
      Host:
      - raw.githubusercontent.com
      User-Agent:
      - Python-urllib/3.9
    method: GET
    uri: https://raw.githubusercontent.com/radiantearth/stac-spec/v0.9.0/item-spec/json-schema/licensing.json
  response:
    body:
      string: "{\n  \"$schema\": \"http://json-schema.org/draft-07/schema#\",\n  \"$id\":
        \"licensing.json#\",\n  \"title\": \"Licensing Fields\",\n  \"type\": \"object\",\n
        \ \"properties\": {\n    \"license\": {\n      \"type\": \"string\",\n      \"pattern\":
        \"^[\\\\w\\\\-\\\\.\\\\+]+$\"\n    }\n  }\n}"
    headers:
      Accept-Ranges:
      - bytes
      Access-Control-Allow-Origin:
      - '*'
      Cache-Control:
      - max-age=300
      Connection:
      - close
      Content-Length:
      - '244'
      Content-Security-Policy:
      - default-src 'none'; style-src 'unsafe-inline'; sandbox
      Content-Type:
      - text/plain; charset=utf-8
      Cross-Origin-Resource-Policy:
      - cross-origin
      Date:
      - Wed, 13 Sep 2023 17:58:56 GMT
      ETag:
      - '"d2cd4998f5154410f2dc79b42af5baaf118454186cee8d12066a5f42d3e821fc"'
      Expires:
      - Wed, 13 Sep 2023 18:03:56 GMT
      Source-Age:
      - '0'
      Strict-Transport-Security:
      - max-age=31536000
      Vary:
      - Authorization,Accept-Encoding,Origin
      Via:
      - 1.1 varnish
      X-Cache:
      - HIT
      X-Cache-Hits:
      - '1'
      X-Content-Type-Options:
      - nosniff
      X-Fastly-Request-ID:
      - 12d6d2ff086ba29c406c6471b29b2d6e5e2ebbf9
      X-Frame-Options:
      - deny
      X-GitHub-Request-Id:
      - 75BC:4E88:845C1C:9F426A:6501F4D4
      X-Served-By:
      - cache-bos4682-BOS
      X-Timer:
      - S1694627936.183941,VS0,VE146
      X-XSS-Protection:
      - 1; mode=block
    status:
      code: 200
      message: OK
- request:
    body: null
    headers:
      Connection:
      - close
      Host:
      - raw.githubusercontent.com
      User-Agent:
      - Python-urllib/3.9
    method: GET
    uri: https://raw.githubusercontent.com/radiantearth/stac-spec/v0.9.0/item-spec/json-schema/metadata.json
  response:
    body:
      string: "{\n  \"$schema\": \"http://json-schema.org/draft-07/schema#\",\n  \"$id\":
        \"metadata.json#\",\n  \"title\": \"Metadata Fields\",\n  \"type\": \"object\",\n
        \ \"properties\": {\n    \"created\": {\n      \"title\": \"Metadata Creation\",\n
        \     \"type\": \"string\",\n      \"format\": \"date-time\"\n    },\n    \"updated\":
        {\n      \"title\": \"Metadata Last Update\",\n      \"type\": \"string\",\n
        \     \"format\": \"date-time\"\n    }\n  }\n}"
    headers:
      Accept-Ranges:
      - bytes
      Access-Control-Allow-Origin:
      - '*'
      Cache-Control:
      - max-age=300
      Connection:
      - close
      Content-Length:
      - '384'
      Content-Security-Policy:
      - default-src 'none'; style-src 'unsafe-inline'; sandbox
      Content-Type:
      - text/plain; charset=utf-8
      Cross-Origin-Resource-Policy:
      - cross-origin
      Date:
      - Wed, 13 Sep 2023 17:58:56 GMT
      ETag:
      - '"a99228769e5d0400f7b006fa153262053fb7a6ffdb3b8bbf51c4df37a82098f6"'
      Expires:
      - Wed, 13 Sep 2023 18:03:56 GMT
      Source-Age:
      - '0'
      Strict-Transport-Security:
      - max-age=31536000
      Vary:
      - Authorization,Accept-Encoding,Origin
      Via:
      - 1.1 varnish
      X-Cache:
      - HIT
      X-Cache-Hits:
      - '1'
      X-Content-Type-Options:
      - nosniff
      X-Fastly-Request-ID:
      - 1afa771228a92a2947e7c6303001b77d49099752
      X-Frame-Options:
      - deny
      X-GitHub-Request-Id:
      - A450:6BFC:87DE53:A2C4C1:6501F4D4
      X-Served-By:
      - cache-bos4676-BOS
      X-Timer:
      - S1694627936.401346,VS0,VE92
      X-XSS-Protection:
      - 1; mode=block
    status:
      code: 200
      message: OK
- request:
    body: null
    headers:
      Connection:
      - close
      Host:
      - raw.githubusercontent.com
      User-Agent:
      - Python-urllib/3.9
    method: GET
    uri: https://raw.githubusercontent.com/radiantearth/stac-spec/v0.9.0/item-spec/json-schema/provider.json
  response:
    body:
      string: "{\n  \"$schema\": \"http://json-schema.org/draft-07/schema#\",\n  \"$id\":
        \"provider.json#\",\n  \"title\": \"Provider Fields\",\n  \"type\": \"object\",\n
        \ \"properties\": {\n    \"providers\": {\n      \"title\": \"Providers\",\n
        \     \"type\": \"array\",\n      \"items\": {\n        \"properties\": {\n
        \         \"name\": {\n            \"title\": \"Organization name\",\n            \"type\":
        \"string\"\n          },\n          \"description\": {\n            \"title\":
        \"Organization description\",\n            \"type\": \"string\"\n          },\n
        \         \"roles\": {\n            \"title\": \"Organization roles\",\n            \"type\":
        \"array\",\n            \"items\": {\n              \"type\": \"string\",\n
        \             \"enum\": [\n                \"producer\",\n                \"licensor\",\n
        \               \"processor\",\n                \"host\"\n              ]\n
        \           }\n          },\n          \"url\": {\n            \"title\":
        \"Organization homepage\",\n            \"type\": \"string\",\n            \"format\":
        \"url\"\n          }\n        }\n      }\n    }\n  }\n}"
    headers:
      Accept-Ranges:
      - bytes
      Access-Control-Allow-Origin:
      - '*'
      Cache-Control:
      - max-age=300
      Connection:
      - close
      Content-Length:
      - '973'
      Content-Security-Policy:
      - default-src 'none'; style-src 'unsafe-inline'; sandbox
      Content-Type:
      - text/plain; charset=utf-8
      Cross-Origin-Resource-Policy:
      - cross-origin
      Date:
      - Wed, 13 Sep 2023 17:58:56 GMT
      ETag:
      - '"a92eac8e15643dce5b9165724ce350d2ee5edad5f8baca7140c79ce8ce0da8c6"'
      Expires:
      - Wed, 13 Sep 2023 18:03:56 GMT
      Source-Age:
      - '0'
      Strict-Transport-Security:
      - max-age=31536000
      Vary:
      - Authorization,Accept-Encoding,Origin
      Via:
      - 1.1 varnish
      X-Cache:
      - HIT
      X-Cache-Hits:
      - '1'
      X-Content-Type-Options:
      - nosniff
      X-Fastly-Request-ID:
      - ecf1450e82831b2c60efcef2ae5844c0963c2a4c
      X-Frame-Options:
      - deny
      X-GitHub-Request-Id:
      - 326A:3327:896C5C:A4557E:6501F4D3
      X-Served-By:
      - cache-bos4680-BOS
      X-Timer:
      - S1694627937.654901,VS0,VE104
      X-XSS-Protection:
      - 1; mode=block
    status:
      code: 200
      message: OK
- request:
    body: null
    headers:
      Connection:
      - close
      Host:
      - raw.githubusercontent.com
      User-Agent:
      - Python-urllib/3.9
    method: GET
    uri: https://raw.githubusercontent.com/radiantearth/stac-spec/v0.9.0/extensions/eo/json-schema/schema.json
  response:
    body:
      string: "{\n  \"$schema\": \"http://json-schema.org/draft-07/schema#\",\n  \"$id\":
        \"schema.json#\",\n  \"title\": \"EO Extension\",\n  \"description\": \"STAC
        EO Extension to a STAC Item.\",\n  \"allOf\": [\n    {\n      \"$ref\": \"../../../item-spec/json-schema/item.json\"\n
        \   },\n    {\n      \"$ref\": \"#/definitions/eo\"\n    }\n  ],\n  \"definitions\":
        {\n    \"eo\": {\n      \"type\": \"object\",\n      \"required\": [\n        \"properties\",\n
        \       \"assets\"\n      ],\n      \"properties\": {\n        \"properties\":
        {\n          \"type\": \"object\",\n          \"required\": [\n            \"eo:gsd\",\n
        \           \"eo:bands\"\n          ],\n          \"properties\": {\n            \"eo:gsd\":
        {\n              \"title\": \"Ground Sample Distance\",\n              \"type\":
        \"number\"\n            },\n            \"eo:bands\": {\n              \"title\":
        \"Bands\",\n              \"type\": \"array\",\n              \"items\": {\n
        \               \"properties\": {\n                  \"name\": {\n                    \"title\":
        \"Name of the band\",\n                    \"type\": \"string\"\n                  },\n
        \                 \"common_name\": {\n                    \"title\": \"Common
        Name of the band\",\n                    \"type\": \"string\"\n                  },\n
        \                 \"center_wavelength\": {\n                    \"title\":
        \"Center Wavelength\",\n                    \"type\": \"number\"\n                  },\n
        \                 \"full_width_half_max\": {\n                    \"title\":
        \"Full Width Half Max (FWHM)\",\n                    \"type\": \"number\"\n
        \                 }\n                }\n              }\n            },\n
        \           \"eo:cloud_cover\": {\n              \"title\": \"Cloud Cover\",\n
        \             \"type\": \"number\",\n              \"minimum\": 0,\n              \"maximum\":
        100\n            }\n          }\n        },\n        \"assets\": {\n          \"type\":
        \"object\",\n          \"additionalProperties\": {\n            \"type\":
        \"object\",\n            \"properties\": {\n              \"eo:bands\": {\n
        \               \"title\": \"Band References\",\n                \"type\":
        \"array\",\n                \"minItems\": 1,\n                \"items\": {\n
        \                 \"type\": \"integer\",\n                  \"minimum\": 0\n
        \               }\n              }\n            }\n          }\n        }\n
        \     }\n    }\n  }\n}"
    headers:
      Accept-Ranges:
      - bytes
      Access-Control-Allow-Origin:
      - '*'
      Cache-Control:
      - max-age=300
      Connection:
      - close
      Content-Length:
      - '2166'
      Content-Security-Policy:
      - default-src 'none'; style-src 'unsafe-inline'; sandbox
      Content-Type:
      - text/plain; charset=utf-8
      Cross-Origin-Resource-Policy:
      - cross-origin
      Date:
      - Wed, 13 Sep 2023 17:58:56 GMT
      ETag:
      - '"4ce0628a6b4d2c8e80ff67d116b60196c8f9d0a017a63b3557ebd6b46f42dfef"'
      Expires:
      - Wed, 13 Sep 2023 18:03:56 GMT
      Source-Age:
      - '0'
      Strict-Transport-Security:
      - max-age=31536000
      Vary:
      - Authorization,Accept-Encoding,Origin
      Via:
      - 1.1 varnish
      X-Cache:
      - HIT
      X-Cache-Hits:
      - '1'
      X-Content-Type-Options:
      - nosniff
      X-Fastly-Request-ID:
      - a194b0610b75375bd63aaadbe45fcc5a6248098b
      X-Frame-Options:
      - deny
      X-GitHub-Request-Id:
      - B092:6BFC:87DE6B:A2C4DA:6501F4D1
      X-Served-By:
      - cache-bos4676-BOS
      X-Timer:
      - S1694627937.862092,VS0,VE99
      X-XSS-Protection:
      - 1; mode=block
    status:
      code: 200
      message: OK
version: 1
