interactions:
- request:
    body: null
    headers:
      Connection:
      - close
      Host:
      - schemas.stacspec.org
      User-Agent:
      - Python-urllib/3.12
    method: GET
    uri: https://schemas.stacspec.org/v1.0.0-beta.2/item-spec/json-schema/item.json
  response:
    body:
      string: "{\n  \"$schema\": \"http://json-schema.org/draft-07/schema#\",\n  \"$id\":
        \"https://schemas.stacspec.org/v1.0.0-beta.2/item-spec/json-schema/item.json#\",\n
        \ \"title\": \"STAC Item\",\n  \"type\": \"object\",\n  \"description\": \"This
        object represents the metadata for an item in a SpatioTemporal Asset Catalog.\",\n
        \ \"allOf\": [\n    {\n      \"$ref\": \"#/definitions/core\"\n    }\n  ],\n
        \ \"definitions\": {\n    \"common_metadata\": {\n      \"allOf\": [\n        {\n
        \         \"$ref\": \"basics.json\"\n        },\n        {\n          \"$ref\":
        \"datetime.json\"\n        },\n        {\n          \"$ref\": \"instrument.json\"\n
        \       },\n        {\n          \"$ref\": \"licensing.json\"\n        },\n
        \       {\n          \"$ref\": \"provider.json\"\n        }\n      ]\n    },\n
        \   \"core\": {\n      \"allOf\": [\n        {\n          \"$ref\": \"https://geojson.org/schema/Feature.json\"\n
        \       },\n        {\n          \"oneOf\": [\n            {\n              \"type\":
        \"object\",\n              \"required\": [\n                \"geometry\",\n
        \               \"bbox\"\n              ],\n              \"properties\":
        {\n                \"geometry\": {\n                  \"$ref\": \"https://geojson.org/schema/Geometry.json\"\n
        \               },\n                \"bbox\": {\n                  \"type\":
        \"array\",\n                  \"oneOf\": [\n                    {\n                      \"minItems\":
        4,\n                      \"maxItems\": 4\n                    },\n                    {\n
        \                     \"minItems\": 6,\n                      \"maxItems\":
        6\n                    }\n                  ],\n                  \"items\":
        {\n                    \"type\": \"number\"\n                  }\n                }\n
        \             }\n            },\n            {\n              \"type\": \"object\",\n
        \             \"required\": [\n                \"geometry\"\n              ],\n
        \             \"properties\": {\n                \"geometry\": {\n                  \"type\":
        \"null\"\n                },\n                \"bbox\": {\n                  \"not\":
        {}\n                }\n              }\n            }\n          ]\n        },\n
        \       {\n          \"type\": \"object\",\n          \"required\": [\n            \"stac_version\",\n
        \           \"id\",\n            \"links\",\n            \"assets\",\n            \"properties\"\n
        \         ],\n          \"properties\": {\n            \"stac_version\": {\n
        \             \"title\": \"STAC version\",\n              \"type\": \"string\",\n
        \             \"const\": \"1.0.0-beta.2\"\n            },\n            \"stac_extensions\":
        {\n              \"title\": \"STAC extensions\",\n              \"type\":
        \"array\",\n              \"uniqueItems\": true,\n              \"items\":
        {\n                \"anyOf\": [\n                  {\n                    \"title\":
        \"Reference to a JSON Schema\",\n                    \"type\": \"string\",\n
        \                   \"format\": \"uri\"\n                  },\n                  {\n
        \                   \"title\": \"Reference to a core extension\",\n                    \"type\":
        \"string\"\n                  }\n                ]\n              }\n            },\n
        \           \"id\": {\n              \"title\": \"Provider ID\",\n              \"description\":
        \"Provider item ID\",\n              \"type\": \"string\"\n            },\n
        \           \"links\": {\n              \"title\": \"Item links\",\n              \"description\":
        \"Links to item relations\",\n              \"type\": \"array\",\n              \"items\":
        {\n                \"$ref\": \"#/definitions/link\"\n              }\n            },\n
        \           \"assets\": {\n              \"$ref\": \"#/definitions/assets\"\n
        \           },\n            \"properties\": {\n              \"$ref\": \"#/definitions/common_metadata\"\n
        \           },\n            \"collection\": {\n              \"title\": \"Collection
        ID\",\n              \"description\": \"The ID of the STAC Collection this
        Item references to.\",\n              \"type\": \"string\"\n            }\n
        \         }\n        }\n      ]\n    },\n    \"link\": {\n      \"type\":
        \"object\",\n      \"required\": [\n        \"rel\",\n        \"href\"\n      ],\n
        \     \"properties\": {\n        \"href\": {\n          \"title\": \"Link
        reference\",\n          \"type\": \"string\"\n        },\n        \"rel\":
        {\n          \"title\": \"Link relation type\",\n          \"type\": \"string\"\n
        \       },\n        \"type\": {\n          \"title\": \"Link type\",\n          \"type\":
        \"string\"\n        },\n        \"title\": {\n          \"title\": \"Link
        title\",\n          \"type\": \"string\"\n        },\n        \"created\":
        {\n          \"$ref\": \"datetime.json#/definitions/created\"\n        },\n
        \       \"updated\": {\n          \"$ref\": \"datetime.json#/definitions/updated\"\n
        \       }\n      }\n    },\n    \"assets\": {\n      \"title\": \"Asset links\",\n
        \     \"description\": \"Links to assets\",\n      \"type\": \"object\",\n
        \     \"additionalProperties\": {\n        \"$ref\": \"#/definitions/asset\"\n
        \     }\n    },\n    \"asset\": {\n      \"type\": \"object\",\n      \"required\":
        [\n        \"href\"\n      ],\n      \"properties\": {\n        \"href\":
        {\n          \"title\": \"Asset reference\",\n          \"type\": \"string\"\n
        \       },\n        \"title\": {\n          \"title\": \"Asset title\",\n
        \         \"type\": \"string\"\n        },\n        \"description\": {\n          \"title\":
        \"Asset description\",\n          \"type\": \"string\"\n        },\n        \"type\":
        {\n          \"title\": \"Asset type\",\n          \"type\": \"string\"\n
        \       },\n        \"roles\": {\n          \"title\": \"Asset roles\",\n
        \         \"type\": \"array\",\n          \"items\": {\n            \"type\":
        \"string\"\n          }\n        }\n      }\n    }\n  }\n}\n"
    headers:
      Accept-Ranges:
      - bytes
      Access-Control-Allow-Origin:
      - '*'
      Age:
      - '13'
      Cache-Control:
      - max-age=600
      Connection:
      - close
      Content-Length:
      - '5244'
      Content-Type:
      - application/json; charset=utf-8
      Date:
      - Sun, 06 Oct 2024 17:57:53 GMT
      ETag:
      - '"66e1651c-147c"'
      Last-Modified:
      - Wed, 11 Sep 2024 09:38:36 GMT
      Server:
      - GitHub.com
      Vary:
      - Accept-Encoding
      Via:
      - 1.1 varnish
      X-Cache:
      - HIT
      X-Cache-Hits:
      - '1'
      X-Fastly-Request-ID:
      - 9e23f245db5af251e1805e1b92038dbf986542d4
      X-GitHub-Request-Id:
      - 3735:687EA:3798775:3DF80EE:6702CF93
      X-Served-By:
      - cache-den8261-DEN
      X-Timer:
      - S1728237473.049627,VS0,VE1
      expires:
      - Sun, 06 Oct 2024 18:07:40 GMT
      x-proxy-cache:
      - MISS
    status:
      code: 200
      message: OK
- request:
    body: null
    headers:
      Connection:
      - close
      Host:
      - schemas.stacspec.org
      User-Agent:
      - Python-urllib/3.12
    method: GET
    uri: https://schemas.stacspec.org/v1.0.0-beta.2/item-spec/json-schema/basics.json
  response:
    body:
      string: "{\n  \"$schema\": \"http://json-schema.org/draft-07/schema#\",\n  \"$id\":
        \"https://schemas.stacspec.org/v1.0.0-beta.2/item-spec/json-schema/basics.json#\",\n
        \ \"title\": \"Basic Descriptive Fields\",\n  \"type\": \"object\",\n  \"properties\":
        {\n    \"title\": {\n      \"title\": \"Item Title\",\n      \"description\":
        \"A human-readable title describing the Item.\",\n      \"type\": \"string\"\n
        \   },\n    \"description\": {\n      \"title\": \"Item Description\",\n      \"description\":
        \"Detailed multi-line description to fully explain the Item.\",\n      \"type\":
        \"string\"\n    }\n  }\n}"
    headers:
      Accept-Ranges:
      - bytes
      Access-Control-Allow-Origin:
      - '*'
      Age:
      - '13'
      Cache-Control:
      - max-age=600
      Connection:
      - close
      Content-Length:
      - '540'
      Content-Type:
      - application/json; charset=utf-8
      Date:
      - Sun, 06 Oct 2024 17:57:53 GMT
      ETag:
      - '"66e1651c-21c"'
      Last-Modified:
      - Wed, 11 Sep 2024 09:38:36 GMT
      Server:
      - GitHub.com
      Vary:
      - Accept-Encoding
      Via:
      - 1.1 varnish
      X-Cache:
      - HIT
      X-Cache-Hits:
      - '1'
      X-Fastly-Request-ID:
      - 1939f856fa2e87e547bd6c29749d68fa6a602922
      X-GitHub-Request-Id:
      - 39FD:88140:39A823E:4007EA8:6702CF93
      X-Served-By:
      - cache-den8274-DEN
      X-Timer:
      - S1728237473.086626,VS0,VE1
      expires:
      - Sun, 06 Oct 2024 18:07:40 GMT
      x-origin-cache:
      - HIT
      x-proxy-cache:
      - MISS
    status:
      code: 200
      message: OK
- request:
    body: null
    headers:
      Connection:
      - close
      Host:
      - schemas.stacspec.org
      User-Agent:
      - Python-urllib/3.12
    method: GET
    uri: https://schemas.stacspec.org/v1.0.0-beta.2/item-spec/json-schema/datetime.json
  response:
    body:
      string: "{\n  \"$schema\": \"http://json-schema.org/draft-07/schema#\",\n  \"$id\":
        \"https://schemas.stacspec.org/v1.0.0-beta.2/item-spec/json-schema/datetime.json#\",\n
        \ \"title\": \"Date and Time Fields\",\n  \"type\": \"object\",\n  \"allOf\":
        [\n    {\n      \"properties\": {\n        \"created\": {\n          \"$ref\":
        \"#/definitions/created\"\n        },\n        \"updated\": {\n          \"$ref\":
        \"#/definitions/updated\"\n        }\n      }\n    },\n    {\n      \"anyOf\":
        [\n        {\n          \"required\": [\n            \"datetime\"\n          ],\n
        \         \"properties\": {\n            \"datetime\": {\n              \"$ref\":
        \"#/definitions/datetime\"\n            },\n            \"start_datetime\":
        {\n              \"$ref\": \"#/definitions/start_datetime\"\n            },
        \n            \"end_datetime\": {\n              \"$ref\": \"#/definitions/end_datetime\"\n
        \           }\n          },\n          \"dependencies\": {\n            \"start_datetime\":
        {\n              \"required\": [\n                \"end_datetime\"\n              ]\n
        \           },\n            \"end_datetime\": {\n              \"required\":
        [\n                \"start_datetime\"\n              ]\n            }\n          }\n
        \       },\n        {\n          \"required\": [\n            \"datetime\",\n
        \           \"start_datetime\",\n            \"end_datetime\"\n          ],\n
        \         \"properties\": {\n            \"datetime\": {\n              \"oneOf\":
        [\n                {\n                  \"$ref\": \"#/definitions/datetime\"\n
        \               },\n                {\n                  \"type\": [\"null\"],\n
        \                 \"const\": null\n                }\n              ]\n            },\n
        \           \"start_datetime\": {\n              \"$ref\": \"#/definitions/start_datetime\"\n
        \           }, \n            \"end_datetime\": {\n              \"$ref\":
        \"#/definitions/end_datetime\"\n            }\n          }\n        }\n      ]\n
        \   }\n  ],\n  \"definitions\": {\n    \"datetime\": {\n      \"title\": \"Date
        and Time\",\n      \"description\": \"The searchable date/time of the assets,
        in UTC (Formatted in RFC 3339) \",\n      \"type\": \"string\",\n      \"format\":
        \"date-time\"\n    },\n    \"start_datetime\": {\n      \"title\": \"Start
        Date and Time\",\n      \"description\": \"The searchable start date/time
        of the assets, in UTC (Formatted in RFC 3339) \",\n      \"type\": \"string\",\n
        \     \"format\": \"date-time\"\n    }, \n    \"end_datetime\": {\n      \"title\":
        \"End Date and Time\", \n      \"description\": \"The searchable end date/time
        of the assets, in UTC (Formatted in RFC 3339) \",                  \n      \"type\":
        \"string\",\n      \"format\": \"date-time\"\n    },\n    \"created\": {\n
        \     \"title\": \"Creation Time\",\n      \"type\": \"string\",\n      \"format\":
        \"date-time\"\n    },\n    \"updated\": {\n      \"title\": \"Last Update
        Time\",\n      \"type\": \"string\",\n      \"format\": \"date-time\"\n    }\n
        \ }\n}"
    headers:
      Accept-Ranges:
      - bytes
      Access-Control-Allow-Origin:
      - '*'
      Age:
      - '13'
      Cache-Control:
      - max-age=600
      Connection:
      - close
      Content-Length:
      - '2690'
      Content-Type:
      - application/json; charset=utf-8
      Date:
      - Sun, 06 Oct 2024 17:57:53 GMT
      ETag:
      - '"66e1651c-a82"'
      Last-Modified:
      - Wed, 11 Sep 2024 09:38:36 GMT
      Server:
      - GitHub.com
      Vary:
      - Accept-Encoding
      Via:
      - 1.1 varnish
      X-Cache:
      - HIT
      X-Cache-Hits:
      - '2'
      X-Fastly-Request-ID:
      - b0e49191eb0ee7cb8f064dabf45fe4819ac8dc15
      X-GitHub-Request-Id:
      - C3DF:3932BD:3BFA7C2:425A45C:6702CF93
      X-Served-By:
      - cache-den8245-DEN
      X-Timer:
      - S1728237473.118638,VS0,VE0
      expires:
      - Sun, 06 Oct 2024 18:07:40 GMT
      x-origin-cache:
      - HIT
      x-proxy-cache:
      - MISS
    status:
      code: 200
      message: OK
- request:
    body: null
    headers:
      Connection:
      - close
      Host:
      - schemas.stacspec.org
      User-Agent:
      - Python-urllib/3.12
    method: GET
    uri: https://schemas.stacspec.org/v1.0.0-beta.2/item-spec/json-schema/instrument.json
  response:
    body:
      string: "{\n  \"$schema\": \"http://json-schema.org/draft-07/schema#\",\n  \"$id\":
        \"https://schemas.stacspec.org/v1.0.0-beta.2/item-spec/json-schema/instrument.json#\",\n
        \ \"title\": \"Instrument Fields\",\n  \"type\": \"object\",\n  \"properties\":
        {\n    \"platform\": {\n      \"title\": \"Platform\",\n      \"type\": \"string\"\n
        \   },\n    \"instruments\": {\n      \"title\": \"Instruments\",\n      \"type\":
        \"array\",\n      \"items\": {\n        \"type\": \"string\"\n      }\n    },\n
        \   \"constellation\": {\n      \"title\": \"Constellation\",\n      \"type\":
        \"string\"\n    },\n    \"mission\": {\n      \"title\": \"Mission\",\n      \"type\":
        \"string\"\n    },\n    \"gsd\": {\n      \"title\": \"Ground Sample Distance\",\n
        \     \"type\": \"number\"\n    }\n  }\n}"
    headers:
      Accept-Ranges:
      - bytes
      Access-Control-Allow-Origin:
      - '*'
      Age:
      - '13'
      Cache-Control:
      - max-age=600
      Connection:
      - close
      Content-Length:
      - '674'
      Content-Type:
      - application/json; charset=utf-8
      Date:
      - Sun, 06 Oct 2024 17:57:53 GMT
      ETag:
      - '"66e1651c-2a2"'
      Last-Modified:
      - Wed, 11 Sep 2024 09:38:36 GMT
      Server:
      - GitHub.com
      Vary:
      - Accept-Encoding
      Via:
      - 1.1 varnish
      X-Cache:
      - HIT
      X-Cache-Hits:
      - '1'
      X-Fastly-Request-ID:
      - 688295d86270f7e6e6672d4713bae5a3590c5b44
      X-GitHub-Request-Id:
      - E409:2C5686:37942D5:3DF3B2A:6702CF93
      X-Served-By:
      - cache-den8248-DEN
      X-Timer:
      - S1728237473.161856,VS0,VE1
      expires:
      - Sun, 06 Oct 2024 18:07:40 GMT
      x-origin-cache:
      - HIT
      x-proxy-cache:
      - MISS
    status:
      code: 200
      message: OK
- request:
    body: null
    headers:
      Connection:
      - close
      Host:
      - schemas.stacspec.org
      User-Agent:
      - Python-urllib/3.12
    method: GET
    uri: https://schemas.stacspec.org/v1.0.0-beta.2/item-spec/json-schema/licensing.json
  response:
    body:
      string: "{\n  \"$schema\": \"http://json-schema.org/draft-07/schema#\",\n  \"$id\":
        \"https://schemas.stacspec.org/v1.0.0-beta.2/item-spec/json-schema/licensing.json#\",\n
        \ \"title\": \"Licensing Fields\",\n  \"type\": \"object\",\n  \"properties\":
        {\n    \"license\": {\n      \"type\": \"string\",\n      \"pattern\": \"^[\\\\w\\\\-\\\\.\\\\+]+$\"\n
        \   }\n  }\n}"
    headers:
      Accept-Ranges:
      - bytes
      Access-Control-Allow-Origin:
      - '*'
      Age:
      - '13'
      Cache-Control:
      - max-age=600
      Connection:
      - close
      Content-Length:
      - '309'
      Content-Type:
      - application/json; charset=utf-8
      Date:
      - Sun, 06 Oct 2024 17:57:53 GMT
      ETag:
      - '"66e1651c-135"'
      Last-Modified:
      - Wed, 11 Sep 2024 09:38:36 GMT
      Server:
      - GitHub.com
      Vary:
      - Accept-Encoding
      Via:
      - 1.1 varnish
      X-Cache:
      - HIT
      X-Cache-Hits:
      - '4'
      X-Fastly-Request-ID:
      - d9ab063ecd43dff708f21cc4a637cda4dca374b4
      X-GitHub-Request-Id:
      - C7A3:25A7B1:3C07C25:4267971:6702CF93
      X-Served-By:
      - cache-den8253-DEN
      X-Timer:
      - S1728237473.194268,VS0,VE1
      expires:
      - Sun, 06 Oct 2024 18:07:40 GMT
      x-origin-cache:
      - HIT
      x-proxy-cache:
      - MISS
    status:
      code: 200
      message: OK
- request:
    body: null
    headers:
      Connection:
      - close
      Host:
      - schemas.stacspec.org
      User-Agent:
      - Python-urllib/3.12
    method: GET
    uri: https://schemas.stacspec.org/v1.0.0-beta.2/item-spec/json-schema/provider.json
  response:
    body:
      string: "{\n  \"$schema\": \"http://json-schema.org/draft-07/schema#\",\n  \"$id\":
        \"https://schemas.stacspec.org/v1.0.0-beta.2/item-spec/json-schema/provider.json#\",\n
        \ \"title\": \"Provider Fields\",\n  \"type\": \"object\",\n  \"properties\":
        {\n    \"providers\": {\n      \"title\": \"Providers\",\n      \"type\":
        \"array\",\n      \"items\": {\n        \"properties\": {\n          \"name\":
        {\n            \"title\": \"Organization name\",\n            \"type\": \"string\"\n
        \         },\n          \"description\": {\n            \"title\": \"Organization
        description\",\n            \"type\": \"string\"\n          },\n          \"roles\":
        {\n            \"title\": \"Organization roles\",\n            \"type\": \"array\",\n
        \           \"items\": {\n              \"type\": \"string\",\n              \"enum\":
        [\n                \"producer\",\n                \"licensor\",\n                \"processor\",\n
        \               \"host\"\n              ]\n            }\n          },\n          \"url\":
        {\n            \"title\": \"Organization homepage\",\n            \"type\":
        \"string\",\n            \"format\": \"url\"\n          }\n        }\n      }\n
        \   }\n  }\n}"
    headers:
      Accept-Ranges:
      - bytes
      Access-Control-Allow-Origin:
      - '*'
      Age:
      - '13'
      Cache-Control:
      - max-age=600
      Connection:
      - close
      Content-Length:
      - '1038'
      Content-Type:
      - application/json; charset=utf-8
      Date:
      - Sun, 06 Oct 2024 17:57:53 GMT
      ETag:
      - '"66e1651c-40e"'
      Last-Modified:
      - Wed, 11 Sep 2024 09:38:36 GMT
      Server:
      - GitHub.com
      Vary:
      - Accept-Encoding
      Via:
      - 1.1 varnish
      X-Cache:
      - HIT
      X-Cache-Hits:
      - '1'
      X-Fastly-Request-ID:
      - a0cbf37bb7b8f012065f76ec9aa9a11ce9d753e7
      X-GitHub-Request-Id:
      - 424E:23FCDC:39ED650:404D361:6702CF8A
      X-Served-By:
      - cache-den8257-DEN
      X-Timer:
      - S1728237473.221876,VS0,VE2
      expires:
      - Sun, 06 Oct 2024 18:07:40 GMT
      x-origin-cache:
      - HIT
      x-proxy-cache:
      - MISS
    status:
      code: 200
      message: OK
- request:
    body: null
    headers:
      Connection:
      - close
      Host:
      - schemas.stacspec.org
      User-Agent:
      - Python-urllib/3.12
    method: GET
    uri: https://schemas.stacspec.org/v1.0.0-beta.2/extensions/scientific/json-schema/schema.json
  response:
    body:
      string: "{\n  \"$schema\": \"http://json-schema.org/draft-07/schema#\",\n  \"$id\":
        \"https://schemas.stacspec.org/v1.0.0-beta.2/extensions/scientific/json-schema/schema.json#\",\n
        \ \"title\": \"Scientific Extension\",\n  \"description\": \"STAC Scientific
        Extension to STAC Items or STAC Collections.\",\n  \"oneOf\": [\n    {\n      \"allOf\":
        [\n        {\n          \"$ref\": \"../../../item-spec/json-schema/item.json\"\n
        \       },\n        {\n          \"$ref\": \"#/definitions/stac_extensions\"\n
        \       },\n        {\n          \"type\": \"object\",\n          \"required\":
        [\n            \"properties\"\n          ],\n          \"properties\": {\n
        \           \"properties\": {\n              \"$ref\": \"#/definitions/scientific\"\n
        \           }\n          }\n        }\n      ]\n    },\n    {\n      \"allOf\":
        [\n        {\n          \"$ref\": \"../../../collection-spec/json-schema/collection.json\"\n
        \       },\n        {\n          \"$ref\": \"#/definitions/stac_extensions\"\n
        \       },\n        {\n          \"$ref\": \"#/definitions/scientific\"\n
        \       }\n      ]\n    }\n  ],\n  \"definitions\": {\n    \"stac_extensions\":
        {\n      \"type\": \"object\",\n      \"required\": [\n        \"stac_extensions\"\n
        \     ],\n      \"properties\": {\n        \"stac_extensions\": {\n          \"type\":
        \"array\",\n          \"contains\": {\n            \"enum\": [\n              \"scientific\",\n
        \             \"https://schemas.stacspec.org/v1.0.0-beta.2/extensions/scientific/json-schema/schema.json\"\n
        \           ]\n          }\n        }\n      }\n    },\n    \"scientific\":
        {\n      \"type\": \"object\",\n      \"anyOf\": [\n        {\"required\":
        [\"sci:doi\"]},\n        {\"required\": [\"sci:citation\"]},\n        {\"required\":
        [\"sci:publications\"]}\n      ],\n      \"properties\": {\n        \"sci:doi\":
        {\n          \"type\": \"string\",\n          \"title\": \"Data DOI\",\n          \"pattern\":
        \"^(10[.][0-9]{4,}(?:[.][0-9]+)*/(?:(?![%\\\"#? ])\\\\S)+)$\"\n        },
        \n        \"sci:citation\": {\n          \"type\": \"string\", \n          \"title\":
        \"Proposed Data Citation\"\n        },\n        \"sci:publications\": {\n
        \         \"type\": \"array\",\n          \"title\": \"Publications\",\n          \"items\":
        {\n            \"type\": \"object\",\n            \"properties\": {\n              \"doi\":
        {\n                \"type\": \"string\",\n                \"title\": \"Publication
        DOI\",\n                \"pattern\": \"^(10[.][0-9]{4,}(?:[.][0-9]+)*/(?:(?![%\\\"#?
        ])\\\\S)+)$\"\n              }, \n              \"citation\": { \n                \"type\":
        \"string\", \n                \"title\": \"Publication Citation\"\n              }\n
        \           }\n          }\n        }\n      }\n    }\n  }\n}"
    headers:
      Accept-Ranges:
      - bytes
      Access-Control-Allow-Origin:
      - '*'
      Age:
      - '0'
      Cache-Control:
      - max-age=600
      Connection:
      - close
      Content-Length:
      - '2467'
      Content-Type:
      - application/json; charset=utf-8
      Date:
      - Sun, 06 Oct 2024 17:57:53 GMT
      ETag:
      - '"66e1651c-9a3"'
      Last-Modified:
      - Wed, 11 Sep 2024 09:38:36 GMT
      Server:
      - GitHub.com
      Vary:
      - Accept-Encoding
      Via:
      - 1.1 varnish
      X-Cache:
      - HIT
      X-Cache-Hits:
      - '1'
      X-Fastly-Request-ID:
      - d032a76e5736c41326aa757299a35a3d32293147
      X-GitHub-Request-Id:
      - D2D5:269EC6:3A88965:40E8637:6702CFA0
      X-Served-By:
      - cache-den8244-DEN
      X-Timer:
      - S1728237473.249914,VS0,VE2
      expires:
      - Sun, 06 Oct 2024 18:07:52 GMT
      x-origin-cache:
      - HIT
      x-proxy-cache:
      - MISS
    status:
      code: 200
      message: OK
- request:
    body: null
    headers:
      Connection:
      - close
      Host:
      - schemas.stacspec.org
      User-Agent:
      - Python-urllib/3.12
    method: GET
    uri: https://schemas.stacspec.org/v1.0.0-beta.2/collection-spec/json-schema/collection.json
  response:
    body:
      string: "{\n  \"$schema\": \"http://json-schema.org/draft-07/schema#\",\n  \"$id\":
        \"https://schemas.stacspec.org/v1.0.0-beta.2/collection-spec/json-schema/collection.json#\",\n
        \ \"title\": \"STAC Collection Specification\",\n  \"description\": \"This
        object represents Collections in a SpatioTemporal Asset Catalog.\",\n  \"allOf\":
        [\n    {\n      \"$ref\": \"../../catalog-spec/json-schema/catalog.json\"\n
        \   },\n    {\n      \"$ref\": \"#/definitions/collection\"\n    }\n  ],\n
        \ \"definitions\": {\n    \"collection\": {\n      \"title\": \"STAC Collection\",\n
        \     \"description\": \"These are the fields specific to a STAC Collection.
        All other fields are inherited from STAC Catalog.\",\n      \"type\": \"object\",\n
        \     \"required\": [\n        \"license\",\n        \"extent\"\n      ],\n
        \     \"properties\": {\n        \"stac_extensions\": {\n          \"title\":
        \"STAC extensions\",\n          \"type\": \"array\",\n          \"uniqueItems\":
        true,\n          \"items\": {\n            \"anyOf\": [\n              {\n
        \               \"title\": \"Reference to a JSON Schema\",\n                \"type\":
        \"string\",\n                \"format\": \"uri\"\n              },\n              {\n
        \               \"title\": \"Reference to a core extension\",\n                \"type\":
        \"string\"\n              }\n            ]\n          }\n        },\n        \"keywords\":
        {\n          \"title\": \"Keywords\",\n          \"type\": \"array\",\n          \"items\":
        {\n            \"type\": \"string\"\n          }\n        },\n        \"license\":
        {\n          \"title\": \"Collection License Name\",\n          \"type\":
        \"string\",\n          \"pattern\": \"^[\\\\w\\\\-\\\\.\\\\+]+$\"\n        },\n
        \       \"providers\": {\n          \"type\": \"array\",\n          \"items\":
        {\n            \"properties\": {\n              \"name\": {\n                \"title\":
        \"Organization name\",\n                \"type\": \"string\"\n              },\n
        \             \"description\": {\n                \"title\": \"Organization
        description\",\n                \"type\": \"string\"\n              },\n              \"roles\":
        {\n                \"title\": \"Organization roles\",\n                \"type\":
        \"array\",\n                \"items\": {\n                  \"type\": \"string\",\n
        \                 \"enum\": [\n                    \"producer\",\n                    \"licensor\",\n
        \                   \"processor\",\n                    \"host\"\n                  ]\n
        \               }\n              },\n              \"url\": {\n                \"title\":
        \"Organization homepage\",\n                \"type\": \"string\",\n                \"format\":
        \"url\"\n              }\n            }\n          }\n        },\n        \"extent\":
        {\n          \"title\": \"Extents\",\n          \"type\": \"object\",\n          \"required\":
        [\n            \"spatial\",\n            \"temporal\"\n          ],\n          \"properties\":
        {\n            \"spatial\": {\n              \"title\": \"Spatial extent object\",\n
        \             \"type\": \"object\",\n              \"required\": [\n                \"bbox\"\n
        \             ],\n              \"properties\": {\n                \"bbox\":
        {\n                  \"title\": \"Spatial extents\",\n                  \"type\":
        \"array\",\n                  \"minItems\": 1,\n                  \"items\":
        {\n                    \"title\": \"Spatial extent\",\n                    \"type\":
        \"array\",\n                    \"oneOf\": [\n                      {\n                        \"minItems\":4,\n
        \                       \"maxItems\":4\n                      },\n                      {\n
        \                       \"minItems\":6,\n                        \"maxItems\":6\n
        \                     }\n                    ],\n                    \"items\":
        {\n                      \"type\": \"number\"\n                    }\n                  }\n
        \               }\n              }\n            },\n            \"temporal\":
        {\n              \"title\": \"Temporal extent object\",\n              \"type\":
        \"object\",\n              \"required\": [\n                \"interval\"\n
        \             ],\n              \"properties\": {\n                \"interval\":
        {\n                  \"title\": \"Temporal extents\",\n                  \"type\":
        \"array\",\n                  \"minItems\": 1,\n                  \"items\":
        {\n                    \"title\": \"Temporal extent\",\n                    \"type\":
        \"array\",\n                    \"minItems\": 2,\n                    \"maxItems\":
        2,\n                    \"items\": {\n                      \"type\": [\n
        \                       \"string\",\n                        \"null\"\n                      ],\n
        \                     \"format\": \"date-time\"\n                    }\n                  }\n
        \               }\n              }\n            }\n          }\n        },\n
        \       \"summaries\": {\n          \"type\": \"object\",\n          \"additionalProperties\":
        {\n            \"oneOf\": [\n              {\n                \"title\": \"Stats\",\n
        \               \"type\": \"object\",\n                \"required\": [\n                  \"min\",\n
        \                 \"max\"\n                ],\n                \"properties\":
        {\n                  \"min\": {\n                    \"title\": \"Minimum
        value\",\n                    \"type\": [\"number\", \"string\"]\n                  },\n
        \                 \"max\": {\n                    \"title\": \"Maximum value\",\n
        \                   \"type\": [\"number\", \"string\"]\n                  }\n
        \               }\n              },\n              {\n                \"title\":
        \"Set of values\",\n                \"type\": \"array\",\n                \"minItems\":
        1,\n                \"items\": {\n                  \"description\": \"Any
        data type could occur.\"\n                }\n              }\n            ]\n
        \         }\n        }\n      }\n    }\n  }\n}"
    headers:
      Accept-Ranges:
      - bytes
      Access-Control-Allow-Origin:
      - '*'
      Age:
      - '13'
      Cache-Control:
      - max-age=600
      Connection:
      - close
      Content-Length:
      - '5346'
      Content-Type:
      - application/json; charset=utf-8
      Date:
      - Sun, 06 Oct 2024 17:57:53 GMT
      ETag:
      - '"66e1651c-14e2"'
      Last-Modified:
      - Wed, 11 Sep 2024 09:38:36 GMT
      Server:
      - GitHub.com
      Vary:
      - Accept-Encoding
      Via:
      - 1.1 varnish
      X-Cache:
      - HIT
      X-Cache-Hits:
      - '1'
      X-Fastly-Request-ID:
      - dd32f1015ce8677ceafda16f08f43599e721a003
      X-GitHub-Request-Id:
      - 317F:1D6D8E:38B0767:3F1014B:6702CF93
      X-Served-By:
      - cache-den8241-DEN
      X-Timer:
      - S1728237473.284193,VS0,VE1
      expires:
      - Sun, 06 Oct 2024 18:07:39 GMT
      x-origin-cache:
      - HIT
      x-proxy-cache:
      - MISS
    status:
      code: 200
      message: OK
- request:
    body: null
    headers:
      Connection:
      - close
      Host:
      - schemas.stacspec.org
      User-Agent:
      - Python-urllib/3.12
    method: GET
    uri: https://schemas.stacspec.org/v1.0.0-beta.2/catalog-spec/json-schema/catalog.json
  response:
    body:
      string: "{\n  \"$schema\": \"http://json-schema.org/draft-07/schema#\",\n  \"$id\":
        \"https://schemas.stacspec.org/v1.0.0-beta.2/catalog-spec/json-schema/catalog.json#\",\n
        \ \"title\": \"STAC Catalog Specification\",\n  \"description\": \"This object
        represents Catalogs in a SpatioTemporal Asset Catalog.\",\n  \"allOf\": [\n
        \   {\n      \"$ref\": \"#/definitions/catalog\"\n    }\n  ],\n  \"definitions\":
        {\n    \"catalog\": {\n      \"title\": \"Catalog\",\n      \"type\": \"object\",\n
        \     \"required\": [\n        \"stac_version\",\n        \"id\",\n        \"description\",\n
        \       \"links\"\n      ],\n      \"properties\": {\n        \"stac_version\":
        {\n          \"title\": \"STAC version\",\n          \"type\": \"string\",\n
        \         \"const\": \"1.0.0-beta.2\"\n        },\n        \"stac_extensions\":
        {\n          \"title\": \"STAC extensions\",\n          \"type\": \"array\",\n
        \         \"uniqueItems\": true,\n          \"items\": {\n            \"anyOf\":
        [\n              {\n                \"title\": \"Reference to a JSON Schema\",\n
        \               \"type\": \"string\",\n                \"format\": \"uri\"\n
        \             },\n              {\n                \"title\": \"Reference
        to a core extension\",\n                \"type\": \"string\"\n              }\n
        \           ]\n          }\n        },\n        \"id\": {\n          \"title\":
        \"Identifier\",\n          \"type\": \"string\"\n        },\n        \"title\":
        {\n          \"title\": \"Title\",\n          \"type\": \"string\"\n        },\n
        \       \"description\": {\n          \"title\": \"Description\",\n          \"type\":
        \"string\"\n        },\n        \"links\": {\n          \"title\": \"Links\",\n
        \         \"type\": \"array\",\n          \"items\": {\n            \"$ref\":
        \"#/definitions/link\"\n          }\n        }\n      }\n    },\n    \"link\":
        {\n      \"type\": \"object\",\n      \"required\": [\n        \"rel\",\n
        \       \"href\"\n      ],\n      \"properties\": {\n        \"href\": {\n
        \         \"title\": \"Link reference\",\n          \"type\": \"string\"\n
        \       },\n        \"rel\": {\n          \"title\": \"Link relation type\",\n
        \         \"type\": \"string\"\n        },\n        \"type\": {\n          \"title\":
        \"Link type\",\n          \"type\": \"string\"\n        },\n        \"title\":
        {\n          \"title\": \"Link title\",\n          \"type\": \"string\"\n
        \       }\n      }\n    }\n  }\n}\n"
    headers:
      Accept-Ranges:
      - bytes
      Access-Control-Allow-Origin:
      - '*'
      Age:
      - '14'
      Cache-Control:
      - max-age=600
      Connection:
      - close
      Content-Length:
      - '2126'
      Content-Type:
      - application/json; charset=utf-8
      Date:
      - Sun, 06 Oct 2024 17:57:53 GMT
      ETag:
      - '"66e1651c-84e"'
      Last-Modified:
      - Wed, 11 Sep 2024 09:38:36 GMT
      Server:
      - GitHub.com
      Vary:
      - Accept-Encoding
      Via:
      - 1.1 varnish
      X-Cache:
      - HIT
      X-Cache-Hits:
      - '1'
      X-Fastly-Request-ID:
      - 915c8cf90978b5ac6e52f5a53e10c6f3ab2bfc02
      X-GitHub-Request-Id:
      - EAEE:31444D:3881203:3EE0C9C:6702CF93
      X-Served-By:
      - cache-den8248-DEN
      X-Timer:
      - S1728237473.313751,VS0,VE1
      expires:
      - Sun, 06 Oct 2024 18:07:39 GMT
      x-proxy-cache:
      - MISS
    status:
      code: 200
      message: OK
- request:
    body: null
    headers:
      Connection:
      - close
      Host:
      - schemas.stacspec.org
      User-Agent:
      - Python-urllib/3.12
    method: GET
    uri: https://schemas.stacspec.org/v1.0.0-beta.2/extensions/checksum/json-schema/schema.json
  response:
    body:
      string: "{\n  \"$schema\": \"http://json-schema.org/draft-07/schema#\",\n  \"$id\":
        \"https://schemas.stacspec.org/v1.0.0-beta.2/extensions/checksum/json-schema/schema.json#\",\n
        \ \"title\": \"Checksum Extension Specification\",\n  \"description\": \"STAC
        Checksum Extension to a STAC Item\",\n  \"oneOf\": [\n    {\n      \"allOf\":
        [\n        {\n          \"$ref\": \"../../../item-spec/json-schema/item.json\"\n
        \       },\n        {\n          \"$ref\": \"#/definitions/stac_extensions\"\n
        \       },\n        {\n          \"$ref\": \"#/definitions/checksum_links\"\n
        \       },\n        {\n          \"$ref\": \"#/definitions/checksum_assets\"\n
        \       }\n      ]\n    },\n    {\n      \"allOf\": [\n        {\n          \"$ref\":
        \"../../../catalog-spec/json-schema/catalog.json\"\n        },\n        {\n
        \         \"$ref\": \"#/definitions/stac_extensions\"\n        },\n        {\n
        \         \"$ref\": \"#/definitions/checksum_links\"\n        }\n      ]\n
        \   },\n    {\n      \"allOf\": [\n        {\n          \"$ref\": \"../../../collection-spec/json-schema/collection.json\"\n
        \       },\n        {\n          \"$ref\": \"#/definitions/stac_extensions\"\n
        \       },\n        {\n          \"$ref\": \"#/definitions/checksum_links\"\n
        \       },\n        {\n          \"$ref\": \"#/definitions/checksum_assets\"\n
        \       }\n      ]\n    }\n  ],\n  \"definitions\": {\n    \"stac_extensions\":
        {\n      \"type\": \"object\",\n      \"required\": [\n        \"stac_extensions\"\n
        \     ],\n      \"properties\": {\n        \"stac_extensions\": {\n          \"type\":
        \"array\",\n          \"contains\": {\n            \"enum\": [\n              \"checksum\",\n
        \             \"https://schemas.stacspec.org/v1.0.0-beta.2/extensions/checksum/json-schema/schema.json\"\n
        \           ]\n          }\n        }\n      }\n    },\n    \"checksum_links\":
        {\n      \"type\": \"object\",\n      \"properties\": {\n        \"links\":
        {\n          \"type\": \"array\",\n          \"items\": {\n            \"$ref\":
        \"#/definitions/checksums\"\n          }\n        }\n      }\n    },\n    \"checksum_assets\":
        {\n      \"type\": \"object\",\n      \"properties\": {\n        \"assets\":
        {\n          \"type\": \"object\",\n          \"patternProperties\": {\n            \".+\":
        {\n              \"$ref\": \"#/definitions/checksums\"\n            }\n          }\n
        \       }\n      }\n    },\n    \"checksums\": {\n      \"type\": \"object\",\n
        \     \"properties\": {\n        \"checksum:multihash\": {\n          \"type\":
        \"string\",\n          \"pattern\": \"^[a-f0-9]+$\",\n          \"title\":
        \"Multihash\"\n        }\n      }\n    }\n  }\n}\n"
    headers:
      Accept-Ranges:
      - bytes
      Access-Control-Allow-Origin:
      - '*'
      Age:
      - '13'
      Cache-Control:
      - max-age=600
      Connection:
      - close
      Content-Length:
      - '2361'
      Content-Type:
      - application/json; charset=utf-8
      Date:
      - Sun, 06 Oct 2024 17:57:53 GMT
      ETag:
      - '"66e1651c-939"'
      Last-Modified:
      - Wed, 11 Sep 2024 09:38:36 GMT
      Server:
      - GitHub.com
      Vary:
      - Accept-Encoding
      Via:
      - 1.1 varnish
      X-Cache:
      - HIT
      X-Cache-Hits:
      - '1'
      X-Fastly-Request-ID:
      - d51a20212b257f6629c79298f13c34661f92bfb3
      X-GitHub-Request-Id:
      - 7DC6:215EAC:3D1DA0A:437D7E0:6702CF93
      X-Served-By:
      - cache-den8239-DEN
      X-Timer:
      - S1728237473.342424,VS0,VE2
      expires:
      - Sun, 06 Oct 2024 18:07:40 GMT
      x-origin-cache:
      - HIT
      x-proxy-cache:
      - MISS
    status:
      code: 200
      message: OK
version: 1
