interactions:
- request:
    body: null
    headers:
      User-Agent:
      - pystac/1.14.3
    method: GET
    uri: https://raw.githubusercontent.com/radiantearth/stac-spec/v0.8.1/catalog-spec/json-schema/catalog.json
  response:
    body:
      string: "{\n  \"$schema\": \"http://json-schema.org/draft-07/schema#\",\n  \"$id\":
        \"catalog.json#\",\n  \"title\": \"STAC Catalog Specification\",\n  \"description\":
        \"This object represents Catalogs in a SpatioTemporal Asset Catalog.\",\n
        \ \"allOf\": [\n    {\n      \"$ref\": \"#/definitions/catalog\"\n    }\n
        \ ],\n  \"definitions\": {\n    \"catalog\": {\n      \"title\": \"Catalog\",\n
        \     \"type\": \"object\",\n      \"required\": [\n        \"stac_version\",\n
        \       \"id\",\n        \"description\",\n        \"links\"\n      ],\n      \"properties\":
        {\n        \"stac_version\": {\n          \"title\": \"STAC version\",\n          \"type\":
        \"string\",\n          \"const\": \"0.8.1\"\n        },\n        \"stac_extensions\":
        {\n          \"title\": \"STAC extensions\",\n          \"type\": \"array\",\n
        \         \"uniqueItems\": true,\n          \"items\": {\n            \"type\":
        \"string\"\n          }\n        },\n        \"id\": {\n          \"title\":
        \"Identifier\",\n          \"type\": \"string\"\n        },\n        \"title\":
        {\n          \"title\": \"Title\",\n          \"type\": \"string\"\n        },\n
        \       \"description\": {\n          \"title\": \"Description\",\n          \"type\":
        \"string\"\n        },\n        \"links\": {\n          \"title\": \"Links\",\n
        \         \"type\": \"array\",\n          \"items\": {\n            \"$ref\":
        \"#/definitions/link\"\n          }\n        },\n        \"summaries\": {\n
        \         \"$ref\": \"#/definitions/summaries\"\n        }\n      }\n    },\n
        \   \"summaries\": {\n      \"type\": \"object\",\n      \"additionalProperties\":
        {\n        \"oneOf\": [\n          {\n            \"title\": \"Stats\",\n
        \           \"type\": \"object\",\n            \"required\": [\n              \"min\",\n
        \             \"max\"\n            ],\n            \"properties\": {\n              \"min\":
        {\n                \"title\": \"Minimum value\",\n                \"type\":
        [\"number\", \"string\"]\n              },\n              \"max\": {\n                \"title\":
        \"Maximum value\",\n                \"type\": [\"number\", \"string\"]\n              }\n
        \           }\n          },\n          {\n            \"title\": \"Set of
        values\",\n            \"type\": \"array\",\n            \"minItems\": 1,\n
        \           \"items\": {\n              \"description\": \"Any data type could
        occur.\"\n            }\n          }\n        ]\n      }\n    },\n    \"link\":
        {\n      \"type\": \"object\",\n      \"required\": [\n        \"rel\",\n
        \       \"href\"\n      ],\n      \"properties\": {\n        \"href\": {\n
        \         \"title\": \"Link reference\",\n          \"type\": \"string\"\n
        \       },\n        \"rel\": {\n          \"title\": \"Link relation type\",\n
        \         \"type\": \"string\"\n        },\n        \"type\": {\n          \"title\":
        \"Link type\",\n          \"type\": \"string\"\n        },\n        \"title\":
        {\n          \"title\": \"Link title\",\n          \"type\": \"string\"\n
        \       }\n      }\n    }\n  }\n}\n"
    headers:
      Accept-Ranges:
      - bytes
      Access-Control-Allow-Origin:
      - '*'
      Cache-Control:
      - max-age=300
      Connection:
      - keep-alive
      Content-Length:
      - '2638'
      Content-Security-Policy:
      - default-src 'none'; style-src 'unsafe-inline'; sandbox
      Content-Type:
      - text/plain; charset=utf-8
      Cross-Origin-Resource-Policy:
      - cross-origin
      Date:
      - Thu, 08 Jan 2026 13:12:54 GMT
      ETag:
      - '"3b514933a3747f038125935624a13df108e30fe1cb8f9660a7f54ac6d4765ce9"'
      Expires:
      - Thu, 08 Jan 2026 13:17:54 GMT
      Source-Age:
      - '39'
      Strict-Transport-Security:
      - max-age=31536000
      Vary:
      - Authorization,Accept-Encoding
      Via:
      - 1.1 varnish
      X-Cache:
      - HIT
      X-Cache-Hits:
      - '1'
      X-Content-Type-Options:
      - nosniff
      X-Fastly-Request-ID:
      - 52e6630a86705539f0868e29a50c97fed404d055
      X-Frame-Options:
      - deny
      X-GitHub-Request-Id:
      - 66C8:14DB1B:158B54:19D45A:695FAD2E
      X-Served-By:
      - cache-iad-kcgs7200031-IAD
      X-Timer:
      - S1767877974.334048,VS0,VE1
      X-XSS-Protection:
      - 1; mode=block
    status:
      code: 200
      message: OK
- request:
    body: null
    headers:
      User-Agent:
      - pystac/1.14.3
    method: GET
    uri: https://raw.githubusercontent.com/radiantearth/stac-spec/v0.8.1/collection-spec/json-schema/collection.json
  response:
    body:
      string: "{\n  \"$schema\": \"http://json-schema.org/draft-07/schema#\",\n  \"$id\":
        \"collection.json#\",\n  \"title\": \"STAC Collection Specification\",\n  \"description\":
        \"This object represents Collections in a SpatioTemporal Asset Catalog.\",\n
        \ \"allOf\": [\n    {\n      \"$ref\": \"../../catalog-spec/json-schema/catalog.json\"\n
        \   },\n    {\n      \"$ref\": \"#/definitions/collection\"\n    }\n  ],\n
        \ \"definitions\": {\n    \"collection\": {\n      \"title\": \"STAC Collection\",\n
        \     \"description\": \"These are the fields specific to a STAC Collection.
        All other fields are inherited from STAC Catalog.\",\n      \"type\": \"object\",\n
        \     \"required\": [\n        \"license\",\n        \"extent\"\n      ],\n
        \     \"properties\": {\n        \"stac_extensions\": {\n          \"title\":
        \"STAC extensions\",\n          \"type\": \"array\",\n          \"uniqueItems\":
        true,\n          \"items\": {\n            \"anyOf\": [\n              {\n
        \               \"title\": \"Reference to a JSON Schema\",\n                \"type\":
        \"string\",\n                \"format\": \"uri\"\n              },\n              {\n
        \               \"title\": \"Reference to a core extension\",\n                \"type\":
        \"string\",\n                \"enum\": [\n                  \"asset\",\n                  \"checksum\",\n
        \                 \"scientific\"\n                ]\n              }\n            ]\n
        \         }\n        },\n        \"keywords\": {\n          \"title\": \"Keywords\",\n
        \         \"type\": \"array\",\n          \"items\": {\n            \"type\":
        \"string\"\n          }\n        },\n        \"version\": {\n          \"title\":
        \"Collection Version\",\n          \"type\": \"string\"\n        },\n        \"license\":
        {\n          \"title\": \"Collection License Name\",\n          \"type\":
        \"string\"\n        },\n        \"providers\": {\n          \"type\": \"array\",\n
        \         \"items\": {\n            \"properties\": {\n              \"name\":
        {\n                \"title\": \"Organization name\",\n                \"type\":
        \"string\"\n              },\n              \"description\": {\n                \"title\":
        \"Provider description\",\n                \"type\": \"string\"\n              },\n
        \             \"roles\": {\n                \"title\": \"Organization roles\",\n
        \               \"type\": \"array\",\n                \"items\": {\n                  \"type\":
        \"string\",\n                  \"enum\": [\n                    \"producer\",\n
        \                   \"licensor\",\n                    \"processor\",\n                    \"host\"\n
        \                 ]\n                }\n              },\n              \"url\":
        {\n                \"title\": \"Homepage\",\n                \"type\": \"string\",\n
        \               \"format\": \"url\"\n              }\n            }\n          }\n
        \       },\n        \"extent\": {\n          \"title\": \"Extents\",\n          \"type\":
        \"object\",\n          \"required\": [\n            \"spatial\",\n            \"temporal\"\n
        \         ],\n          \"properties\": {\n            \"spatial\": {\n              \"title\":
        \"Spatial extent object\",\n              \"type\": \"object\",\n              \"required\":
        [\n                \"bbox\"\n              ],\n              \"properties\":
        {\n                \"bbox\": {\n                  \"title\": \"Spatial extents\",\n
        \                 \"type\": \"array\",\n                  \"minItems\": 1,\n
        \                 \"items\": {\n                    \"title\": \"Spatial extent\",\n
        \                   \"type\": \"array\",\n                    \"minItems\":
        4,\n                    \"maxItems\": 6,\n                    \"items\": {\n
        \                     \"type\": \"number\"\n                    }\n                  }\n
        \               }\n              }\n            },\n            \"temporal\":
        {\n              \"title\": \"Temporal extent object\",\n              \"type\":
        \"object\",\n              \"required\": [\n                \"interval\"\n
        \             ],\n              \"properties\": {\n                \"interval\":
        {\n                  \"title\": \"Temporal extents\",\n                  \"type\":
        \"array\",\n                  \"minItems\": 1,\n                  \"items\":
        {\n                    \"title\": \"Temporal extent\",\n                    \"type\":
        \"array\",\n                    \"minItems\": 2,\n                    \"maxItems\":
        2,\n                    \"items\": {\n                      \"type\": [\n
        \                       \"string\",\n                        \"null\"\n                      ],\n
        \                     \"format\": \"date-time\"\n                    }\n                  }\n
        \               }\n              }\n            }\n          }\n        },\n
        \       \"properties\": {\n          \"title\": \"Common properties\",\n          \"type\":
        \"object\"\n        }\n      }\n    }\n  }\n}"
    headers:
      Accept-Ranges:
      - bytes
      Access-Control-Allow-Origin:
      - '*'
      Cache-Control:
      - max-age=300
      Connection:
      - keep-alive
      Content-Length:
      - '4394'
      Content-Security-Policy:
      - default-src 'none'; style-src 'unsafe-inline'; sandbox
      Content-Type:
      - text/plain; charset=utf-8
      Cross-Origin-Resource-Policy:
      - cross-origin
      Date:
      - Thu, 08 Jan 2026 13:12:54 GMT
      ETag:
      - '"031974beaaaf6f0b5c6877dc97088d9e2aff3bc8962df33ff291dddded353f09"'
      Expires:
      - Thu, 08 Jan 2026 13:17:54 GMT
      Source-Age:
      - '39'
      Strict-Transport-Security:
      - max-age=31536000
      Vary:
      - Authorization,Accept-Encoding
      Via:
      - 1.1 varnish
      X-Cache:
      - HIT
      X-Cache-Hits:
      - '1'
      X-Content-Type-Options:
      - nosniff
      X-Fastly-Request-ID:
      - 2becc705781ecf857a237182a96940b4ee9ac00a
      X-Frame-Options:
      - deny
      X-GitHub-Request-Id:
      - D390:3D6176:1265F8:16AAB1:695FAD10
      X-Served-By:
      - cache-iad-kcgs7200097-IAD
      X-Timer:
      - S1767877974.360460,VS0,VE2
      X-XSS-Protection:
      - 1; mode=block
    status:
      code: 200
      message: OK
- request:
    body: null
    headers:
      User-Agent:
      - pystac/1.14.3
    method: GET
    uri: https://schemas.stacspec.org/v1.0.0-rc.3/item-spec/json-schema/item.json
  response:
    body:
      string: "{\n  \"$schema\": \"http://json-schema.org/draft-07/schema#\",\n  \"$id\":
        \"https://schemas.stacspec.org/v1.0.0-rc.3/item-spec/json-schema/item.json#\",\n
        \ \"title\": \"STAC Item\",\n  \"type\": \"object\",\n  \"description\": \"This
        object represents the metadata for an item in a SpatioTemporal Asset Catalog.\",\n
        \ \"allOf\": [\n    {\n      \"$ref\": \"#/definitions/core\"\n    }\n  ],\n
        \ \"definitions\": {\n    \"common_metadata\": {\n      \"allOf\": [\n        {\n
        \         \"$ref\": \"basics.json\"\n        },\n        {\n          \"$ref\":
        \"datetime.json\"\n        },\n        {\n          \"$ref\": \"instrument.json\"\n
        \       },\n        {\n          \"$ref\": \"licensing.json\"\n        },\n
        \       {\n          \"$ref\": \"provider.json\"\n        }\n      ]\n    },\n
        \   \"core\": {\n      \"allOf\": [\n        {\n          \"$ref\": \"https://geojson.org/schema/Feature.json\"\n
        \       },\n        {\n          \"oneOf\": [\n            {\n              \"type\":
        \"object\",\n              \"required\": [\n                \"geometry\",\n
        \               \"bbox\"\n              ],\n              \"properties\":
        {\n                \"geometry\": {\n                  \"$ref\": \"https://geojson.org/schema/Geometry.json\"\n
        \               },\n                \"bbox\": {\n                  \"type\":
        \"array\",\n                  \"oneOf\": [\n                    {\n                      \"minItems\":
        4,\n                      \"maxItems\": 4\n                    },\n                    {\n
        \                     \"minItems\": 6,\n                      \"maxItems\":
        6\n                    }\n                  ],\n                  \"items\":
        {\n                    \"type\": \"number\"\n                  }\n                }\n
        \             }\n            },\n            {\n              \"type\": \"object\",\n
        \             \"required\": [\n                \"geometry\"\n              ],\n
        \             \"properties\": {\n                \"geometry\": {\n                  \"type\":
        \"null\"\n                },\n                \"bbox\": {\n                  \"not\":
        {}\n                }\n              }\n            }\n          ]\n        },\n
        \       {\n          \"type\": \"object\",\n          \"required\": [\n            \"stac_version\",\n
        \           \"id\",\n            \"links\",\n            \"assets\",\n            \"properties\"\n
        \         ],\n          \"properties\": {\n            \"stac_version\": {\n
        \             \"title\": \"STAC version\",\n              \"type\": \"string\",\n
        \             \"const\": \"1.0.0-rc.3\"\n            },\n            \"stac_extensions\":
        {\n              \"title\": \"STAC extensions\",\n              \"type\":
        \"array\",\n              \"uniqueItems\": true,\n              \"items\":
        {\n                \"anyOf\": [\n                  {\n                    \"title\":
        \"Reference to a JSON Schema\",\n                    \"type\": \"string\",\n
        \                   \"format\": \"iri\"\n                  },\n                  {\n
        \                   \"title\": \"Reference to a core extension\",\n                    \"type\":
        \"string\"\n                  }\n                ]\n              }\n            },\n
        \           \"id\": {\n              \"title\": \"Provider ID\",\n              \"description\":
        \"Provider item ID\",\n              \"type\": \"string\",\n              \"minLength\":
        1\n            },\n            \"links\": {\n              \"title\": \"Item
        links\",\n              \"description\": \"Links to item relations\",\n              \"type\":
        \"array\",\n              \"items\": {\n                \"$ref\": \"#/definitions/link\"\n
        \             }\n            },\n            \"assets\": {\n              \"$ref\":
        \"#/definitions/assets\"\n            },\n            \"properties\": {\n
        \             \"allOf\": [\n                {\n                  \"$ref\":
        \"#/definitions/common_metadata\"\n                },\n                {\n
        \                 \"anyOf\": [\n                    {\n                      \"required\":
        [\n                        \"datetime\"\n                      ],\n                      \"properties\":
        {\n                        \"datetime\": {\n                          \"not\":
        {\n                            \"type\": \"null\"\n                          }\n
        \                       }\n                      }\n                    },\n
        \                   {\n                      \"required\": [\n                        \"datetime\",\n
        \                       \"start_datetime\",\n                        \"end_datetime\"\n
        \                     ]\n                    }\n                  ]\n                }\n
        \             ]\n            }\n          },\n          \"if\": {\n            \"properties\":
        {\n              \"links\": {\n                \"contains\": {\n                  \"required\":
        [\n                    \"rel\"\n                  ],\n                  \"properties\":
        {\n                    \"rel\": {\n                      \"const\": \"collection\"\n
        \                   }\n                  }\n                }\n              }\n
        \           }\n          },\n          \"then\": {\n            \"required\":
        [\n              \"collection\"\n            ],\n            \"properties\":
        {\n              \"collection\": {\n                \"title\": \"Collection
        ID\",\n                \"description\": \"The ID of the STAC Collection this
        Item references to.\",\n                \"type\": \"string\",\n                \"minLength\":
        1\n              }\n            }\n          },\n          \"else\": {\n            \"properties\":
        {\n              \"collection\": {\n                \"not\": {}\n              }\n
        \           }\n          }\n        }\n      ]\n    },\n    \"link\": {\n
        \     \"type\": \"object\",\n      \"required\": [\n        \"rel\",\n        \"href\"\n
        \     ],\n      \"properties\": {\n        \"href\": {\n          \"title\":
        \"Link reference\",\n          \"type\": \"string\",\n          \"format\":
        \"iri-reference\",\n          \"minLength\": 1\n        },\n        \"rel\":
        {\n          \"title\": \"Link relation type\",\n          \"type\": \"string\",\n
        \         \"minLength\": 1\n        },\n        \"type\": {\n          \"title\":
        \"Link type\",\n          \"type\": \"string\"\n        },\n        \"title\":
        {\n          \"title\": \"Link title\",\n          \"type\": \"string\"\n
        \       }\n      }\n    },\n    \"assets\": {\n      \"title\": \"Asset links\",\n
        \     \"description\": \"Links to assets\",\n      \"type\": \"object\",\n
        \     \"additionalProperties\": {\n        \"$ref\": \"#/definitions/asset\"\n
        \     }\n    },\n    \"asset\": {\n      \"allOf\": [\n        {\n          \"type\":
        \"object\",\n          \"required\": [\n            \"href\"\n          ],\n
        \         \"properties\": {\n            \"href\": {\n              \"title\":
        \"Asset reference\",\n              \"type\": \"string\",\n              \"format\":
        \"iri-reference\",\n              \"minLength\": 1\n            },\n            \"title\":
        {\n              \"title\": \"Asset title\",\n              \"type\": \"string\"\n
        \           },\n            \"description\": {\n              \"title\": \"Asset
        description\",\n              \"type\": \"string\"\n            },\n            \"type\":
        {\n              \"title\": \"Asset type\",\n              \"type\": \"string\"\n
        \           },\n            \"roles\": {\n              \"title\": \"Asset
        roles\",\n              \"type\": \"array\",\n              \"items\": {\n
        \               \"type\": \"string\"\n              }\n            }\n          }\n
        \       },\n        {\n          \"$ref\": \"#/definitions/common_metadata\"\n
        \       }\n      ]\n    }\n  }\n}\n"
    headers:
      Accept-Ranges:
      - bytes
      Access-Control-Allow-Origin:
      - '*'
      Age:
      - '8'
      Cache-Control:
      - max-age=600
      Connection:
      - keep-alive
      Content-Length:
      - '6970'
      Content-Type:
      - application/json; charset=utf-8
      Date:
      - Thu, 08 Jan 2026 13:12:54 GMT
      ETag:
      - '"691b88d5-1b3a"'
      Last-Modified:
      - Mon, 17 Nov 2025 20:43:01 GMT
      Server:
      - GitHub.com
      Vary:
      - Accept-Encoding
      Via:
      - 1.1 varnish
      X-Cache:
      - HIT
      X-Cache-Hits:
      - '1'
      X-Fastly-Request-ID:
      - aaa94245d3bdf275d4dc0952057c06e14e70e42b
      X-GitHub-Request-Id:
      - 1365:F2624:2439EE:27560A:695FAD4B
      X-Served-By:
      - cache-iad-kcgs7200049-IAD
      X-Timer:
      - S1767877974.390212,VS0,VE1
      expires:
      - Thu, 08 Jan 2026 13:22:46 GMT
      x-proxy-cache:
      - MISS
    status:
      code: 200
      message: OK
- request:
    body: null
    headers:
      User-Agent:
      - pystac/1.14.3
    method: GET
    uri: https://schemas.stacspec.org/v1.0.0-rc.3/item-spec/json-schema/basics.json
  response:
    body:
      string: "{\n  \"$schema\": \"http://json-schema.org/draft-07/schema#\",\n  \"$id\":
        \"https://schemas.stacspec.org/v1.0.0-rc.3/item-spec/json-schema/basics.json#\",\n
        \ \"title\": \"Basic Descriptive Fields\",\n  \"type\": \"object\",\n  \"properties\":
        {\n    \"title\": {\n      \"title\": \"Item Title\",\n      \"description\":
        \"A human-readable title describing the Item.\",\n      \"type\": \"string\"\n
        \   },\n    \"description\": {\n      \"title\": \"Item Description\",\n      \"description\":
        \"Detailed multi-line description to fully explain the Item.\",\n      \"type\":
        \"string\"\n    }\n  }\n}"
    headers:
      Accept-Ranges:
      - bytes
      Access-Control-Allow-Origin:
      - '*'
      Age:
      - '8'
      Cache-Control:
      - max-age=600
      Connection:
      - keep-alive
      Content-Length:
      - '538'
      Content-Type:
      - application/json; charset=utf-8
      Date:
      - Thu, 08 Jan 2026 13:12:54 GMT
      ETag:
      - '"691b88d5-21a"'
      Last-Modified:
      - Mon, 17 Nov 2025 20:43:01 GMT
      Server:
      - GitHub.com
      Vary:
      - Accept-Encoding
      Via:
      - 1.1 varnish
      X-Cache:
      - HIT
      X-Cache-Hits:
      - '1'
      X-Fastly-Request-ID:
      - 8177a9346406b8a9bdc29e181576017276fad5ba
      X-GitHub-Request-Id:
      - 26DC:E1842:27D708:2AEFCD:695FAD4E
      X-Served-By:
      - cache-iad-kcgs7200167-IAD
      X-Timer:
      - S1767877974.427586,VS0,VE2
      expires:
      - Thu, 08 Jan 2026 13:22:46 GMT
      x-proxy-cache:
      - MISS
    status:
      code: 200
      message: OK
- request:
    body: null
    headers:
      User-Agent:
      - pystac/1.14.3
    method: GET
    uri: https://schemas.stacspec.org/v1.0.0-rc.3/item-spec/json-schema/datetime.json
  response:
    body:
      string: "{\n  \"$schema\": \"http://json-schema.org/draft-07/schema#\",\n  \"$id\":
        \"https://schemas.stacspec.org/v1.0.0-rc.3/item-spec/json-schema/datetime.json#\",\n
        \ \"title\": \"Date and Time Fields\",\n  \"type\": \"object\",\n  \"dependencies\":
        {\n    \"start_datetime\": {\n      \"required\": [\n        \"end_datetime\"\n
        \     ]\n    },\n    \"end_datetime\": {\n      \"required\": [\n        \"start_datetime\"\n
        \     ]\n    }\n  },\n  \"properties\": {\n    \"datetime\": {\n      \"title\":
        \"Date and Time\",\n      \"description\": \"The searchable date/time of the
        assets, in UTC (Formatted in RFC 3339) \",\n      \"type\": [\"string\", \"null\"],\n
        \     \"format\": \"date-time\",\n      \"pattern\": \"(\\\\+00:00|Z)$\"\n
        \   },\n    \"start_datetime\": {\n      \"title\": \"Start Date and Time\",\n
        \     \"description\": \"The searchable start date/time of the assets, in
        UTC (Formatted in RFC 3339) \",\n      \"type\": \"string\",\n      \"format\":
        \"date-time\",\n      \"pattern\": \"(\\\\+00:00|Z)$\"\n    }, \n    \"end_datetime\":
        {\n      \"title\": \"End Date and Time\", \n      \"description\": \"The
        searchable end date/time of the assets, in UTC (Formatted in RFC 3339) \",
        \                 \n      \"type\": \"string\",\n      \"format\": \"date-time\",\n
        \     \"pattern\": \"(\\\\+00:00|Z)$\"\n    },\n    \"created\": {\n      \"title\":
        \"Creation Time\",\n      \"type\": \"string\",\n      \"format\": \"date-time\",\n
        \     \"pattern\": \"(\\\\+00:00|Z)$\"\n    },\n    \"updated\": {\n      \"title\":
        \"Last Update Time\",\n      \"type\": \"string\",\n      \"format\": \"date-time\",\n
        \     \"pattern\": \"(\\\\+00:00|Z)$\"\n    }\n  }\n}"
    headers:
      Accept-Ranges:
      - bytes
      Access-Control-Allow-Origin:
      - '*'
      Age:
      - '8'
      Cache-Control:
      - max-age=600
      Connection:
      - keep-alive
      Content-Length:
      - '1477'
      Content-Type:
      - application/json; charset=utf-8
      Date:
      - Thu, 08 Jan 2026 13:12:54 GMT
      ETag:
      - '"691b88d5-5c5"'
      Last-Modified:
      - Mon, 17 Nov 2025 20:43:01 GMT
      Server:
      - GitHub.com
      Vary:
      - Accept-Encoding
      Via:
      - 1.1 varnish
      X-Cache:
      - HIT
      X-Cache-Hits:
      - '1'
      X-Fastly-Request-ID:
      - bb1efee84204cbe93f9321a7a8e6a65e0741301d
      X-GitHub-Request-Id:
      - BDE6:149693:27A7DA:2AC22D:695FAD4E
      X-Served-By:
      - cache-iad-kcgs7200099-IAD
      X-Timer:
      - S1767877974.456688,VS0,VE1
      expires:
      - Thu, 08 Jan 2026 13:22:46 GMT
      x-origin-cache:
      - HIT
      x-proxy-cache:
      - MISS
    status:
      code: 200
      message: OK
- request:
    body: null
    headers:
      User-Agent:
      - pystac/1.14.3
    method: GET
    uri: https://schemas.stacspec.org/v1.0.0-rc.3/item-spec/json-schema/instrument.json
  response:
    body:
      string: "{\n  \"$schema\": \"http://json-schema.org/draft-07/schema#\",\n  \"$id\":
        \"https://schemas.stacspec.org/v1.0.0-rc.3/item-spec/json-schema/instrument.json#\",\n
        \ \"title\": \"Instrument Fields\",\n  \"type\": \"object\",\n  \"properties\":
        {\n    \"platform\": {\n      \"title\": \"Platform\",\n      \"type\": \"string\"\n
        \   },\n    \"instruments\": {\n      \"title\": \"Instruments\",\n      \"type\":
        \"array\",\n      \"items\": {\n        \"type\": \"string\"\n      }\n    },\n
        \   \"constellation\": {\n      \"title\": \"Constellation\",\n      \"type\":
        \"string\"\n    },\n    \"mission\": {\n      \"title\": \"Mission\",\n      \"type\":
        \"string\"\n    },\n    \"gsd\": {\n      \"title\": \"Ground Sample Distance\",\n
        \     \"type\": \"number\",\n      \"exclusiveMinimum\": 0\n    }\n  }\n}"
    headers:
      Accept-Ranges:
      - bytes
      Access-Control-Allow-Origin:
      - '*'
      Age:
      - '8'
      Cache-Control:
      - max-age=600
      Connection:
      - keep-alive
      Content-Length:
      - '701'
      Content-Type:
      - application/json; charset=utf-8
      Date:
      - Thu, 08 Jan 2026 13:12:54 GMT
      ETag:
      - '"691b88d5-2bd"'
      Last-Modified:
      - Mon, 17 Nov 2025 20:43:01 GMT
      Server:
      - GitHub.com
      Vary:
      - Accept-Encoding
      Via:
      - 1.1 varnish
      X-Cache:
      - HIT
      X-Cache-Hits:
      - '1'
      X-Fastly-Request-ID:
      - 21a58c4d6c1f341ee8fbd6954d360129cc26d33a
      X-GitHub-Request-Id:
      - BBBA:340601:28CA30:2D695D:695FAD4E
      X-Served-By:
      - cache-iad-kcgs7200149-IAD
      X-Timer:
      - S1767877974.485793,VS0,VE1
      expires:
      - Thu, 08 Jan 2026 13:22:46 GMT
      x-proxy-cache:
      - MISS
    status:
      code: 200
      message: OK
- request:
    body: null
    headers:
      User-Agent:
      - pystac/1.14.3
    method: GET
    uri: https://schemas.stacspec.org/v1.0.0-rc.3/item-spec/json-schema/licensing.json
  response:
    body:
      string: "{\n  \"$schema\": \"http://json-schema.org/draft-07/schema#\",\n  \"$id\":
        \"https://schemas.stacspec.org/v1.0.0-rc.3/item-spec/json-schema/licensing.json#\",\n
        \ \"title\": \"Licensing Fields\",\n  \"type\": \"object\",\n  \"properties\":
        {\n    \"license\": {\n      \"type\": \"string\",\n      \"pattern\": \"^[\\\\w\\\\-\\\\.\\\\+]+$\"\n
        \   }\n  }\n}"
    headers:
      Accept-Ranges:
      - bytes
      Access-Control-Allow-Origin:
      - '*'
      Age:
      - '8'
      Cache-Control:
      - max-age=600
      Connection:
      - keep-alive
      Content-Length:
      - '307'
      Content-Type:
      - application/json; charset=utf-8
      Date:
      - Thu, 08 Jan 2026 13:12:54 GMT
      ETag:
      - '"691b88d5-133"'
      Last-Modified:
      - Mon, 17 Nov 2025 20:43:01 GMT
      Server:
      - GitHub.com
      Vary:
      - Accept-Encoding
      Via:
      - 1.1 varnish
      X-Cache:
      - HIT
      X-Cache-Hits:
      - '1'
      X-Fastly-Request-ID:
      - d92e15277e44e084a81b95ce2725f75864dfa2aa
      X-GitHub-Request-Id:
      - 4466:272469:245684:28F213:695FAD4E
      X-Served-By:
      - cache-iad-kcgs7200071-IAD
      X-Timer:
      - S1767877975.514367,VS0,VE1
      expires:
      - Thu, 08 Jan 2026 13:22:46 GMT
      x-origin-cache:
      - HIT
      x-proxy-cache:
      - MISS
    status:
      code: 200
      message: OK
- request:
    body: null
    headers:
      User-Agent:
      - pystac/1.14.3
    method: GET
    uri: https://schemas.stacspec.org/v1.0.0-rc.3/item-spec/json-schema/provider.json
  response:
    body:
      string: "{\n  \"$schema\": \"http://json-schema.org/draft-07/schema#\",\n  \"$id\":
        \"https://schemas.stacspec.org/v1.0.0-rc.3/item-spec/json-schema/provider.json#\",\n
        \ \"title\": \"Provider Fields\",\n  \"type\": \"object\",\n  \"properties\":
        {\n    \"providers\": {\n      \"title\": \"Providers\",\n      \"type\":
        \"array\",\n      \"items\": {\n        \"type\": \"object\",\n        \"required\":
        [\n          \"name\"\n        ],\n        \"properties\": {\n          \"name\":
        {\n            \"title\": \"Organization name\",\n            \"type\": \"string\",\n
        \           \"minLength\": 1\n          },\n          \"description\": {\n
        \           \"title\": \"Organization description\",\n            \"type\":
        \"string\"\n          },\n          \"roles\": {\n            \"title\": \"Organization
        roles\",\n            \"type\": \"array\",\n            \"items\": {\n              \"type\":
        \"string\",\n              \"enum\": [\n                \"producer\",\n                \"licensor\",\n
        \               \"processor\",\n                \"host\"\n              ]\n
        \           }\n          },\n          \"url\": {\n            \"title\":
        \"Organization homepage\",\n            \"type\": \"string\",\n            \"format\":
        \"iri\"\n          }\n        }\n      }\n    }\n  }\n}"
    headers:
      Accept-Ranges:
      - bytes
      Access-Control-Allow-Origin:
      - '*'
      Age:
      - '8'
      Cache-Control:
      - max-age=600
      Connection:
      - keep-alive
      Content-Length:
      - '1140'
      Content-Type:
      - application/json; charset=utf-8
      Date:
      - Thu, 08 Jan 2026 13:12:54 GMT
      ETag:
      - '"691b88d5-474"'
      Last-Modified:
      - Mon, 17 Nov 2025 20:43:01 GMT
      Server:
      - GitHub.com
      Vary:
      - Accept-Encoding
      Via:
      - 1.1 varnish
      X-Cache:
      - HIT
      X-Cache-Hits:
      - '1'
      X-Fastly-Request-ID:
      - 8323a6c3ffd75b8786c0aa37731eda101a9b7b72
      X-GitHub-Request-Id:
      - 45F0:272469:24568C:28F21B:695FAD4E
      X-Served-By:
      - cache-iad-kcgs7200051-IAD
      X-Timer:
      - S1767877975.542889,VS0,VE1
      expires:
      - Thu, 08 Jan 2026 13:22:46 GMT
      x-origin-cache:
      - HIT
      x-proxy-cache:
      - MISS
    status:
      code: 200
      message: OK
- request:
    body: null
    headers:
      User-Agent:
      - pystac/1.14.3
    method: GET
    uri: https://stac-extensions.github.io/label/v1.0.1/schema.json
  response:
    body:
      string: "{\n  \"$schema\": \"http://json-schema.org/draft-07/schema#\",\n  \"$id\":
        \"https://stac-extensions.github.io/label/v1.0.1/schema.json#\",\n  \"title\":
        \"Label Extension\",\n  \"description\": \"STAC Label Extension for STAC Items
        and STAC Collections.\",\n  \"oneOf\": [\n    {\n      \"$comment\": \"This
        is the schema for STAC Items.\",\n      \"allOf\": [\n        {\n          \"type\":
        \"object\",\n          \"required\": [\n            \"type\",\n            \"properties\",\n
        \           \"links\",\n            \"assets\"\n          ],\n          \"properties\":
        {\n            \"type\": {\n              \"const\": \"Feature\"\n            },\n
        \           \"properties\": {\n              \"allOf\": [\n                {\n
        \                 \"$comment\": \"Require fields here for item properties.\",\n
        \                 \"required\": [\n                    \"label:properties\",\n
        \                   \"label:description\",\n                    \"label:type\"\n
        \                 ]\n                },\n                {\n                  \"$ref\":
        \"#/definitions/fields\"\n                }\n              ]\n            },\n
        \           \"links\": {\n              \"type\": \"array\",\n              \"items\":
        {\n                \"$ref\": \"#/definitions/link_fields\"\n              }\n
        \           },\n            \"assets\": {\n              \"type\": \"object\",\n
        \             \"additionalProperties\": {\n                \"$ref\": \"#/definitions/fields\"\n
        \             }\n            }\n          }\n        },\n        {\n          \"$ref\":
        \"#/definitions/stac_extensions\"\n        }\n      ]\n    },\n    {\n      \"$comment\":
        \"This is the schema for STAC Collections.\",\n      \"allOf\": [\n        {\n
        \         \"type\": \"object\",\n          \"required\": [\n            \"type\"\n
        \         ],\n          \"properties\": {\n            \"type\": {\n              \"const\":
        \"Collection\"\n            },\n            \"assets\": {\n              \"type\":
        \"object\",\n              \"additionalProperties\": {\n                \"$ref\":
        \"#/definitions/fields\"\n              }\n            },\n            \"item_assets\":
        {\n              \"type\": \"object\",\n              \"additionalProperties\":
        {\n                \"$ref\": \"#/definitions/fields\"\n              }\n            }\n
        \         }\n        },\n        {\n          \"$ref\": \"#/definitions/stac_extensions\"\n
        \       }\n      ]\n    }\n  ],\n  \"definitions\": {\n    \"stac_extensions\":
        {\n      \"type\": \"object\",\n      \"required\": [\n        \"stac_extensions\"\n
        \     ],\n      \"properties\": {\n        \"stac_extensions\": {\n          \"type\":
        \"array\",\n          \"contains\": {\n            \"const\": \"https://stac-extensions.github.io/label/v1.0.1/schema.json\"\n
        \         }\n        }\n      }\n    },\n    \"link_fields\": {\n      \"type\":
        \"object\",\n      \"properties\": {\n        \"label:assets\": {\n          \"type\":
        \"array\",\n          \"items\": {\n            \"type\": \"string\"\n          }\n
        \       }\n      },\n      \"patternProperties\": {\n        \"^(?!label:)\":
        {}\n      },\n      \"additionalProperties\": false\n    },\n    \"fields\":
        {\n      \"type\": \"object\",\n      \"properties\": {\n        \"label:properties\":
        {\n          \"title\": \"Property\",\n          \"oneOf\": [\n            {\n
        \             \"type\": \"array\",\n              \"minItems\": 1,\n              \"items\":
        {\n                \"type\": \"string\"\n              }\n            },\n
        \           {\n              \"type\": \"null\"\n            }\n          ]\n
        \       },\n        \"label:classes\": {\n          \"title\": \"Classes\",\n
        \         \"type\": \"array\",\n          \"items\": {\n            \"type\":
        \"object\",\n            \"required\": [\n              \"name\",\n              \"classes\"\n
        \           ],\n            \"properties\": {\n              \"name\": {\n
        \               \"title\": \"Name\"\n              },\n              \"classes\":
        {\n                \"title\": \"Classes\",\n                \"oneOf\": [\n
        \                 {\n                    \"type\": \"array\",\n                    \"items\":
        {\n                      \"type\": \"string\"\n                    }\n                  },\n
        \                 {\n                    \"type\": \"array\",\n                    \"items\":
        {\n                      \"type\": \"number\"\n                    }\n                  }\n
        \               ]\n              }\n            }\n          }\n        },\n
        \       \"label:description\": {\n          \"title\": \"Description\",\n
        \         \"type\": \"string\",\n          \"minLength\": 1\n        },\n
        \       \"label:type\": {\n          \"title\": \"Type\",\n          \"type\":
        \"string\",\n          \"enum\": [\n            \"raster\",\n            \"vector\"\n
        \         ]\n        },\n        \"label:tasks\": {\n          \"title\":
        \"Task\",\n          \"type\": \"array\",\n          \"items\": {\n            \"type\":
        \"string\"\n          }\n        },\n        \"label:methods\": {\n          \"title\":
        \"Method\",\n          \"type\": \"array\",\n          \"items\": {\n            \"type\":
        \"string\"\n          }\n        },\n        \"label:overviews\": {\n          \"title\":
        \"Overview\",\n          \"type\": \"array\",\n          \"items\": {\n            \"type\":
        \"object\",\n            \"properties\": {\n              \"property_key\":
        {\n                \"title\": \"Property Key\",\n                \"type\":
        \"string\"\n              },\n              \"counts\": {\n                \"title\":
        \"Counts\",\n                \"type\": \"array\",\n                \"items\":
        {\n                  \"type\": \"object\",\n                  \"properties\":
        {\n                    \"name\": {\n                      \"title\": \"Class
        Name\",\n                      \"type\": \"string\"\n                    },\n
        \                   \"count\": {\n                      \"title\": \"Count\",\n
        \                     \"type\": \"integer\"\n                    }\n                  }\n
        \               }\n              },\n              \"statistics\": {\n                \"title\":
        \"Statistics\",\n                \"type\": \"array\",\n                \"items\":
        {\n                  \"type\": \"object\",\n                  \"properties\":
        {\n                    \"name\": {\n                      \"title\": \"Stat
        Name\",\n                      \"type\": \"string\"\n                    },\n
        \                   \"value\": {\n                      \"title\": \"Value\",\n
        \                     \"type\": \"number\"\n                    }\n                  }\n
        \               }\n              }\n            }\n          }\n        }\n
        \     },\n      \"if\": {\n        \"properties\": {\n          \"label:type\":
        {\n            \"const\": \"raster\"\n          }\n        }\n      },\n      \"then\":
        {\n        \"properties\": {\n          \"label:classes\": {\n            \"items\":
        {\n              \"properties\": {\n                \"name\": {\n                  \"type\":
        \"null\"\n                }\n              }\n            }\n          }\n
        \       }\n      },\n      \"else\": {\n        \"properties\": {\n          \"label:classes\":
        {\n            \"items\": {\n              \"properties\": {\n                \"name\":
        {\n                  \"type\": \"string\",\n                  \"minLength\":
        1\n                }\n              }\n            }\n          }\n        }\n
        \     },\n      \"patternProperties\": {\n        \"^(?!label:)\": {}\n      },\n
        \     \"additionalProperties\": false\n    }\n  }\n}"
    headers:
      Accept-Ranges:
      - bytes
      Access-Control-Allow-Origin:
      - '*'
      Age:
      - '66'
      Cache-Control:
      - max-age=600
      Connection:
      - keep-alive
      Content-Length:
      - '6847'
      Content-Type:
      - application/json; charset=utf-8
      Date:
      - Thu, 08 Jan 2026 13:12:54 GMT
      ETag:
      - '"61eb1dc9-1abf"'
      Last-Modified:
      - Fri, 21 Jan 2022 20:55:37 GMT
      Server:
      - GitHub.com
      Strict-Transport-Security:
      - max-age=31556952
      Vary:
      - Accept-Encoding
      Via:
      - 1.1 varnish
      X-Cache:
      - HIT
      X-Cache-Hits:
      - '1'
      X-Fastly-Request-ID:
      - b343716366bcc9e7ce08f4465d95c2fbaf713630
      X-GitHub-Request-Id:
      - 848A:31EF5F:236C40:28093E:695FAD14
      X-Served-By:
      - cache-iad-kcgs7200050-IAD
      X-Timer:
      - S1767877975.593047,VS0,VE1
      expires:
      - Thu, 08 Jan 2026 13:21:48 GMT
      x-proxy-cache:
      - MISS
    status:
      code: 200
      message: OK
- request:
    body: null
    headers:
      User-Agent:
      - pystac/1.14.3
    method: GET
    uri: https://raw.githubusercontent.com/radiantearth/stac-spec/v0.8.1/extensions/asset/json-schema/schema.json
  response:
    body:
      string: "{\n  \"$schema\": \"http://json-schema.org/draft-07/schema#\",\n  \"$id\":
        \"schema.json#\",\n  \"title\": \"Asset Definition Extension Specification\",\n
        \ \"description\": \"STAC Asset Definition Extension to a STAC Collection\",\n
        \ \"allOf\": [\n    {\n      \"$ref\": \"../../../collection-spec/json-schema/collection.json\"\n
        \   },\n    {\n      \"$ref\": \"#/definitions/assets\"\n    }\n  ],\n  \"definitions\":
        {\n    \"assets\": {\n      \"title\": \"Asset schemas\",\n      \"type\":
        \"object\",\n      \"required\": [\n        \"assets\"\n      ],\n      \"properties\":
        {\n        \"assets\": {\n          \"type\": \"object\",\n          \"additionalProperties\":
        {\n            \"$ref\": \"#/definitions/asset\"\n          }\n        }\n
        \     }\n    },\n    \"asset\": {\n      \"type\": \"object\",\n      \"required\":
        [\n        \"title\",\n        \"type\"\n      ],\n      \"properties\": {\n
        \       \"title\": {\n          \"title\": \"Asset title\",\n          \"type\":
        \"string\"\n        },\n        \"type\": {\n          \"title\": \"Asset
        type\",\n          \"type\": \"string\"\n        }\n      }\n    }\n  }\n}"
    headers:
      Accept-Ranges:
      - bytes
      Access-Control-Allow-Origin:
      - '*'
      Cache-Control:
      - max-age=300
      Connection:
      - keep-alive
      Content-Length:
      - '1002'
      Content-Security-Policy:
      - default-src 'none'; style-src 'unsafe-inline'; sandbox
      Content-Type:
      - text/plain; charset=utf-8
      Cross-Origin-Resource-Policy:
      - cross-origin
      Date:
      - Thu, 08 Jan 2026 13:12:56 GMT
      ETag:
      - '"cffbb0036f526b016f24477e0ad674e75b6fefb89708ca796686de9d2e2a67ed"'
      Expires:
      - Thu, 08 Jan 2026 13:17:56 GMT
      Source-Age:
      - '40'
      Strict-Transport-Security:
      - max-age=31536000
      Vary:
      - Authorization,Accept-Encoding
      Via:
      - 1.1 varnish
      X-Cache:
      - HIT
      X-Cache-Hits:
      - '1'
      X-Content-Type-Options:
      - nosniff
      X-Fastly-Request-ID:
      - dd64ab0ddb2d0ac32802713a49d87c7bbbb6e080
      X-Frame-Options:
      - deny
      X-GitHub-Request-Id:
      - 4848:198208:1DA215:23E04D:695FAD2F
      X-Served-By:
      - cache-iad-kcgs7200059-IAD
      X-Timer:
      - S1767877976.451259,VS0,VE2
      X-XSS-Protection:
      - 1; mode=block
    status:
      code: 200
      message: OK
version: 1
