interactions:
- request:
    body: null
    headers:
      Connection:
      - close
      Host:
      - raw.githubusercontent.com
      User-Agent:
      - Python-urllib/3.12
    method: GET
    uri: https://raw.githubusercontent.com/radiantearth/stac-spec/v0.8.1/collection-spec/json-schema/collection.json
  response:
    body:
      string: "{\n  \"$schema\": \"http://json-schema.org/draft-07/schema#\",\n  \"$id\":
        \"collection.json#\",\n  \"title\": \"STAC Collection Specification\",\n  \"description\":
        \"This object represents Collections in a SpatioTemporal Asset Catalog.\",\n
        \ \"allOf\": [\n    {\n      \"$ref\": \"../../catalog-spec/json-schema/catalog.json\"\n
        \   },\n    {\n      \"$ref\": \"#/definitions/collection\"\n    }\n  ],\n
        \ \"definitions\": {\n    \"collection\": {\n      \"title\": \"STAC Collection\",\n
        \     \"description\": \"These are the fields specific to a STAC Collection.
        All other fields are inherited from STAC Catalog.\",\n      \"type\": \"object\",\n
        \     \"required\": [\n        \"license\",\n        \"extent\"\n      ],\n
        \     \"properties\": {\n        \"stac_extensions\": {\n          \"title\":
        \"STAC extensions\",\n          \"type\": \"array\",\n          \"uniqueItems\":
        true,\n          \"items\": {\n            \"anyOf\": [\n              {\n
        \               \"title\": \"Reference to a JSON Schema\",\n                \"type\":
        \"string\",\n                \"format\": \"uri\"\n              },\n              {\n
        \               \"title\": \"Reference to a core extension\",\n                \"type\":
        \"string\",\n                \"enum\": [\n                  \"asset\",\n                  \"checksum\",\n
        \                 \"scientific\"\n                ]\n              }\n            ]\n
        \         }\n        },\n        \"keywords\": {\n          \"title\": \"Keywords\",\n
        \         \"type\": \"array\",\n          \"items\": {\n            \"type\":
        \"string\"\n          }\n        },\n        \"version\": {\n          \"title\":
        \"Collection Version\",\n          \"type\": \"string\"\n        },\n        \"license\":
        {\n          \"title\": \"Collection License Name\",\n          \"type\":
        \"string\"\n        },\n        \"providers\": {\n          \"type\": \"array\",\n
        \         \"items\": {\n            \"properties\": {\n              \"name\":
        {\n                \"title\": \"Organization name\",\n                \"type\":
        \"string\"\n              },\n              \"description\": {\n                \"title\":
        \"Provider description\",\n                \"type\": \"string\"\n              },\n
        \             \"roles\": {\n                \"title\": \"Organization roles\",\n
        \               \"type\": \"array\",\n                \"items\": {\n                  \"type\":
        \"string\",\n                  \"enum\": [\n                    \"producer\",\n
        \                   \"licensor\",\n                    \"processor\",\n                    \"host\"\n
        \                 ]\n                }\n              },\n              \"url\":
        {\n                \"title\": \"Homepage\",\n                \"type\": \"string\",\n
        \               \"format\": \"url\"\n              }\n            }\n          }\n
        \       },\n        \"extent\": {\n          \"title\": \"Extents\",\n          \"type\":
        \"object\",\n          \"required\": [\n            \"spatial\",\n            \"temporal\"\n
        \         ],\n          \"properties\": {\n            \"spatial\": {\n              \"title\":
        \"Spatial extent object\",\n              \"type\": \"object\",\n              \"required\":
        [\n                \"bbox\"\n              ],\n              \"properties\":
        {\n                \"bbox\": {\n                  \"title\": \"Spatial extents\",\n
        \                 \"type\": \"array\",\n                  \"minItems\": 1,\n
        \                 \"items\": {\n                    \"title\": \"Spatial extent\",\n
        \                   \"type\": \"array\",\n                    \"minItems\":
        4,\n                    \"maxItems\": 6,\n                    \"items\": {\n
        \                     \"type\": \"number\"\n                    }\n                  }\n
        \               }\n              }\n            },\n            \"temporal\":
        {\n              \"title\": \"Temporal extent object\",\n              \"type\":
        \"object\",\n              \"required\": [\n                \"interval\"\n
        \             ],\n              \"properties\": {\n                \"interval\":
        {\n                  \"title\": \"Temporal extents\",\n                  \"type\":
        \"array\",\n                  \"minItems\": 1,\n                  \"items\":
        {\n                    \"title\": \"Temporal extent\",\n                    \"type\":
        \"array\",\n                    \"minItems\": 2,\n                    \"maxItems\":
        2,\n                    \"items\": {\n                      \"type\": [\n
        \                       \"string\",\n                        \"null\"\n                      ],\n
        \                     \"format\": \"date-time\"\n                    }\n                  }\n
        \               }\n              }\n            }\n          }\n        },\n
        \       \"properties\": {\n          \"title\": \"Common properties\",\n          \"type\":
        \"object\"\n        }\n      }\n    }\n  }\n}"
    headers:
      Accept-Ranges:
      - bytes
      Access-Control-Allow-Origin:
      - '*'
      Cache-Control:
      - max-age=300
      Connection:
      - close
      Content-Length:
      - '4394'
      Content-Security-Policy:
      - default-src 'none'; style-src 'unsafe-inline'; sandbox
      Content-Type:
      - text/plain; charset=utf-8
      Cross-Origin-Resource-Policy:
      - cross-origin
      Date:
      - Thu, 23 Jan 2025 15:04:31 GMT
      ETag:
      - '"031974beaaaf6f0b5c6877dc97088d9e2aff3bc8962df33ff291dddded353f09"'
      Expires:
      - Thu, 23 Jan 2025 15:09:31 GMT
      Source-Age:
      - '0'
      Strict-Transport-Security:
      - max-age=31536000
      Vary:
      - Authorization,Accept-Encoding,Origin
      Via:
      - 1.1 varnish
      X-Cache:
      - HIT
      X-Cache-Hits:
      - '1'
      X-Content-Type-Options:
      - nosniff
      X-Fastly-Request-ID:
      - adddc2f7750dc0ba785b520362bf85a517ce4097
      X-Frame-Options:
      - deny
      X-GitHub-Request-Id:
      - 31A4:2AEF76:21042C:245237:67925A7D
      X-Served-By:
      - cache-den-kden1300028-DEN
      X-Timer:
      - S1737644671.071362,VS0,VE1
      X-XSS-Protection:
      - 1; mode=block
    status:
      code: 200
      message: OK
- request:
    body: null
    headers:
      Connection:
      - close
      Host:
      - raw.githubusercontent.com
      User-Agent:
      - Python-urllib/3.12
    method: GET
    uri: https://raw.githubusercontent.com/radiantearth/stac-spec/v0.8.1/catalog-spec/json-schema/catalog.json
  response:
    body:
      string: "{\n  \"$schema\": \"http://json-schema.org/draft-07/schema#\",\n  \"$id\":
        \"catalog.json#\",\n  \"title\": \"STAC Catalog Specification\",\n  \"description\":
        \"This object represents Catalogs in a SpatioTemporal Asset Catalog.\",\n
        \ \"allOf\": [\n    {\n      \"$ref\": \"#/definitions/catalog\"\n    }\n
        \ ],\n  \"definitions\": {\n    \"catalog\": {\n      \"title\": \"Catalog\",\n
        \     \"type\": \"object\",\n      \"required\": [\n        \"stac_version\",\n
        \       \"id\",\n        \"description\",\n        \"links\"\n      ],\n      \"properties\":
        {\n        \"stac_version\": {\n          \"title\": \"STAC version\",\n          \"type\":
        \"string\",\n          \"const\": \"0.8.1\"\n        },\n        \"stac_extensions\":
        {\n          \"title\": \"STAC extensions\",\n          \"type\": \"array\",\n
        \         \"uniqueItems\": true,\n          \"items\": {\n            \"type\":
        \"string\"\n          }\n        },\n        \"id\": {\n          \"title\":
        \"Identifier\",\n          \"type\": \"string\"\n        },\n        \"title\":
        {\n          \"title\": \"Title\",\n          \"type\": \"string\"\n        },\n
        \       \"description\": {\n          \"title\": \"Description\",\n          \"type\":
        \"string\"\n        },\n        \"links\": {\n          \"title\": \"Links\",\n
        \         \"type\": \"array\",\n          \"items\": {\n            \"$ref\":
        \"#/definitions/link\"\n          }\n        },\n        \"summaries\": {\n
        \         \"$ref\": \"#/definitions/summaries\"\n        }\n      }\n    },\n
        \   \"summaries\": {\n      \"type\": \"object\",\n      \"additionalProperties\":
        {\n        \"oneOf\": [\n          {\n            \"title\": \"Stats\",\n
        \           \"type\": \"object\",\n            \"required\": [\n              \"min\",\n
        \             \"max\"\n            ],\n            \"properties\": {\n              \"min\":
        {\n                \"title\": \"Minimum value\",\n                \"type\":
        [\"number\", \"string\"]\n              },\n              \"max\": {\n                \"title\":
        \"Maximum value\",\n                \"type\": [\"number\", \"string\"]\n              }\n
        \           }\n          },\n          {\n            \"title\": \"Set of
        values\",\n            \"type\": \"array\",\n            \"minItems\": 1,\n
        \           \"items\": {\n              \"description\": \"Any data type could
        occur.\"\n            }\n          }\n        ]\n      }\n    },\n    \"link\":
        {\n      \"type\": \"object\",\n      \"required\": [\n        \"rel\",\n
        \       \"href\"\n      ],\n      \"properties\": {\n        \"href\": {\n
        \         \"title\": \"Link reference\",\n          \"type\": \"string\"\n
        \       },\n        \"rel\": {\n          \"title\": \"Link relation type\",\n
        \         \"type\": \"string\"\n        },\n        \"type\": {\n          \"title\":
        \"Link type\",\n          \"type\": \"string\"\n        },\n        \"title\":
        {\n          \"title\": \"Link title\",\n          \"type\": \"string\"\n
        \       }\n      }\n    }\n  }\n}\n"
    headers:
      Accept-Ranges:
      - bytes
      Access-Control-Allow-Origin:
      - '*'
      Cache-Control:
      - max-age=300
      Connection:
      - close
      Content-Length:
      - '2638'
      Content-Security-Policy:
      - default-src 'none'; style-src 'unsafe-inline'; sandbox
      Content-Type:
      - text/plain; charset=utf-8
      Cross-Origin-Resource-Policy:
      - cross-origin
      Date:
      - Thu, 23 Jan 2025 15:04:31 GMT
      ETag:
      - '"3b514933a3747f038125935624a13df108e30fe1cb8f9660a7f54ac6d4765ce9"'
      Expires:
      - Thu, 23 Jan 2025 15:09:31 GMT
      Source-Age:
      - '1'
      Strict-Transport-Security:
      - max-age=31536000
      Vary:
      - Authorization,Accept-Encoding,Origin
      Via:
      - 1.1 varnish
      X-Cache:
      - HIT
      X-Cache-Hits:
      - '1'
      X-Content-Type-Options:
      - nosniff
      X-Fastly-Request-ID:
      - b4c1c7eea379ed24c77ef4a9f88f3cb7b6739ce6
      X-Frame-Options:
      - deny
      X-GitHub-Request-Id:
      - 5AA5:22F95D:20650F:23B5CA:67925A7C
      X-Served-By:
      - cache-den-kden1300052-DEN
      X-Timer:
      - S1737644671.091431,VS0,VE1
      X-XSS-Protection:
      - 1; mode=block
    status:
      code: 200
      message: OK
- request:
    body: null
    headers:
      Connection:
      - close
      Host:
      - raw.githubusercontent.com
      User-Agent:
      - Python-urllib/3.12
    method: GET
    uri: https://raw.githubusercontent.com/radiantearth/stac-spec/v0.8.1/extensions/asset/json-schema/schema.json
  response:
    body:
      string: "{\n  \"$schema\": \"http://json-schema.org/draft-07/schema#\",\n  \"$id\":
        \"schema.json#\",\n  \"title\": \"Asset Definition Extension Specification\",\n
        \ \"description\": \"STAC Asset Definition Extension to a STAC Collection\",\n
        \ \"allOf\": [\n    {\n      \"$ref\": \"../../../collection-spec/json-schema/collection.json\"\n
        \   },\n    {\n      \"$ref\": \"#/definitions/assets\"\n    }\n  ],\n  \"definitions\":
        {\n    \"assets\": {\n      \"title\": \"Asset schemas\",\n      \"type\":
        \"object\",\n      \"required\": [\n        \"assets\"\n      ],\n      \"properties\":
        {\n        \"assets\": {\n          \"type\": \"object\",\n          \"additionalProperties\":
        {\n            \"$ref\": \"#/definitions/asset\"\n          }\n        }\n
        \     }\n    },\n    \"asset\": {\n      \"type\": \"object\",\n      \"required\":
        [\n        \"title\",\n        \"type\"\n      ],\n      \"properties\": {\n
        \       \"title\": {\n          \"title\": \"Asset title\",\n          \"type\":
        \"string\"\n        },\n        \"type\": {\n          \"title\": \"Asset
        type\",\n          \"type\": \"string\"\n        }\n      }\n    }\n  }\n}"
    headers:
      Accept-Ranges:
      - bytes
      Access-Control-Allow-Origin:
      - '*'
      Cache-Control:
      - max-age=300
      Connection:
      - close
      Content-Length:
      - '1002'
      Content-Security-Policy:
      - default-src 'none'; style-src 'unsafe-inline'; sandbox
      Content-Type:
      - text/plain; charset=utf-8
      Cross-Origin-Resource-Policy:
      - cross-origin
      Date:
      - Thu, 23 Jan 2025 15:04:31 GMT
      ETag:
      - '"cffbb0036f526b016f24477e0ad674e75b6fefb89708ca796686de9d2e2a67ed"'
      Expires:
      - Thu, 23 Jan 2025 15:09:31 GMT
      Source-Age:
      - '0'
      Strict-Transport-Security:
      - max-age=31536000
      Vary:
      - Authorization,Accept-Encoding,Origin
      Via:
      - 1.1 varnish
      X-Cache:
      - MISS
      X-Cache-Hits:
      - '0'
      X-Content-Type-Options:
      - nosniff
      X-Fastly-Request-ID:
      - 80cad923bcd0bfe2deb1d6575220ca77d670cc2a
      X-Frame-Options:
      - deny
      X-GitHub-Request-Id:
      - A6F4:38A00F:20C285:241345:67925A7C
      X-Served-By:
      - cache-den-kden1300028-DEN
      X-Timer:
      - S1737644671.108820,VS0,VE355
      X-XSS-Protection:
      - 1; mode=block
    status:
      code: 200
      message: OK
version: 1
