interactions:
- request:
    body: null
    headers:
      User-Agent:
      - pystac/1.13.0
    method: GET
    uri: https://raw.githubusercontent.com/radiantearth/stac-spec/v0.9.0/item-spec/json-schema/item.json
  response:
    body:
      string: "{\n  \"$schema\": \"http://json-schema.org/draft-07/schema#\",\n  \"$id\":
        \"item.json#\",\n  \"title\": \"STAC Item\",\n  \"type\": \"object\",\n  \"description\":
        \"This object represents the metadata for an item in a SpatioTemporal Asset
        Catalog.\",\n  \"additionalProperties\": true,\n  \"allOf\": [\n    {\n      \"$ref\":
        \"#/definitions/core\"\n    }\n  ],\n  \"definitions\": {\n    \"common_metadata\":
        {\n      \"allOf\": [\n        {\n          \"$ref\": \"basics.json\"\n        },\n
        \       {\n          \"$ref\": \"datetimerange.json\"\n        },\n        {\n
        \         \"$ref\": \"instrument.json\"\n        },\n        {\n          \"$ref\":
        \"licensing.json\"\n        },\n        {\n          \"$ref\": \"metadata.json\"\n
        \       },\n        {\n          \"$ref\": \"provider.json\"\n        }\n
        \     ]\n    },\n    \"core\": {\n      \"allOf\": [\n        {\n          \"$ref\":
        \"https://geojson.org/schema/Feature.json\"\n        },\n        {\n          \"type\":
        \"object\",\n          \"required\": [\n            \"stac_version\",\n            \"id\",\n
        \           \"links\",\n            \"assets\",\n            \"bbox\",\n            \"properties\"\n
        \         ],\n          \"properties\": {\n            \"stac_version\": {\n
        \             \"title\": \"STAC version\",\n              \"type\": \"string\",\n
        \             \"const\": \"0.9.0\"\n            },\n            \"stac_extensions\":
        {\n              \"title\": \"STAC extensions\",\n              \"type\":
        \"array\",\n              \"uniqueItems\": true,\n              \"items\":
        {\n                \"anyOf\": [\n                  {\n                    \"title\":
        \"Reference to a JSON Schema\",\n                    \"type\": \"string\",\n
        \                   \"format\": \"uri\"\n                  },\n                  {\n
        \                   \"title\": \"Reference to a core extension\",\n                    \"type\":
        \"string\",\n                    \"enum\": [\n                      \"checksum\",\n
        \                     \"commons\",\n                      \"datacube\",\n
        \                     \"eo\",\n                      \"label\",\n                      \"pointcloud\",\n
        \                     \"projection\",\n                      \"sar\",\n                      \"sat\",\n
        \                     \"scientific\",\n                      \"version\",\n
        \                     \"view\"\n                    ]\n                  }\n
        \               ]\n              }\n            },\n            \"id\": {\n
        \             \"title\": \"Provider ID\",\n              \"description\":
        \"Provider item ID\",\n              \"type\": \"string\"\n            },\n
        \           \"bbox\": {\n              \"type\": \"array\",\n              \"minItems\":
        4,\n              \"items\": {\n                \"type\": \"number\"\n              }\n
        \           },\n            \"links\": {\n              \"title\": \"Item
        links\",\n              \"description\": \"Links to item relations\",\n              \"type\":
        \"array\",\n              \"items\": {\n                \"$ref\": \"#/definitions/link\"\n
        \             }\n            },\n            \"assets\": {\n              \"title\":
        \"Asset links\",\n              \"description\": \"Links to assets\",\n              \"type\":
        \"object\",\n              \"additionalProperties\": {\n                \"$ref\":
        \"#/definitions/asset\"\n              }\n            },\n            \"properties\":
        {\n              \"allOf\": [\n                {\n                  \"type\":
        \"object\",\n                  \"required\": [\n                    \"datetime\"\n
        \                 ],\n                  \"properties\": {\n                    \"datetime\":
        {\n                      \"title\": \"Date and Time\",\n                      \"description\":
        \"The searchable date/time of the assets, in UTC (Formatted in RFC 3339) \",\n
        \                     \"type\": \"string\",\n                      \"format\":
        \"date-time\"\n                    }\n                  }\n                },\n
        \               {\n                  \"$ref\": \"#/definitions/common_metadata\"\n
        \               }\n              ]\n            },\n            \"collection\":
        {\n              \"title\": \"Collection ID\",\n              \"description\":
        \"The ID of the STAC Collection this Item references to.\",\n              \"type\":
        \"string\"\n            }\n          }\n        }\n      ]\n    },\n    \"link\":
        {\n      \"type\": \"object\",\n      \"required\": [\n        \"rel\",\n
        \       \"href\"\n      ],\n      \"properties\": {\n        \"href\": {\n
        \         \"title\": \"Link reference\",\n          \"type\": \"string\"\n
        \       },\n        \"rel\": {\n          \"title\": \"Link relation type\",\n
        \         \"type\": \"string\"\n        },\n        \"type\": {\n          \"title\":
        \"Link type\",\n          \"type\": \"string\"\n        },\n        \"title\":
        {\n          \"title\": \"Link title\",\n          \"type\": \"string\"\n
        \       }\n      }\n    },\n    \"asset\": {\n      \"type\": \"object\",\n
        \     \"required\": [\n        \"href\"\n      ],\n      \"properties\": {\n
        \       \"href\": {\n          \"title\": \"Asset reference\",\n          \"type\":
        \"string\"\n        },\n        \"title\": {\n          \"title\": \"Asset
        title\",\n          \"type\": \"string\"\n        },\n        \"description\":
        {\n          \"title\": \"Asset description\",\n          \"type\": \"string\"\n
        \       },\n        \"type\": {\n          \"title\": \"Asset type\",\n          \"type\":
        \"string\"\n        },\n        \"roles\": {\n          \"title\": \"Asset
        roles\",\n          \"type\": \"array\",\n          \"items\": {\n            \"type\":
        \"string\"\n          }\n        }\n      }\n    }\n  }\n}\n"
    headers:
      Accept-Ranges:
      - bytes
      Access-Control-Allow-Origin:
      - '*'
      Cache-Control:
      - max-age=300
      Connection:
      - keep-alive
      Content-Length:
      - '5137'
      Content-Security-Policy:
      - default-src 'none'; style-src 'unsafe-inline'; sandbox
      Content-Type:
      - text/plain; charset=utf-8
      Cross-Origin-Resource-Policy:
      - cross-origin
      Date:
      - Thu, 11 Sep 2025 15:52:04 GMT
      ETag:
      - '"eb4ef35f5071c45c7b53e7fe6ef92a682455a0de207fcbe27507488c4bfcc9ca"'
      Expires:
      - Thu, 11 Sep 2025 15:57:04 GMT
      Source-Age:
      - '14'
      Strict-Transport-Security:
      - max-age=31536000
      Vary:
      - Authorization,Accept-Encoding
      Via:
      - 1.1 varnish
      X-Cache:
      - HIT
      X-Cache-Hits:
      - '2'
      X-Content-Type-Options:
      - nosniff
      X-Fastly-Request-ID:
      - aca52668b088f0a43a902546459dcf9b797b034f
      X-Frame-Options:
      - deny
      X-GitHub-Request-Id:
      - 3DDA:1CB1E4:12F39D:1762AB:68C2EEC2
      X-Served-By:
      - cache-bos4638-BOS
      X-Timer:
      - S1757605925.909097,VS0,VE0
      X-XSS-Protection:
      - 1; mode=block
    status:
      code: 200
      message: OK
- request:
    body: null
    headers:
      User-Agent:
      - pystac/1.13.0
    method: GET
    uri: https://raw.githubusercontent.com/radiantearth/stac-spec/v0.9.0/item-spec/json-schema/basics.json
  response:
    body:
      string: "{\n  \"$schema\": \"http://json-schema.org/draft-07/schema#\",\n  \"$id\":
        \"basics.json#\",\n  \"title\": \"Basic Descriptive Fields\",\n  \"type\":
        \"object\",\n  \"properties\": {\n    \"title\": {\n      \"title\": \"Item
        Title\",\n      \"description\": \"A human-readable title describing the Item.\",\n
        \     \"type\": \"string\"\n    },\n    \"description\": {\n      \"title\":
        \"Item Description\",\n      \"description\": \"Detailed multi-line description
        to fully explain the Item.\",\n      \"type\": \"string\"\n    }\n  }\n}"
    headers:
      Accept-Ranges:
      - bytes
      Access-Control-Allow-Origin:
      - '*'
      Cache-Control:
      - max-age=300
      Connection:
      - keep-alive
      Content-Length:
      - '475'
      Content-Security-Policy:
      - default-src 'none'; style-src 'unsafe-inline'; sandbox
      Content-Type:
      - text/plain; charset=utf-8
      Cross-Origin-Resource-Policy:
      - cross-origin
      Date:
      - Thu, 11 Sep 2025 15:52:04 GMT
      ETag:
      - '"2436fa8ce8356cb57ec6581098dc3ea04f5395558aaca6e4008e09eb43f0a9db"'
      Expires:
      - Thu, 11 Sep 2025 15:57:04 GMT
      Source-Age:
      - '14'
      Strict-Transport-Security:
      - max-age=31536000
      Vary:
      - Authorization,Accept-Encoding
      Via:
      - 1.1 varnish
      X-Cache:
      - HIT
      X-Cache-Hits:
      - '2'
      X-Content-Type-Options:
      - nosniff
      X-Fastly-Request-ID:
      - 45f7dd0afcb9efb10f76a4a5d162b4f910c08ccb
      X-Frame-Options:
      - deny
      X-GitHub-Request-Id:
      - F42A:3A83F:147263:18E1C9:68C2EEC1
      X-Served-By:
      - cache-bos4621-BOS
      X-Timer:
      - S1757605925.968328,VS0,VE0
      X-XSS-Protection:
      - 1; mode=block
    status:
      code: 200
      message: OK
- request:
    body: null
    headers:
      User-Agent:
      - pystac/1.13.0
    method: GET
    uri: https://raw.githubusercontent.com/radiantearth/stac-spec/v0.9.0/item-spec/json-schema/datetimerange.json
  response:
    body:
      string: "{\n  \"$schema\": \"http://json-schema.org/draft-07/schema#\",\n  \"$id\":
        \"schema.json#\",\n  \"title\": \"Date and Time Range Fields\",\n  \"type\":
        \"object\",\n  \"properties\": {\n    \"start_datetime\": {\n      \"title\":
        \"Start Date and Time\",\n      \"description\": \"The searchable start date/time
        of the assets, in UTC (Formatted in RFC 3339) \",\n      \"type\": \"string\",\n
        \     \"format\": \"date-time\"\n    }, \n    \"end_datetime\": {\n      \"title\":
        \"End Date and Time\", \n      \"description\": \"The searchable end date/time
        of the assets, in UTC (Formatted in RFC 3339) \",                  \n      \"type\":
        \"string\",\n      \"format\": \"date-time\"\n    }\n  },\n  \"dependencies\":
        {\n    \"start_datetime\": {\n      \"required\": [\n        \"end_datetime\"\n
        \     ]\n    },\n    \"end_datetime\": {\n      \"required\": [\n        \"start_datetime\"\n
        \     ]\n    }\n  }\n}"
    headers:
      Accept-Ranges:
      - bytes
      Access-Control-Allow-Origin:
      - '*'
      Cache-Control:
      - max-age=300
      Connection:
      - keep-alive
      Content-Length:
      - '814'
      Content-Security-Policy:
      - default-src 'none'; style-src 'unsafe-inline'; sandbox
      Content-Type:
      - text/plain; charset=utf-8
      Cross-Origin-Resource-Policy:
      - cross-origin
      Date:
      - Thu, 11 Sep 2025 15:52:05 GMT
      ETag:
      - '"e1248a7fa9f6feeddb9c683a0fcfcab1b8ea66ae5db2d9a36f0602d44879a0f8"'
      Expires:
      - Thu, 11 Sep 2025 15:57:05 GMT
      Source-Age:
      - '14'
      Strict-Transport-Security:
      - max-age=31536000
      Vary:
      - Authorization,Accept-Encoding
      Via:
      - 1.1 varnish
      X-Cache:
      - HIT
      X-Cache-Hits:
      - '1'
      X-Content-Type-Options:
      - nosniff
      X-Fastly-Request-ID:
      - 393cd49e3be8fb872007a942f50b73e14e2a6427
      X-Frame-Options:
      - deny
      X-GitHub-Request-Id:
      - 7F51:114F63:12D433:1743BA:68C2EEBE
      X-Served-By:
      - cache-bos4689-BOS
      X-Timer:
      - S1757605925.028119,VS0,VE1
      X-XSS-Protection:
      - 1; mode=block
    status:
      code: 200
      message: OK
- request:
    body: null
    headers:
      User-Agent:
      - pystac/1.13.0
    method: GET
    uri: https://raw.githubusercontent.com/radiantearth/stac-spec/v0.9.0/item-spec/json-schema/instrument.json
  response:
    body:
      string: "{\n  \"$schema\": \"http://json-schema.org/draft-07/schema#\",\n  \"$id\":
        \"instrument.json#\",\n  \"title\": \"Instrument Fields\",\n  \"type\": \"object\",\n
        \ \"properties\": {\n    \"platform\": {\n      \"title\": \"Platform\",\n
        \     \"type\": \"string\"\n    },\n    \"instruments\": {\n      \"title\":
        \"Instruments\",\n      \"type\": \"array\",\n      \"items\": {\n        \"type\":
        \"string\"\n      }\n    },\n    \"constellation\": {\n      \"title\": \"Constellation\",\n
        \     \"type\": \"string\"\n    },\n    \"mission\": {\n      \"title\": \"Mission\",\n
        \     \"type\": \"string\"\n    }\n  }\n}"
    headers:
      Accept-Ranges:
      - bytes
      Access-Control-Allow-Origin:
      - '*'
      Cache-Control:
      - max-age=300
      Connection:
      - keep-alive
      Content-Length:
      - '525'
      Content-Security-Policy:
      - default-src 'none'; style-src 'unsafe-inline'; sandbox
      Content-Type:
      - text/plain; charset=utf-8
      Cross-Origin-Resource-Policy:
      - cross-origin
      Date:
      - Thu, 11 Sep 2025 15:52:05 GMT
      ETag:
      - '"84c39a084fe100d85a10cdeef11399cb06ceed2c623ee37cfbdb03f85d39477c"'
      Expires:
      - Thu, 11 Sep 2025 15:57:05 GMT
      Source-Age:
      - '14'
      Strict-Transport-Security:
      - max-age=31536000
      Vary:
      - Authorization,Accept-Encoding
      Via:
      - 1.1 varnish
      X-Cache:
      - HIT
      X-Cache-Hits:
      - '2'
      X-Content-Type-Options:
      - nosniff
      X-Fastly-Request-ID:
      - e3a47c73667ee0bea03acb705cf39a8bc02296a7
      X-Frame-Options:
      - deny
      X-GitHub-Request-Id:
      - DE22:5461F:13BA26:1824C1:68C2EEC2
      X-Served-By:
      - cache-bos4667-BOS
      X-Timer:
      - S1757605925.090025,VS0,VE0
      X-XSS-Protection:
      - 1; mode=block
    status:
      code: 200
      message: OK
- request:
    body: null
    headers:
      User-Agent:
      - pystac/1.13.0
    method: GET
    uri: https://raw.githubusercontent.com/radiantearth/stac-spec/v0.9.0/item-spec/json-schema/licensing.json
  response:
    body:
      string: "{\n  \"$schema\": \"http://json-schema.org/draft-07/schema#\",\n  \"$id\":
        \"licensing.json#\",\n  \"title\": \"Licensing Fields\",\n  \"type\": \"object\",\n
        \ \"properties\": {\n    \"license\": {\n      \"type\": \"string\",\n      \"pattern\":
        \"^[\\\\w\\\\-\\\\.\\\\+]+$\"\n    }\n  }\n}"
    headers:
      Accept-Ranges:
      - bytes
      Access-Control-Allow-Origin:
      - '*'
      Cache-Control:
      - max-age=300
      Connection:
      - keep-alive
      Content-Length:
      - '244'
      Content-Security-Policy:
      - default-src 'none'; style-src 'unsafe-inline'; sandbox
      Content-Type:
      - text/plain; charset=utf-8
      Cross-Origin-Resource-Policy:
      - cross-origin
      Date:
      - Thu, 11 Sep 2025 15:52:05 GMT
      ETag:
      - '"d2cd4998f5154410f2dc79b42af5baaf118454186cee8d12066a5f42d3e821fc"'
      Expires:
      - Thu, 11 Sep 2025 15:57:05 GMT
      Source-Age:
      - '14'
      Strict-Transport-Security:
      - max-age=31536000
      Vary:
      - Authorization,Accept-Encoding
      Via:
      - 1.1 varnish
      X-Cache:
      - HIT
      X-Cache-Hits:
      - '1'
      X-Content-Type-Options:
      - nosniff
      X-Fastly-Request-ID:
      - 58a43e9c12d2df89c29be5d7e78e21ce5819d467
      X-Frame-Options:
      - deny
      X-GitHub-Request-Id:
      - 2635:21E1E:F47BCB:132FF57:68C2EEC1
      X-Served-By:
      - cache-bos4654-BOS
      X-Timer:
      - S1757605925.145649,VS0,VE1
      X-XSS-Protection:
      - 1; mode=block
    status:
      code: 200
      message: OK
- request:
    body: null
    headers:
      User-Agent:
      - pystac/1.13.0
    method: GET
    uri: https://raw.githubusercontent.com/radiantearth/stac-spec/v0.9.0/item-spec/json-schema/metadata.json
  response:
    body:
      string: "{\n  \"$schema\": \"http://json-schema.org/draft-07/schema#\",\n  \"$id\":
        \"metadata.json#\",\n  \"title\": \"Metadata Fields\",\n  \"type\": \"object\",\n
        \ \"properties\": {\n    \"created\": {\n      \"title\": \"Metadata Creation\",\n
        \     \"type\": \"string\",\n      \"format\": \"date-time\"\n    },\n    \"updated\":
        {\n      \"title\": \"Metadata Last Update\",\n      \"type\": \"string\",\n
        \     \"format\": \"date-time\"\n    }\n  }\n}"
    headers:
      Accept-Ranges:
      - bytes
      Access-Control-Allow-Origin:
      - '*'
      Cache-Control:
      - max-age=300
      Connection:
      - keep-alive
      Content-Length:
      - '384'
      Content-Security-Policy:
      - default-src 'none'; style-src 'unsafe-inline'; sandbox
      Content-Type:
      - text/plain; charset=utf-8
      Cross-Origin-Resource-Policy:
      - cross-origin
      Date:
      - Thu, 11 Sep 2025 15:52:05 GMT
      ETag:
      - '"a99228769e5d0400f7b006fa153262053fb7a6ffdb3b8bbf51c4df37a82098f6"'
      Expires:
      - Thu, 11 Sep 2025 15:57:05 GMT
      Source-Age:
      - '14'
      Strict-Transport-Security:
      - max-age=31536000
      Vary:
      - Authorization,Accept-Encoding
      Via:
      - 1.1 varnish
      X-Cache:
      - HIT
      X-Cache-Hits:
      - '1'
      X-Content-Type-Options:
      - nosniff
      X-Fastly-Request-ID:
      - dc1a6534065e415043503322d0d23c592a861795
      X-Frame-Options:
      - deny
      X-GitHub-Request-Id:
      - F45D:12459A:14DF05:195A37:68C2EEC2
      X-Served-By:
      - cache-bos4624-BOS
      X-Timer:
      - S1757605925.207849,VS0,VE1
      X-XSS-Protection:
      - 1; mode=block
    status:
      code: 200
      message: OK
- request:
    body: null
    headers:
      User-Agent:
      - pystac/1.13.0
    method: GET
    uri: https://raw.githubusercontent.com/radiantearth/stac-spec/v0.9.0/item-spec/json-schema/provider.json
  response:
    body:
      string: "{\n  \"$schema\": \"http://json-schema.org/draft-07/schema#\",\n  \"$id\":
        \"provider.json#\",\n  \"title\": \"Provider Fields\",\n  \"type\": \"object\",\n
        \ \"properties\": {\n    \"providers\": {\n      \"title\": \"Providers\",\n
        \     \"type\": \"array\",\n      \"items\": {\n        \"properties\": {\n
        \         \"name\": {\n            \"title\": \"Organization name\",\n            \"type\":
        \"string\"\n          },\n          \"description\": {\n            \"title\":
        \"Organization description\",\n            \"type\": \"string\"\n          },\n
        \         \"roles\": {\n            \"title\": \"Organization roles\",\n            \"type\":
        \"array\",\n            \"items\": {\n              \"type\": \"string\",\n
        \             \"enum\": [\n                \"producer\",\n                \"licensor\",\n
        \               \"processor\",\n                \"host\"\n              ]\n
        \           }\n          },\n          \"url\": {\n            \"title\":
        \"Organization homepage\",\n            \"type\": \"string\",\n            \"format\":
        \"url\"\n          }\n        }\n      }\n    }\n  }\n}"
    headers:
      Accept-Ranges:
      - bytes
      Access-Control-Allow-Origin:
      - '*'
      Cache-Control:
      - max-age=300
      Connection:
      - keep-alive
      Content-Length:
      - '973'
      Content-Security-Policy:
      - default-src 'none'; style-src 'unsafe-inline'; sandbox
      Content-Type:
      - text/plain; charset=utf-8
      Cross-Origin-Resource-Policy:
      - cross-origin
      Date:
      - Thu, 11 Sep 2025 15:52:05 GMT
      ETag:
      - '"a92eac8e15643dce5b9165724ce350d2ee5edad5f8baca7140c79ce8ce0da8c6"'
      Expires:
      - Thu, 11 Sep 2025 15:57:05 GMT
      Source-Age:
      - '14'
      Strict-Transport-Security:
      - max-age=31536000
      Vary:
      - Authorization,Accept-Encoding
      Via:
      - 1.1 varnish
      X-Cache:
      - HIT
      X-Cache-Hits:
      - '1'
      X-Content-Type-Options:
      - nosniff
      X-Fastly-Request-ID:
      - 02997757a0ab3227d4a1982d1adfe141db0b22d2
      X-Frame-Options:
      - deny
      X-GitHub-Request-Id:
      - 13D9:87AC7:1335CB:17A9EB:68C2EEC3
      X-Served-By:
      - cache-bos4673-BOS
      X-Timer:
      - S1757605925.266151,VS0,VE2
      X-XSS-Protection:
      - 1; mode=block
    status:
      code: 200
      message: OK
- request:
    body: null
    headers:
      User-Agent:
      - pystac/1.13.0
    method: GET
    uri: https://raw.githubusercontent.com/radiantearth/stac-spec/v0.9.0/extensions/eo/json-schema/schema.json
  response:
    body:
      string: "{\n  \"$schema\": \"http://json-schema.org/draft-07/schema#\",\n  \"$id\":
        \"schema.json#\",\n  \"title\": \"EO Extension\",\n  \"description\": \"STAC
        EO Extension to a STAC Item.\",\n  \"allOf\": [\n    {\n      \"$ref\": \"../../../item-spec/json-schema/item.json\"\n
        \   },\n    {\n      \"$ref\": \"#/definitions/eo\"\n    }\n  ],\n  \"definitions\":
        {\n    \"eo\": {\n      \"type\": \"object\",\n      \"required\": [\n        \"properties\",\n
        \       \"assets\"\n      ],\n      \"properties\": {\n        \"properties\":
        {\n          \"type\": \"object\",\n          \"required\": [\n            \"eo:gsd\",\n
        \           \"eo:bands\"\n          ],\n          \"properties\": {\n            \"eo:gsd\":
        {\n              \"title\": \"Ground Sample Distance\",\n              \"type\":
        \"number\"\n            },\n            \"eo:bands\": {\n              \"title\":
        \"Bands\",\n              \"type\": \"array\",\n              \"items\": {\n
        \               \"properties\": {\n                  \"name\": {\n                    \"title\":
        \"Name of the band\",\n                    \"type\": \"string\"\n                  },\n
        \                 \"common_name\": {\n                    \"title\": \"Common
        Name of the band\",\n                    \"type\": \"string\"\n                  },\n
        \                 \"center_wavelength\": {\n                    \"title\":
        \"Center Wavelength\",\n                    \"type\": \"number\"\n                  },\n
        \                 \"full_width_half_max\": {\n                    \"title\":
        \"Full Width Half Max (FWHM)\",\n                    \"type\": \"number\"\n
        \                 }\n                }\n              }\n            },\n
        \           \"eo:cloud_cover\": {\n              \"title\": \"Cloud Cover\",\n
        \             \"type\": \"number\",\n              \"minimum\": 0,\n              \"maximum\":
        100\n            }\n          }\n        },\n        \"assets\": {\n          \"type\":
        \"object\",\n          \"additionalProperties\": {\n            \"type\":
        \"object\",\n            \"properties\": {\n              \"eo:bands\": {\n
        \               \"title\": \"Band References\",\n                \"type\":
        \"array\",\n                \"minItems\": 1,\n                \"items\": {\n
        \                 \"type\": \"integer\",\n                  \"minimum\": 0\n
        \               }\n              }\n            }\n          }\n        }\n
        \     }\n    }\n  }\n}"
    headers:
      Accept-Ranges:
      - bytes
      Access-Control-Allow-Origin:
      - '*'
      Cache-Control:
      - max-age=300
      Connection:
      - keep-alive
      Content-Length:
      - '2166'
      Content-Security-Policy:
      - default-src 'none'; style-src 'unsafe-inline'; sandbox
      Content-Type:
      - text/plain; charset=utf-8
      Cross-Origin-Resource-Policy:
      - cross-origin
      Date:
      - Thu, 11 Sep 2025 15:52:05 GMT
      ETag:
      - '"4ce0628a6b4d2c8e80ff67d116b60196c8f9d0a017a63b3557ebd6b46f42dfef"'
      Expires:
      - Thu, 11 Sep 2025 15:57:05 GMT
      Source-Age:
      - '14'
      Strict-Transport-Security:
      - max-age=31536000
      Vary:
      - Authorization,Accept-Encoding
      Via:
      - 1.1 varnish
      X-Cache:
      - HIT
      X-Cache-Hits:
      - '1'
      X-Content-Type-Options:
      - nosniff
      X-Fastly-Request-ID:
      - c0af53aea2b79f7c808c6e90dc8a0844fa53ce6b
      X-Frame-Options:
      - deny
      X-GitHub-Request-Id:
      - 5020:6F752:15D8B0:1A5E45:68C2EEC3
      X-Served-By:
      - cache-bos4658-BOS
      X-Timer:
      - S1757605925.330758,VS0,VE1
      X-XSS-Protection:
      - 1; mode=block
    status:
      code: 200
      message: OK
- request:
    body: null
    headers:
      User-Agent:
      - pystac/1.13.0
    method: GET
    uri: https://raw.githubusercontent.com/radiantearth/stac-spec/v0.9.0/extensions/view/json-schema/schema.json
  response:
    body:
      string: "{\n  \"$schema\": \"http://json-schema.org/draft-07/schema#\",\n  \"$id\":
        \"schema.json#\",\n  \"title\": \"View Geometry Extension\",\n  \"description\":
        \"STAC View Geometry Extension to a STAC Item.\",\n  \"allOf\": [\n    {\n
        \     \"$ref\": \"../../../item-spec/json-schema/item.json\"\n    },\n    {\n
        \     \"$ref\": \"#/definitions/view\"\n    }\n  ],\n  \"definitions\": {\n
        \   \"view\": {\n      \"type\": \"object\",\n      \"required\": [\n        \"properties\"\n
        \     ],\n      \"properties\": {\n        \"properties\": {\n          \"type\":
        \"object\",\n          \"required\": [],\n          \"properties\": {\n            \"view:off_nadir\":
        {\n              \"title\": \"Off Nadir\",\n              \"type\": \"number\",\n
        \             \"minimum\": 0,\n              \"maximum\": 90\n            },\n
        \           \"view:incidence_angle\": {\n              \"title\": \"Center
        incidence angle\",\n              \"type\": \"number\",\n              \"minimum\":
        0,\n              \"maximum\": 90\n            },\n            \"view:azimuth\":
        {\n              \"title\": \"Azimuth angle\",\n              \"type\": \"number\",\n
        \             \"minimum\": 0,\n              \"maximum\": 360\n            },\n
        \           \"view:sun_azimuth\": {\n              \"title\": \"Sun Azimuth\",\n
        \             \"type\": \"number\",\n              \"minimum\": 0,\n              \"maximum\":
        360\n            },\n            \"view:sun_elevation\": {\n              \"title\":
        \"Sun Elevation\",\n              \"type\": \"number\",\n              \"minimum\":
        0,\n              \"maximum\": 90\n            }\n          }\n        }\n
        \     }\n    }\n  }\n}"
    headers:
      Accept-Ranges:
      - bytes
      Access-Control-Allow-Origin:
      - '*'
      Cache-Control:
      - max-age=300
      Connection:
      - keep-alive
      Content-Length:
      - '1484'
      Content-Security-Policy:
      - default-src 'none'; style-src 'unsafe-inline'; sandbox
      Content-Type:
      - text/plain; charset=utf-8
      Cross-Origin-Resource-Policy:
      - cross-origin
      Date:
      - Thu, 11 Sep 2025 15:52:05 GMT
      ETag:
      - '"e3e45b623ffe7f49713a2595b631681ba13de3813a1f297508e46360b2becd71"'
      Expires:
      - Thu, 11 Sep 2025 15:57:05 GMT
      Source-Age:
      - '11'
      Strict-Transport-Security:
      - max-age=31536000
      Vary:
      - Authorization,Accept-Encoding
      Via:
      - 1.1 varnish
      X-Cache:
      - HIT
      X-Cache-Hits:
      - '1'
      X-Content-Type-Options:
      - nosniff
      X-Fastly-Request-ID:
      - 842a910c0610dd332150868aa5b6de3e5469c1a6
      X-Frame-Options:
      - deny
      X-GitHub-Request-Id:
      - 7F99:1C3F94:14550C:18C5EE:68C2EEC5
      X-Served-By:
      - cache-bos4633-BOS
      X-Timer:
      - S1757605925.392776,VS0,VE1
      X-XSS-Protection:
      - 1; mode=block
    status:
      code: 200
      message: OK
version: 1
