interactions:
- request:
    body: null
    headers:
      Connection:
      - close
      Host:
      - schemas.stacspec.org
      User-Agent:
      - Python-urllib/3.11
    method: GET
    uri: https://schemas.stacspec.org/v1.0.0-beta.2/item-spec/json-schema/item.json
  response:
    body:
      string: "{\n  \"$schema\": \"http://json-schema.org/draft-07/schema#\",\n  \"$id\":
        \"https://schemas.stacspec.org/v1.0.0-beta.2/item-spec/json-schema/item.json#\",\n
        \ \"title\": \"STAC Item\",\n  \"type\": \"object\",\n  \"description\": \"This
        object represents the metadata for an item in a SpatioTemporal Asset Catalog.\",\n
        \ \"allOf\": [\n    {\n      \"$ref\": \"#/definitions/core\"\n    }\n  ],\n
        \ \"definitions\": {\n    \"common_metadata\": {\n      \"allOf\": [\n        {\n
        \         \"$ref\": \"basics.json\"\n        },\n        {\n          \"$ref\":
        \"datetime.json\"\n        },\n        {\n          \"$ref\": \"instrument.json\"\n
        \       },\n        {\n          \"$ref\": \"licensing.json\"\n        },\n
        \       {\n          \"$ref\": \"provider.json\"\n        }\n      ]\n    },\n
        \   \"core\": {\n      \"allOf\": [\n        {\n          \"$ref\": \"https://geojson.org/schema/Feature.json\"\n
        \       },\n        {\n          \"oneOf\": [\n            {\n              \"type\":
        \"object\",\n              \"required\": [\n                \"geometry\",\n
        \               \"bbox\"\n              ],\n              \"properties\":
        {\n                \"geometry\": {\n                  \"$ref\": \"https://geojson.org/schema/Geometry.json\"\n
        \               },\n                \"bbox\": {\n                  \"type\":
        \"array\",\n                  \"oneOf\": [\n                    {\n                      \"minItems\":
        4,\n                      \"maxItems\": 4\n                    },\n                    {\n
        \                     \"minItems\": 6,\n                      \"maxItems\":
        6\n                    }\n                  ],\n                  \"items\":
        {\n                    \"type\": \"number\"\n                  }\n                }\n
        \             }\n            },\n            {\n              \"type\": \"object\",\n
        \             \"required\": [\n                \"geometry\"\n              ],\n
        \             \"properties\": {\n                \"geometry\": {\n                  \"type\":
        \"null\"\n                },\n                \"bbox\": {\n                  \"not\":
        {}\n                }\n              }\n            }\n          ]\n        },\n
        \       {\n          \"type\": \"object\",\n          \"required\": [\n            \"stac_version\",\n
        \           \"id\",\n            \"links\",\n            \"assets\",\n            \"properties\"\n
        \         ],\n          \"properties\": {\n            \"stac_version\": {\n
        \             \"title\": \"STAC version\",\n              \"type\": \"string\",\n
        \             \"const\": \"1.0.0-beta.2\"\n            },\n            \"stac_extensions\":
        {\n              \"title\": \"STAC extensions\",\n              \"type\":
        \"array\",\n              \"uniqueItems\": true,\n              \"items\":
        {\n                \"anyOf\": [\n                  {\n                    \"title\":
        \"Reference to a JSON Schema\",\n                    \"type\": \"string\",\n
        \                   \"format\": \"uri\"\n                  },\n                  {\n
        \                   \"title\": \"Reference to a core extension\",\n                    \"type\":
        \"string\"\n                  }\n                ]\n              }\n            },\n
        \           \"id\": {\n              \"title\": \"Provider ID\",\n              \"description\":
        \"Provider item ID\",\n              \"type\": \"string\"\n            },\n
        \           \"links\": {\n              \"title\": \"Item links\",\n              \"description\":
        \"Links to item relations\",\n              \"type\": \"array\",\n              \"items\":
        {\n                \"$ref\": \"#/definitions/link\"\n              }\n            },\n
        \           \"assets\": {\n              \"$ref\": \"#/definitions/assets\"\n
        \           },\n            \"properties\": {\n              \"$ref\": \"#/definitions/common_metadata\"\n
        \           },\n            \"collection\": {\n              \"title\": \"Collection
        ID\",\n              \"description\": \"The ID of the STAC Collection this
        Item references to.\",\n              \"type\": \"string\"\n            }\n
        \         }\n        }\n      ]\n    },\n    \"link\": {\n      \"type\":
        \"object\",\n      \"required\": [\n        \"rel\",\n        \"href\"\n      ],\n
        \     \"properties\": {\n        \"href\": {\n          \"title\": \"Link
        reference\",\n          \"type\": \"string\"\n        },\n        \"rel\":
        {\n          \"title\": \"Link relation type\",\n          \"type\": \"string\"\n
        \       },\n        \"type\": {\n          \"title\": \"Link type\",\n          \"type\":
        \"string\"\n        },\n        \"title\": {\n          \"title\": \"Link
        title\",\n          \"type\": \"string\"\n        },\n        \"created\":
        {\n          \"$ref\": \"datetime.json#/definitions/created\"\n        },\n
        \       \"updated\": {\n          \"$ref\": \"datetime.json#/definitions/updated\"\n
        \       }\n      }\n    },\n    \"assets\": {\n      \"title\": \"Asset links\",\n
        \     \"description\": \"Links to assets\",\n      \"type\": \"object\",\n
        \     \"additionalProperties\": {\n        \"$ref\": \"#/definitions/asset\"\n
        \     }\n    },\n    \"asset\": {\n      \"type\": \"object\",\n      \"required\":
        [\n        \"href\"\n      ],\n      \"properties\": {\n        \"href\":
        {\n          \"title\": \"Asset reference\",\n          \"type\": \"string\"\n
        \       },\n        \"title\": {\n          \"title\": \"Asset title\",\n
        \         \"type\": \"string\"\n        },\n        \"description\": {\n          \"title\":
        \"Asset description\",\n          \"type\": \"string\"\n        },\n        \"type\":
        {\n          \"title\": \"Asset type\",\n          \"type\": \"string\"\n
        \       },\n        \"roles\": {\n          \"title\": \"Asset roles\",\n
        \         \"type\": \"array\",\n          \"items\": {\n            \"type\":
        \"string\"\n          }\n        }\n      }\n    }\n  }\n}\n"
    headers:
      Accept-Ranges:
      - bytes
      Access-Control-Allow-Origin:
      - '*'
      Age:
      - '67'
      Cache-Control:
      - max-age=600
      Connection:
      - close
      Content-Length:
      - '5244'
      Content-Type:
      - application/json; charset=utf-8
      Date:
      - Thu, 19 Oct 2023 14:56:38 GMT
      ETag:
      - '"65147dc1-147c"'
      Last-Modified:
      - Wed, 27 Sep 2023 19:08:49 GMT
      Server:
      - GitHub.com
      Vary:
      - Accept-Encoding
      Via:
      - 1.1 varnish
      X-Cache:
      - HIT
      X-Cache-Hits:
      - '1'
      X-Fastly-Request-ID:
      - 1d4e51cb8c951ced2e7df95d095ee978837c1920
      X-GitHub-Request-Id:
      - 1FC6:0EA2:5DBA6D:7D484D:65314360
      X-Served-By:
      - cache-den8280-DEN
      X-Timer:
      - S1697727399.517749,VS0,VE1
      expires:
      - Thu, 19 Oct 2023 15:05:31 GMT
      x-proxy-cache:
      - MISS
    status:
      code: 200
      message: OK
- request:
    body: null
    headers:
      Connection:
      - close
      Host:
      - schemas.stacspec.org
      User-Agent:
      - Python-urllib/3.11
    method: GET
    uri: https://schemas.stacspec.org/v1.0.0-beta.2/item-spec/json-schema/basics.json
  response:
    body:
      string: "{\n  \"$schema\": \"http://json-schema.org/draft-07/schema#\",\n  \"$id\":
        \"https://schemas.stacspec.org/v1.0.0-beta.2/item-spec/json-schema/basics.json#\",\n
        \ \"title\": \"Basic Descriptive Fields\",\n  \"type\": \"object\",\n  \"properties\":
        {\n    \"title\": {\n      \"title\": \"Item Title\",\n      \"description\":
        \"A human-readable title describing the Item.\",\n      \"type\": \"string\"\n
        \   },\n    \"description\": {\n      \"title\": \"Item Description\",\n      \"description\":
        \"Detailed multi-line description to fully explain the Item.\",\n      \"type\":
        \"string\"\n    }\n  }\n}"
    headers:
      Accept-Ranges:
      - bytes
      Access-Control-Allow-Origin:
      - '*'
      Age:
      - '67'
      Cache-Control:
      - max-age=600
      Connection:
      - close
      Content-Length:
      - '540'
      Content-Type:
      - application/json; charset=utf-8
      Date:
      - Thu, 19 Oct 2023 14:56:38 GMT
      ETag:
      - '"65147dc1-21c"'
      Last-Modified:
      - Wed, 27 Sep 2023 19:08:49 GMT
      Server:
      - GitHub.com
      Vary:
      - Accept-Encoding
      Via:
      - 1.1 varnish
      X-Cache:
      - HIT
      X-Cache-Hits:
      - '1'
      X-Fastly-Request-ID:
      - 32753ca7df520399f0469ce05908b88918562db8
      X-GitHub-Request-Id:
      - 43F4:73C0:55780F:752563:65314363
      X-Served-By:
      - cache-den8281-DEN
      X-Timer:
      - S1697727399.573898,VS0,VE1
      expires:
      - Thu, 19 Oct 2023 15:05:31 GMT
      x-proxy-cache:
      - MISS
    status:
      code: 200
      message: OK
- request:
    body: null
    headers:
      Connection:
      - close
      Host:
      - schemas.stacspec.org
      User-Agent:
      - Python-urllib/3.11
    method: GET
    uri: https://schemas.stacspec.org/v1.0.0-beta.2/item-spec/json-schema/datetime.json
  response:
    body:
      string: "{\n  \"$schema\": \"http://json-schema.org/draft-07/schema#\",\n  \"$id\":
        \"https://schemas.stacspec.org/v1.0.0-beta.2/item-spec/json-schema/datetime.json#\",\n
        \ \"title\": \"Date and Time Fields\",\n  \"type\": \"object\",\n  \"allOf\":
        [\n    {\n      \"properties\": {\n        \"created\": {\n          \"$ref\":
        \"#/definitions/created\"\n        },\n        \"updated\": {\n          \"$ref\":
        \"#/definitions/updated\"\n        }\n      }\n    },\n    {\n      \"anyOf\":
        [\n        {\n          \"required\": [\n            \"datetime\"\n          ],\n
        \         \"properties\": {\n            \"datetime\": {\n              \"$ref\":
        \"#/definitions/datetime\"\n            },\n            \"start_datetime\":
        {\n              \"$ref\": \"#/definitions/start_datetime\"\n            },
        \n            \"end_datetime\": {\n              \"$ref\": \"#/definitions/end_datetime\"\n
        \           }\n          },\n          \"dependencies\": {\n            \"start_datetime\":
        {\n              \"required\": [\n                \"end_datetime\"\n              ]\n
        \           },\n            \"end_datetime\": {\n              \"required\":
        [\n                \"start_datetime\"\n              ]\n            }\n          }\n
        \       },\n        {\n          \"required\": [\n            \"datetime\",\n
        \           \"start_datetime\",\n            \"end_datetime\"\n          ],\n
        \         \"properties\": {\n            \"datetime\": {\n              \"oneOf\":
        [\n                {\n                  \"$ref\": \"#/definitions/datetime\"\n
        \               },\n                {\n                  \"type\": [\"null\"],\n
        \                 \"const\": null\n                }\n              ]\n            },\n
        \           \"start_datetime\": {\n              \"$ref\": \"#/definitions/start_datetime\"\n
        \           }, \n            \"end_datetime\": {\n              \"$ref\":
        \"#/definitions/end_datetime\"\n            }\n          }\n        }\n      ]\n
        \   }\n  ],\n  \"definitions\": {\n    \"datetime\": {\n      \"title\": \"Date
        and Time\",\n      \"description\": \"The searchable date/time of the assets,
        in UTC (Formatted in RFC 3339) \",\n      \"type\": \"string\",\n      \"format\":
        \"date-time\"\n    },\n    \"start_datetime\": {\n      \"title\": \"Start
        Date and Time\",\n      \"description\": \"The searchable start date/time
        of the assets, in UTC (Formatted in RFC 3339) \",\n      \"type\": \"string\",\n
        \     \"format\": \"date-time\"\n    }, \n    \"end_datetime\": {\n      \"title\":
        \"End Date and Time\", \n      \"description\": \"The searchable end date/time
        of the assets, in UTC (Formatted in RFC 3339) \",                  \n      \"type\":
        \"string\",\n      \"format\": \"date-time\"\n    },\n    \"created\": {\n
        \     \"title\": \"Creation Time\",\n      \"type\": \"string\",\n      \"format\":
        \"date-time\"\n    },\n    \"updated\": {\n      \"title\": \"Last Update
        Time\",\n      \"type\": \"string\",\n      \"format\": \"date-time\"\n    }\n
        \ }\n}"
    headers:
      Accept-Ranges:
      - bytes
      Access-Control-Allow-Origin:
      - '*'
      Age:
      - '67'
      Cache-Control:
      - max-age=600
      Connection:
      - close
      Content-Length:
      - '2690'
      Content-Type:
      - application/json; charset=utf-8
      Date:
      - Thu, 19 Oct 2023 14:56:38 GMT
      ETag:
      - '"65147dc1-a82"'
      Last-Modified:
      - Wed, 27 Sep 2023 19:08:49 GMT
      Server:
      - GitHub.com
      Vary:
      - Accept-Encoding
      Via:
      - 1.1 varnish
      X-Cache:
      - HIT
      X-Cache-Hits:
      - '1'
      X-Fastly-Request-ID:
      - 2bd7aea4e344ce4935f0423594068953e7f174f0
      X-GitHub-Request-Id:
      - 238A:37AE:599687:794417:65314362
      X-Served-By:
      - cache-den8230-DEN
      X-Timer:
      - S1697727399.620083,VS0,VE1
      expires:
      - Thu, 19 Oct 2023 15:05:31 GMT
      x-proxy-cache:
      - MISS
    status:
      code: 200
      message: OK
- request:
    body: null
    headers:
      Connection:
      - close
      Host:
      - schemas.stacspec.org
      User-Agent:
      - Python-urllib/3.11
    method: GET
    uri: https://schemas.stacspec.org/v1.0.0-beta.2/item-spec/json-schema/instrument.json
  response:
    body:
      string: "{\n  \"$schema\": \"http://json-schema.org/draft-07/schema#\",\n  \"$id\":
        \"https://schemas.stacspec.org/v1.0.0-beta.2/item-spec/json-schema/instrument.json#\",\n
        \ \"title\": \"Instrument Fields\",\n  \"type\": \"object\",\n  \"properties\":
        {\n    \"platform\": {\n      \"title\": \"Platform\",\n      \"type\": \"string\"\n
        \   },\n    \"instruments\": {\n      \"title\": \"Instruments\",\n      \"type\":
        \"array\",\n      \"items\": {\n        \"type\": \"string\"\n      }\n    },\n
        \   \"constellation\": {\n      \"title\": \"Constellation\",\n      \"type\":
        \"string\"\n    },\n    \"mission\": {\n      \"title\": \"Mission\",\n      \"type\":
        \"string\"\n    },\n    \"gsd\": {\n      \"title\": \"Ground Sample Distance\",\n
        \     \"type\": \"number\"\n    }\n  }\n}"
    headers:
      Accept-Ranges:
      - bytes
      Access-Control-Allow-Origin:
      - '*'
      Age:
      - '67'
      Cache-Control:
      - max-age=600
      Connection:
      - close
      Content-Length:
      - '674'
      Content-Type:
      - application/json; charset=utf-8
      Date:
      - Thu, 19 Oct 2023 14:56:38 GMT
      ETag:
      - '"65147dc1-2a2"'
      Last-Modified:
      - Wed, 27 Sep 2023 19:08:49 GMT
      Server:
      - GitHub.com
      Vary:
      - Accept-Encoding
      Via:
      - 1.1 varnish
      X-Cache:
      - HIT
      X-Cache-Hits:
      - '1'
      X-Fastly-Request-ID:
      - 8f6bd72b81308f1ea8dd6561d471714e844d9f02
      X-GitHub-Request-Id:
      - 096E:7521:5F184F:7EA543:65314362
      X-Served-By:
      - cache-den8236-DEN
      X-Timer:
      - S1697727399.669505,VS0,VE1
      expires:
      - Thu, 19 Oct 2023 15:05:31 GMT
      x-proxy-cache:
      - MISS
    status:
      code: 200
      message: OK
- request:
    body: null
    headers:
      Connection:
      - close
      Host:
      - schemas.stacspec.org
      User-Agent:
      - Python-urllib/3.11
    method: GET
    uri: https://schemas.stacspec.org/v1.0.0-beta.2/item-spec/json-schema/licensing.json
  response:
    body:
      string: "{\n  \"$schema\": \"http://json-schema.org/draft-07/schema#\",\n  \"$id\":
        \"https://schemas.stacspec.org/v1.0.0-beta.2/item-spec/json-schema/licensing.json#\",\n
        \ \"title\": \"Licensing Fields\",\n  \"type\": \"object\",\n  \"properties\":
        {\n    \"license\": {\n      \"type\": \"string\",\n      \"pattern\": \"^[\\\\w\\\\-\\\\.\\\\+]+$\"\n
        \   }\n  }\n}"
    headers:
      Accept-Ranges:
      - bytes
      Access-Control-Allow-Origin:
      - '*'
      Age:
      - '67'
      Cache-Control:
      - max-age=600
      Connection:
      - close
      Content-Length:
      - '309'
      Content-Type:
      - application/json; charset=utf-8
      Date:
      - Thu, 19 Oct 2023 14:56:38 GMT
      ETag:
      - '"65147dc1-135"'
      Last-Modified:
      - Wed, 27 Sep 2023 19:08:49 GMT
      Server:
      - GitHub.com
      Vary:
      - Accept-Encoding
      Via:
      - 1.1 varnish
      X-Cache:
      - HIT
      X-Cache-Hits:
      - '1'
      X-Fastly-Request-ID:
      - c7d1d7c8ecd6eb4e8ab646bca9f2a40376f66dd7
      X-GitHub-Request-Id:
      - 640A:2A80:56E967:767654:65314362
      X-Served-By:
      - cache-den8280-DEN
      X-Timer:
      - S1697727399.715461,VS0,VE1
      expires:
      - Thu, 19 Oct 2023 15:05:31 GMT
      x-origin-cache:
      - HIT
      x-proxy-cache:
      - MISS
    status:
      code: 200
      message: OK
- request:
    body: null
    headers:
      Connection:
      - close
      Host:
      - schemas.stacspec.org
      User-Agent:
      - Python-urllib/3.11
    method: GET
    uri: https://schemas.stacspec.org/v1.0.0-beta.2/item-spec/json-schema/provider.json
  response:
    body:
      string: "{\n  \"$schema\": \"http://json-schema.org/draft-07/schema#\",\n  \"$id\":
        \"https://schemas.stacspec.org/v1.0.0-beta.2/item-spec/json-schema/provider.json#\",\n
        \ \"title\": \"Provider Fields\",\n  \"type\": \"object\",\n  \"properties\":
        {\n    \"providers\": {\n      \"title\": \"Providers\",\n      \"type\":
        \"array\",\n      \"items\": {\n        \"properties\": {\n          \"name\":
        {\n            \"title\": \"Organization name\",\n            \"type\": \"string\"\n
        \         },\n          \"description\": {\n            \"title\": \"Organization
        description\",\n            \"type\": \"string\"\n          },\n          \"roles\":
        {\n            \"title\": \"Organization roles\",\n            \"type\": \"array\",\n
        \           \"items\": {\n              \"type\": \"string\",\n              \"enum\":
        [\n                \"producer\",\n                \"licensor\",\n                \"processor\",\n
        \               \"host\"\n              ]\n            }\n          },\n          \"url\":
        {\n            \"title\": \"Organization homepage\",\n            \"type\":
        \"string\",\n            \"format\": \"url\"\n          }\n        }\n      }\n
        \   }\n  }\n}"
    headers:
      Accept-Ranges:
      - bytes
      Access-Control-Allow-Origin:
      - '*'
      Age:
      - '67'
      Cache-Control:
      - max-age=600
      Connection:
      - close
      Content-Length:
      - '1038'
      Content-Type:
      - application/json; charset=utf-8
      Date:
      - Thu, 19 Oct 2023 14:56:38 GMT
      ETag:
      - '"65147dc1-40e"'
      Last-Modified:
      - Wed, 27 Sep 2023 19:08:49 GMT
      Server:
      - GitHub.com
      Vary:
      - Accept-Encoding
      Via:
      - 1.1 varnish
      X-Cache:
      - HIT
      X-Cache-Hits:
      - '1'
      X-Fastly-Request-ID:
      - 883f1bb5b82d995b4ae819b2db370433c4ea46a5
      X-GitHub-Request-Id:
      - 8954:0EA2:5DBAA8:7D489F:65314363
      X-Served-By:
      - cache-den8227-DEN
      X-Timer:
      - S1697727399.765370,VS0,VE1
      expires:
      - Thu, 19 Oct 2023 15:05:31 GMT
      x-origin-cache:
      - HIT
      x-proxy-cache:
      - MISS
    status:
      code: 200
      message: OK
- request:
    body: null
    headers:
      Connection:
      - close
      Host:
      - schemas.stacspec.org
      User-Agent:
      - Python-urllib/3.11
    method: GET
    uri: https://schemas.stacspec.org/v1.0.0-beta.2/extensions/checksum/json-schema/schema.json
  response:
    body:
      string: "{\n  \"$schema\": \"http://json-schema.org/draft-07/schema#\",\n  \"$id\":
        \"https://schemas.stacspec.org/v1.0.0-beta.2/extensions/checksum/json-schema/schema.json#\",\n
        \ \"title\": \"Checksum Extension Specification\",\n  \"description\": \"STAC
        Checksum Extension to a STAC Item\",\n  \"oneOf\": [\n    {\n      \"allOf\":
        [\n        {\n          \"$ref\": \"../../../item-spec/json-schema/item.json\"\n
        \       },\n        {\n          \"$ref\": \"#/definitions/stac_extensions\"\n
        \       },\n        {\n          \"$ref\": \"#/definitions/checksum_links\"\n
        \       },\n        {\n          \"$ref\": \"#/definitions/checksum_assets\"\n
        \       }\n      ]\n    },\n    {\n      \"allOf\": [\n        {\n          \"$ref\":
        \"../../../catalog-spec/json-schema/catalog.json\"\n        },\n        {\n
        \         \"$ref\": \"#/definitions/stac_extensions\"\n        },\n        {\n
        \         \"$ref\": \"#/definitions/checksum_links\"\n        }\n      ]\n
        \   },\n    {\n      \"allOf\": [\n        {\n          \"$ref\": \"../../../collection-spec/json-schema/collection.json\"\n
        \       },\n        {\n          \"$ref\": \"#/definitions/stac_extensions\"\n
        \       },\n        {\n          \"$ref\": \"#/definitions/checksum_links\"\n
        \       },\n        {\n          \"$ref\": \"#/definitions/checksum_assets\"\n
        \       }\n      ]\n    }\n  ],\n  \"definitions\": {\n    \"stac_extensions\":
        {\n      \"type\": \"object\",\n      \"required\": [\n        \"stac_extensions\"\n
        \     ],\n      \"properties\": {\n        \"stac_extensions\": {\n          \"type\":
        \"array\",\n          \"contains\": {\n            \"enum\": [\n              \"checksum\",\n
        \             \"https://schemas.stacspec.org/v1.0.0-beta.2/extensions/checksum/json-schema/schema.json\"\n
        \           ]\n          }\n        }\n      }\n    },\n    \"checksum_links\":
        {\n      \"type\": \"object\",\n      \"properties\": {\n        \"links\":
        {\n          \"type\": \"array\",\n          \"items\": {\n            \"$ref\":
        \"#/definitions/checksums\"\n          }\n        }\n      }\n    },\n    \"checksum_assets\":
        {\n      \"type\": \"object\",\n      \"properties\": {\n        \"assets\":
        {\n          \"type\": \"object\",\n          \"patternProperties\": {\n            \".+\":
        {\n              \"$ref\": \"#/definitions/checksums\"\n            }\n          }\n
        \       }\n      }\n    },\n    \"checksums\": {\n      \"type\": \"object\",\n
        \     \"properties\": {\n        \"checksum:multihash\": {\n          \"type\":
        \"string\",\n          \"pattern\": \"^[a-f0-9]+$\",\n          \"title\":
        \"Multihash\"\n        }\n      }\n    }\n  }\n}\n"
    headers:
      Accept-Ranges:
      - bytes
      Access-Control-Allow-Origin:
      - '*'
      Age:
      - '0'
      Cache-Control:
      - max-age=600
      Connection:
      - close
      Content-Length:
      - '2361'
      Content-Type:
      - application/json; charset=utf-8
      Date:
      - Thu, 19 Oct 2023 14:56:38 GMT
      ETag:
      - '"65147dc1-939"'
      Last-Modified:
      - Wed, 27 Sep 2023 19:08:49 GMT
      Server:
      - GitHub.com
      Vary:
      - Accept-Encoding
      Via:
      - 1.1 varnish
      X-Cache:
      - MISS
      X-Cache-Hits:
      - '0'
      X-Fastly-Request-ID:
      - afeb7d1c04193b3027bf7d423621a1de08282f24
      X-GitHub-Request-Id:
      - AC66:0348:5E0A1E:7D9F58:653143A6
      X-Served-By:
      - cache-den8277-DEN
      X-Timer:
      - S1697727399.811493,VS0,VE60
      expires:
      - Thu, 19 Oct 2023 15:06:38 GMT
      x-proxy-cache:
      - MISS
    status:
      code: 200
      message: OK
- request:
    body: null
    headers:
      Connection:
      - close
      Host:
      - schemas.stacspec.org
      User-Agent:
      - Python-urllib/3.11
    method: GET
    uri: https://schemas.stacspec.org/v1.0.0-beta.2/catalog-spec/json-schema/catalog.json
  response:
    body:
      string: "{\n  \"$schema\": \"http://json-schema.org/draft-07/schema#\",\n  \"$id\":
        \"https://schemas.stacspec.org/v1.0.0-beta.2/catalog-spec/json-schema/catalog.json#\",\n
        \ \"title\": \"STAC Catalog Specification\",\n  \"description\": \"This object
        represents Catalogs in a SpatioTemporal Asset Catalog.\",\n  \"allOf\": [\n
        \   {\n      \"$ref\": \"#/definitions/catalog\"\n    }\n  ],\n  \"definitions\":
        {\n    \"catalog\": {\n      \"title\": \"Catalog\",\n      \"type\": \"object\",\n
        \     \"required\": [\n        \"stac_version\",\n        \"id\",\n        \"description\",\n
        \       \"links\"\n      ],\n      \"properties\": {\n        \"stac_version\":
        {\n          \"title\": \"STAC version\",\n          \"type\": \"string\",\n
        \         \"const\": \"1.0.0-beta.2\"\n        },\n        \"stac_extensions\":
        {\n          \"title\": \"STAC extensions\",\n          \"type\": \"array\",\n
        \         \"uniqueItems\": true,\n          \"items\": {\n            \"anyOf\":
        [\n              {\n                \"title\": \"Reference to a JSON Schema\",\n
        \               \"type\": \"string\",\n                \"format\": \"uri\"\n
        \             },\n              {\n                \"title\": \"Reference
        to a core extension\",\n                \"type\": \"string\"\n              }\n
        \           ]\n          }\n        },\n        \"id\": {\n          \"title\":
        \"Identifier\",\n          \"type\": \"string\"\n        },\n        \"title\":
        {\n          \"title\": \"Title\",\n          \"type\": \"string\"\n        },\n
        \       \"description\": {\n          \"title\": \"Description\",\n          \"type\":
        \"string\"\n        },\n        \"links\": {\n          \"title\": \"Links\",\n
        \         \"type\": \"array\",\n          \"items\": {\n            \"$ref\":
        \"#/definitions/link\"\n          }\n        }\n      }\n    },\n    \"link\":
        {\n      \"type\": \"object\",\n      \"required\": [\n        \"rel\",\n
        \       \"href\"\n      ],\n      \"properties\": {\n        \"href\": {\n
        \         \"title\": \"Link reference\",\n          \"type\": \"string\"\n
        \       },\n        \"rel\": {\n          \"title\": \"Link relation type\",\n
        \         \"type\": \"string\"\n        },\n        \"type\": {\n          \"title\":
        \"Link type\",\n          \"type\": \"string\"\n        },\n        \"title\":
        {\n          \"title\": \"Link title\",\n          \"type\": \"string\"\n
        \       }\n      }\n    }\n  }\n}\n"
    headers:
      Accept-Ranges:
      - bytes
      Access-Control-Allow-Origin:
      - '*'
      Age:
      - '1'
      Cache-Control:
      - max-age=600
      Connection:
      - close
      Content-Length:
      - '2126'
      Content-Type:
      - application/json; charset=utf-8
      Date:
      - Thu, 19 Oct 2023 14:56:38 GMT
      ETag:
      - '"65147dc1-84e"'
      Last-Modified:
      - Wed, 27 Sep 2023 19:08:49 GMT
      Server:
      - GitHub.com
      Vary:
      - Accept-Encoding
      Via:
      - 1.1 varnish
      X-Cache:
      - HIT
      X-Cache-Hits:
      - '1'
      X-Fastly-Request-ID:
      - 3e7c21c76f9cbe21eae616e61d2282bb16f7d045
      X-GitHub-Request-Id:
      - 782A:1E8A:5F20E6:7EAE59:653143A5
      X-Served-By:
      - cache-den8273-DEN
      X-Timer:
      - S1697727399.922855,VS0,VE1
      expires:
      - Thu, 19 Oct 2023 15:06:38 GMT
      x-proxy-cache:
      - MISS
    status:
      code: 200
      message: OK
- request:
    body: null
    headers:
      Connection:
      - close
      Host:
      - schemas.stacspec.org
      User-Agent:
      - Python-urllib/3.11
    method: GET
    uri: https://schemas.stacspec.org/v1.0.0-beta.2/collection-spec/json-schema/collection.json
  response:
    body:
      string: "{\n  \"$schema\": \"http://json-schema.org/draft-07/schema#\",\n  \"$id\":
        \"https://schemas.stacspec.org/v1.0.0-beta.2/collection-spec/json-schema/collection.json#\",\n
        \ \"title\": \"STAC Collection Specification\",\n  \"description\": \"This
        object represents Collections in a SpatioTemporal Asset Catalog.\",\n  \"allOf\":
        [\n    {\n      \"$ref\": \"../../catalog-spec/json-schema/catalog.json\"\n
        \   },\n    {\n      \"$ref\": \"#/definitions/collection\"\n    }\n  ],\n
        \ \"definitions\": {\n    \"collection\": {\n      \"title\": \"STAC Collection\",\n
        \     \"description\": \"These are the fields specific to a STAC Collection.
        All other fields are inherited from STAC Catalog.\",\n      \"type\": \"object\",\n
        \     \"required\": [\n        \"license\",\n        \"extent\"\n      ],\n
        \     \"properties\": {\n        \"stac_extensions\": {\n          \"title\":
        \"STAC extensions\",\n          \"type\": \"array\",\n          \"uniqueItems\":
        true,\n          \"items\": {\n            \"anyOf\": [\n              {\n
        \               \"title\": \"Reference to a JSON Schema\",\n                \"type\":
        \"string\",\n                \"format\": \"uri\"\n              },\n              {\n
        \               \"title\": \"Reference to a core extension\",\n                \"type\":
        \"string\"\n              }\n            ]\n          }\n        },\n        \"keywords\":
        {\n          \"title\": \"Keywords\",\n          \"type\": \"array\",\n          \"items\":
        {\n            \"type\": \"string\"\n          }\n        },\n        \"license\":
        {\n          \"title\": \"Collection License Name\",\n          \"type\":
        \"string\",\n          \"pattern\": \"^[\\\\w\\\\-\\\\.\\\\+]+$\"\n        },\n
        \       \"providers\": {\n          \"type\": \"array\",\n          \"items\":
        {\n            \"properties\": {\n              \"name\": {\n                \"title\":
        \"Organization name\",\n                \"type\": \"string\"\n              },\n
        \             \"description\": {\n                \"title\": \"Organization
        description\",\n                \"type\": \"string\"\n              },\n              \"roles\":
        {\n                \"title\": \"Organization roles\",\n                \"type\":
        \"array\",\n                \"items\": {\n                  \"type\": \"string\",\n
        \                 \"enum\": [\n                    \"producer\",\n                    \"licensor\",\n
        \                   \"processor\",\n                    \"host\"\n                  ]\n
        \               }\n              },\n              \"url\": {\n                \"title\":
        \"Organization homepage\",\n                \"type\": \"string\",\n                \"format\":
        \"url\"\n              }\n            }\n          }\n        },\n        \"extent\":
        {\n          \"title\": \"Extents\",\n          \"type\": \"object\",\n          \"required\":
        [\n            \"spatial\",\n            \"temporal\"\n          ],\n          \"properties\":
        {\n            \"spatial\": {\n              \"title\": \"Spatial extent object\",\n
        \             \"type\": \"object\",\n              \"required\": [\n                \"bbox\"\n
        \             ],\n              \"properties\": {\n                \"bbox\":
        {\n                  \"title\": \"Spatial extents\",\n                  \"type\":
        \"array\",\n                  \"minItems\": 1,\n                  \"items\":
        {\n                    \"title\": \"Spatial extent\",\n                    \"type\":
        \"array\",\n                    \"oneOf\": [\n                      {\n                        \"minItems\":4,\n
        \                       \"maxItems\":4\n                      },\n                      {\n
        \                       \"minItems\":6,\n                        \"maxItems\":6\n
        \                     }\n                    ],\n                    \"items\":
        {\n                      \"type\": \"number\"\n                    }\n                  }\n
        \               }\n              }\n            },\n            \"temporal\":
        {\n              \"title\": \"Temporal extent object\",\n              \"type\":
        \"object\",\n              \"required\": [\n                \"interval\"\n
        \             ],\n              \"properties\": {\n                \"interval\":
        {\n                  \"title\": \"Temporal extents\",\n                  \"type\":
        \"array\",\n                  \"minItems\": 1,\n                  \"items\":
        {\n                    \"title\": \"Temporal extent\",\n                    \"type\":
        \"array\",\n                    \"minItems\": 2,\n                    \"maxItems\":
        2,\n                    \"items\": {\n                      \"type\": [\n
        \                       \"string\",\n                        \"null\"\n                      ],\n
        \                     \"format\": \"date-time\"\n                    }\n                  }\n
        \               }\n              }\n            }\n          }\n        },\n
        \       \"summaries\": {\n          \"type\": \"object\",\n          \"additionalProperties\":
        {\n            \"oneOf\": [\n              {\n                \"title\": \"Stats\",\n
        \               \"type\": \"object\",\n                \"required\": [\n                  \"min\",\n
        \                 \"max\"\n                ],\n                \"properties\":
        {\n                  \"min\": {\n                    \"title\": \"Minimum
        value\",\n                    \"type\": [\"number\", \"string\"]\n                  },\n
        \                 \"max\": {\n                    \"title\": \"Maximum value\",\n
        \                   \"type\": [\"number\", \"string\"]\n                  }\n
        \               }\n              },\n              {\n                \"title\":
        \"Set of values\",\n                \"type\": \"array\",\n                \"minItems\":
        1,\n                \"items\": {\n                  \"description\": \"Any
        data type could occur.\"\n                }\n              }\n            ]\n
        \         }\n        }\n      }\n    }\n  }\n}"
    headers:
      Accept-Ranges:
      - bytes
      Access-Control-Allow-Origin:
      - '*'
      Age:
      - '1'
      Cache-Control:
      - max-age=600
      Connection:
      - close
      Content-Length:
      - '5346'
      Content-Type:
      - application/json; charset=utf-8
      Date:
      - Thu, 19 Oct 2023 14:56:38 GMT
      ETag:
      - '"65147dc1-14e2"'
      Last-Modified:
      - Wed, 27 Sep 2023 19:08:49 GMT
      Server:
      - GitHub.com
      Vary:
      - Accept-Encoding
      Via:
      - 1.1 varnish
      X-Cache:
      - HIT
      X-Cache-Hits:
      - '1'
      X-Fastly-Request-ID:
      - f249534a78e1245eaaf31f1d3acac2a3119ec1f6
      X-GitHub-Request-Id:
      - 6A66:7F17:595AA3:7905F0:653143A4
      X-Served-By:
      - cache-den8229-DEN
      X-Timer:
      - S1697727399.975817,VS0,VE1
      expires:
      - Thu, 19 Oct 2023 15:06:38 GMT
      x-proxy-cache:
      - MISS
    status:
      code: 200
      message: OK
version: 1
