interactions:
- request:
    body: null
    headers:
      User-Agent:
      - pystac/1.14.3
    method: GET
    uri: https://raw.githubusercontent.com/radiantearth/stac-spec/v0.9.0/item-spec/json-schema/item.json
  response:
    body:
      string: "{\n  \"$schema\": \"http://json-schema.org/draft-07/schema#\",\n  \"$id\":
        \"item.json#\",\n  \"title\": \"STAC Item\",\n  \"type\": \"object\",\n  \"description\":
        \"This object represents the metadata for an item in a SpatioTemporal Asset
        Catalog.\",\n  \"additionalProperties\": true,\n  \"allOf\": [\n    {\n      \"$ref\":
        \"#/definitions/core\"\n    }\n  ],\n  \"definitions\": {\n    \"common_metadata\":
        {\n      \"allOf\": [\n        {\n          \"$ref\": \"basics.json\"\n        },\n
        \       {\n          \"$ref\": \"datetimerange.json\"\n        },\n        {\n
        \         \"$ref\": \"instrument.json\"\n        },\n        {\n          \"$ref\":
        \"licensing.json\"\n        },\n        {\n          \"$ref\": \"metadata.json\"\n
        \       },\n        {\n          \"$ref\": \"provider.json\"\n        }\n
        \     ]\n    },\n    \"core\": {\n      \"allOf\": [\n        {\n          \"$ref\":
        \"https://geojson.org/schema/Feature.json\"\n        },\n        {\n          \"type\":
        \"object\",\n          \"required\": [\n            \"stac_version\",\n            \"id\",\n
        \           \"links\",\n            \"assets\",\n            \"bbox\",\n            \"properties\"\n
        \         ],\n          \"properties\": {\n            \"stac_version\": {\n
        \             \"title\": \"STAC version\",\n              \"type\": \"string\",\n
        \             \"const\": \"0.9.0\"\n            },\n            \"stac_extensions\":
        {\n              \"title\": \"STAC extensions\",\n              \"type\":
        \"array\",\n              \"uniqueItems\": true,\n              \"items\":
        {\n                \"anyOf\": [\n                  {\n                    \"title\":
        \"Reference to a JSON Schema\",\n                    \"type\": \"string\",\n
        \                   \"format\": \"uri\"\n                  },\n                  {\n
        \                   \"title\": \"Reference to a core extension\",\n                    \"type\":
        \"string\",\n                    \"enum\": [\n                      \"checksum\",\n
        \                     \"commons\",\n                      \"datacube\",\n
        \                     \"eo\",\n                      \"label\",\n                      \"pointcloud\",\n
        \                     \"projection\",\n                      \"sar\",\n                      \"sat\",\n
        \                     \"scientific\",\n                      \"version\",\n
        \                     \"view\"\n                    ]\n                  }\n
        \               ]\n              }\n            },\n            \"id\": {\n
        \             \"title\": \"Provider ID\",\n              \"description\":
        \"Provider item ID\",\n              \"type\": \"string\"\n            },\n
        \           \"bbox\": {\n              \"type\": \"array\",\n              \"minItems\":
        4,\n              \"items\": {\n                \"type\": \"number\"\n              }\n
        \           },\n            \"links\": {\n              \"title\": \"Item
        links\",\n              \"description\": \"Links to item relations\",\n              \"type\":
        \"array\",\n              \"items\": {\n                \"$ref\": \"#/definitions/link\"\n
        \             }\n            },\n            \"assets\": {\n              \"title\":
        \"Asset links\",\n              \"description\": \"Links to assets\",\n              \"type\":
        \"object\",\n              \"additionalProperties\": {\n                \"$ref\":
        \"#/definitions/asset\"\n              }\n            },\n            \"properties\":
        {\n              \"allOf\": [\n                {\n                  \"type\":
        \"object\",\n                  \"required\": [\n                    \"datetime\"\n
        \                 ],\n                  \"properties\": {\n                    \"datetime\":
        {\n                      \"title\": \"Date and Time\",\n                      \"description\":
        \"The searchable date/time of the assets, in UTC (Formatted in RFC 3339) \",\n
        \                     \"type\": \"string\",\n                      \"format\":
        \"date-time\"\n                    }\n                  }\n                },\n
        \               {\n                  \"$ref\": \"#/definitions/common_metadata\"\n
        \               }\n              ]\n            },\n            \"collection\":
        {\n              \"title\": \"Collection ID\",\n              \"description\":
        \"The ID of the STAC Collection this Item references to.\",\n              \"type\":
        \"string\"\n            }\n          }\n        }\n      ]\n    },\n    \"link\":
        {\n      \"type\": \"object\",\n      \"required\": [\n        \"rel\",\n
        \       \"href\"\n      ],\n      \"properties\": {\n        \"href\": {\n
        \         \"title\": \"Link reference\",\n          \"type\": \"string\"\n
        \       },\n        \"rel\": {\n          \"title\": \"Link relation type\",\n
        \         \"type\": \"string\"\n        },\n        \"type\": {\n          \"title\":
        \"Link type\",\n          \"type\": \"string\"\n        },\n        \"title\":
        {\n          \"title\": \"Link title\",\n          \"type\": \"string\"\n
        \       }\n      }\n    },\n    \"asset\": {\n      \"type\": \"object\",\n
        \     \"required\": [\n        \"href\"\n      ],\n      \"properties\": {\n
        \       \"href\": {\n          \"title\": \"Asset reference\",\n          \"type\":
        \"string\"\n        },\n        \"title\": {\n          \"title\": \"Asset
        title\",\n          \"type\": \"string\"\n        },\n        \"description\":
        {\n          \"title\": \"Asset description\",\n          \"type\": \"string\"\n
        \       },\n        \"type\": {\n          \"title\": \"Asset type\",\n          \"type\":
        \"string\"\n        },\n        \"roles\": {\n          \"title\": \"Asset
        roles\",\n          \"type\": \"array\",\n          \"items\": {\n            \"type\":
        \"string\"\n          }\n        }\n      }\n    }\n  }\n}\n"
    headers:
      Accept-Ranges:
      - bytes
      Access-Control-Allow-Origin:
      - '*'
      Cache-Control:
      - max-age=300
      Connection:
      - keep-alive
      Content-Length:
      - '5137'
      Content-Security-Policy:
      - default-src 'none'; style-src 'unsafe-inline'; sandbox
      Content-Type:
      - text/plain; charset=utf-8
      Cross-Origin-Resource-Policy:
      - cross-origin
      Date:
      - Thu, 08 Jan 2026 13:12:28 GMT
      ETag:
      - '"eb4ef35f5071c45c7b53e7fe6ef92a682455a0de207fcbe27507488c4bfcc9ca"'
      Expires:
      - Thu, 08 Jan 2026 13:17:28 GMT
      Source-Age:
      - '5'
      Strict-Transport-Security:
      - max-age=31536000
      Vary:
      - Authorization,Accept-Encoding
      Via:
      - 1.1 varnish
      X-Cache:
      - HIT
      X-Cache-Hits:
      - '2'
      X-Content-Type-Options:
      - nosniff
      X-Fastly-Request-ID:
      - 02dd9adada916c07e3031af3a1e0366444e76793
      X-Frame-Options:
      - deny
      X-GitHub-Request-Id:
      - 5746:31ED83:11571F:14D1A2:695FAD37
      X-Served-By:
      - cache-iad-kcgs7200152-IAD
      X-Timer:
      - S1767877949.978069,VS0,VE0
      X-XSS-Protection:
      - 1; mode=block
    status:
      code: 200
      message: OK
- request:
    body: null
    headers:
      User-Agent:
      - pystac/1.14.3
    method: GET
    uri: https://raw.githubusercontent.com/radiantearth/stac-spec/v0.9.0/item-spec/json-schema/basics.json
  response:
    body:
      string: "{\n  \"$schema\": \"http://json-schema.org/draft-07/schema#\",\n  \"$id\":
        \"basics.json#\",\n  \"title\": \"Basic Descriptive Fields\",\n  \"type\":
        \"object\",\n  \"properties\": {\n    \"title\": {\n      \"title\": \"Item
        Title\",\n      \"description\": \"A human-readable title describing the Item.\",\n
        \     \"type\": \"string\"\n    },\n    \"description\": {\n      \"title\":
        \"Item Description\",\n      \"description\": \"Detailed multi-line description
        to fully explain the Item.\",\n      \"type\": \"string\"\n    }\n  }\n}"
    headers:
      Accept-Ranges:
      - bytes
      Access-Control-Allow-Origin:
      - '*'
      Cache-Control:
      - max-age=300
      Connection:
      - keep-alive
      Content-Length:
      - '475'
      Content-Security-Policy:
      - default-src 'none'; style-src 'unsafe-inline'; sandbox
      Content-Type:
      - text/plain; charset=utf-8
      Cross-Origin-Resource-Policy:
      - cross-origin
      Date:
      - Thu, 08 Jan 2026 13:12:29 GMT
      ETag:
      - '"2436fa8ce8356cb57ec6581098dc3ea04f5395558aaca6e4008e09eb43f0a9db"'
      Expires:
      - Thu, 08 Jan 2026 13:17:29 GMT
      Source-Age:
      - '5'
      Strict-Transport-Security:
      - max-age=31536000
      Vary:
      - Authorization,Accept-Encoding
      Via:
      - 1.1 varnish
      X-Cache:
      - HIT
      X-Cache-Hits:
      - '2'
      X-Content-Type-Options:
      - nosniff
      X-Fastly-Request-ID:
      - a3dde1bb1a4f78e049091d46daf76f1375dd4f10
      X-Frame-Options:
      - deny
      X-GitHub-Request-Id:
      - C4E6:3946CD:11AF2E:152AA6:695FAD36
      X-Served-By:
      - cache-iad-kcgs7200081-IAD
      X-Timer:
      - S1767877949.008522,VS0,VE0
      X-XSS-Protection:
      - 1; mode=block
    status:
      code: 200
      message: OK
- request:
    body: null
    headers:
      User-Agent:
      - pystac/1.14.3
    method: GET
    uri: https://raw.githubusercontent.com/radiantearth/stac-spec/v0.9.0/item-spec/json-schema/datetimerange.json
  response:
    body:
      string: "{\n  \"$schema\": \"http://json-schema.org/draft-07/schema#\",\n  \"$id\":
        \"schema.json#\",\n  \"title\": \"Date and Time Range Fields\",\n  \"type\":
        \"object\",\n  \"properties\": {\n    \"start_datetime\": {\n      \"title\":
        \"Start Date and Time\",\n      \"description\": \"The searchable start date/time
        of the assets, in UTC (Formatted in RFC 3339) \",\n      \"type\": \"string\",\n
        \     \"format\": \"date-time\"\n    }, \n    \"end_datetime\": {\n      \"title\":
        \"End Date and Time\", \n      \"description\": \"The searchable end date/time
        of the assets, in UTC (Formatted in RFC 3339) \",                  \n      \"type\":
        \"string\",\n      \"format\": \"date-time\"\n    }\n  },\n  \"dependencies\":
        {\n    \"start_datetime\": {\n      \"required\": [\n        \"end_datetime\"\n
        \     ]\n    },\n    \"end_datetime\": {\n      \"required\": [\n        \"start_datetime\"\n
        \     ]\n    }\n  }\n}"
    headers:
      Accept-Ranges:
      - bytes
      Access-Control-Allow-Origin:
      - '*'
      Cache-Control:
      - max-age=300
      Connection:
      - keep-alive
      Content-Length:
      - '814'
      Content-Security-Policy:
      - default-src 'none'; style-src 'unsafe-inline'; sandbox
      Content-Type:
      - text/plain; charset=utf-8
      Cross-Origin-Resource-Policy:
      - cross-origin
      Date:
      - Thu, 08 Jan 2026 13:12:29 GMT
      ETag:
      - '"e1248a7fa9f6feeddb9c683a0fcfcab1b8ea66ae5db2d9a36f0602d44879a0f8"'
      Expires:
      - Thu, 08 Jan 2026 13:17:29 GMT
      Source-Age:
      - '6'
      Strict-Transport-Security:
      - max-age=31536000
      Vary:
      - Authorization,Accept-Encoding
      Via:
      - 1.1 varnish
      X-Cache:
      - HIT
      X-Cache-Hits:
      - '1'
      X-Content-Type-Options:
      - nosniff
      X-Fastly-Request-ID:
      - 9fa95e4e018a5ad17708a2d0eb686325dc25ede2
      X-Frame-Options:
      - deny
      X-GitHub-Request-Id:
      - C88C:2ACF0D:10457C:13BD75:695FAD37
      X-Served-By:
      - cache-iad-kcgs7200115-IAD
      X-Timer:
      - S1767877949.035065,VS0,VE1
      X-XSS-Protection:
      - 1; mode=block
    status:
      code: 200
      message: OK
- request:
    body: null
    headers:
      User-Agent:
      - pystac/1.14.3
    method: GET
    uri: https://raw.githubusercontent.com/radiantearth/stac-spec/v0.9.0/item-spec/json-schema/instrument.json
  response:
    body:
      string: "{\n  \"$schema\": \"http://json-schema.org/draft-07/schema#\",\n  \"$id\":
        \"instrument.json#\",\n  \"title\": \"Instrument Fields\",\n  \"type\": \"object\",\n
        \ \"properties\": {\n    \"platform\": {\n      \"title\": \"Platform\",\n
        \     \"type\": \"string\"\n    },\n    \"instruments\": {\n      \"title\":
        \"Instruments\",\n      \"type\": \"array\",\n      \"items\": {\n        \"type\":
        \"string\"\n      }\n    },\n    \"constellation\": {\n      \"title\": \"Constellation\",\n
        \     \"type\": \"string\"\n    },\n    \"mission\": {\n      \"title\": \"Mission\",\n
        \     \"type\": \"string\"\n    }\n  }\n}"
    headers:
      Accept-Ranges:
      - bytes
      Access-Control-Allow-Origin:
      - '*'
      Cache-Control:
      - max-age=300
      Connection:
      - keep-alive
      Content-Length:
      - '525'
      Content-Security-Policy:
      - default-src 'none'; style-src 'unsafe-inline'; sandbox
      Content-Type:
      - text/plain; charset=utf-8
      Cross-Origin-Resource-Policy:
      - cross-origin
      Date:
      - Thu, 08 Jan 2026 13:12:29 GMT
      ETag:
      - '"84c39a084fe100d85a10cdeef11399cb06ceed2c623ee37cfbdb03f85d39477c"'
      Expires:
      - Thu, 08 Jan 2026 13:17:29 GMT
      Source-Age:
      - '6'
      Strict-Transport-Security:
      - max-age=31536000
      Vary:
      - Authorization,Accept-Encoding
      Via:
      - 1.1 varnish
      X-Cache:
      - HIT
      X-Cache-Hits:
      - '1'
      X-Content-Type-Options:
      - nosniff
      X-Fastly-Request-ID:
      - 9ebf843d9da630d6a88c204eaed699c2ff21afaf
      X-Frame-Options:
      - deny
      X-GitHub-Request-Id:
      - 6162:1DF266:1D0EF0:234E9F:695FAD36
      X-Served-By:
      - cache-iad-kcgs7200140-IAD
      X-Timer:
      - S1767877949.061442,VS0,VE1
      X-XSS-Protection:
      - 1; mode=block
    status:
      code: 200
      message: OK
- request:
    body: null
    headers:
      User-Agent:
      - pystac/1.14.3
    method: GET
    uri: https://raw.githubusercontent.com/radiantearth/stac-spec/v0.9.0/item-spec/json-schema/licensing.json
  response:
    body:
      string: "{\n  \"$schema\": \"http://json-schema.org/draft-07/schema#\",\n  \"$id\":
        \"licensing.json#\",\n  \"title\": \"Licensing Fields\",\n  \"type\": \"object\",\n
        \ \"properties\": {\n    \"license\": {\n      \"type\": \"string\",\n      \"pattern\":
        \"^[\\\\w\\\\-\\\\.\\\\+]+$\"\n    }\n  }\n}"
    headers:
      Accept-Ranges:
      - bytes
      Access-Control-Allow-Origin:
      - '*'
      Cache-Control:
      - max-age=300
      Connection:
      - keep-alive
      Content-Length:
      - '244'
      Content-Security-Policy:
      - default-src 'none'; style-src 'unsafe-inline'; sandbox
      Content-Type:
      - text/plain; charset=utf-8
      Cross-Origin-Resource-Policy:
      - cross-origin
      Date:
      - Thu, 08 Jan 2026 13:12:29 GMT
      ETag:
      - '"d2cd4998f5154410f2dc79b42af5baaf118454186cee8d12066a5f42d3e821fc"'
      Expires:
      - Thu, 08 Jan 2026 13:17:29 GMT
      Source-Age:
      - '5'
      Strict-Transport-Security:
      - max-age=31536000
      Vary:
      - Authorization,Accept-Encoding
      Via:
      - 1.1 varnish
      X-Cache:
      - HIT
      X-Cache-Hits:
      - '1'
      X-Content-Type-Options:
      - nosniff
      X-Fastly-Request-ID:
      - d14b1b1643cf34a0dc4aa4280d459274803e8023
      X-Frame-Options:
      - deny
      X-GitHub-Request-Id:
      - 8EA1:135DB2:143EC6:188418:695FAD1E
      X-Served-By:
      - cache-iad-kcgs7200048-IAD
      X-Timer:
      - S1767877949.088721,VS0,VE1
      X-XSS-Protection:
      - 1; mode=block
    status:
      code: 200
      message: OK
- request:
    body: null
    headers:
      User-Agent:
      - pystac/1.14.3
    method: GET
    uri: https://raw.githubusercontent.com/radiantearth/stac-spec/v0.9.0/item-spec/json-schema/metadata.json
  response:
    body:
      string: "{\n  \"$schema\": \"http://json-schema.org/draft-07/schema#\",\n  \"$id\":
        \"metadata.json#\",\n  \"title\": \"Metadata Fields\",\n  \"type\": \"object\",\n
        \ \"properties\": {\n    \"created\": {\n      \"title\": \"Metadata Creation\",\n
        \     \"type\": \"string\",\n      \"format\": \"date-time\"\n    },\n    \"updated\":
        {\n      \"title\": \"Metadata Last Update\",\n      \"type\": \"string\",\n
        \     \"format\": \"date-time\"\n    }\n  }\n}"
    headers:
      Accept-Ranges:
      - bytes
      Access-Control-Allow-Origin:
      - '*'
      Cache-Control:
      - max-age=300
      Connection:
      - keep-alive
      Content-Length:
      - '384'
      Content-Security-Policy:
      - default-src 'none'; style-src 'unsafe-inline'; sandbox
      Content-Type:
      - text/plain; charset=utf-8
      Cross-Origin-Resource-Policy:
      - cross-origin
      Date:
      - Thu, 08 Jan 2026 13:12:29 GMT
      ETag:
      - '"a99228769e5d0400f7b006fa153262053fb7a6ffdb3b8bbf51c4df37a82098f6"'
      Expires:
      - Thu, 08 Jan 2026 13:17:29 GMT
      Source-Age:
      - '5'
      Strict-Transport-Security:
      - max-age=31536000
      Vary:
      - Authorization,Accept-Encoding
      Via:
      - 1.1 varnish
      X-Cache:
      - HIT
      X-Cache-Hits:
      - '1'
      X-Content-Type-Options:
      - nosniff
      X-Fastly-Request-ID:
      - 6b38cf2e527d920934033c02a6fc2069edcf0fd9
      X-Frame-Options:
      - deny
      X-GitHub-Request-Id:
      - 7BA1:17966A:111FAA:149A20:695FAD36
      X-Served-By:
      - cache-iad-kcgs7200091-IAD
      X-Timer:
      - S1767877949.115618,VS0,VE1
      X-XSS-Protection:
      - 1; mode=block
    status:
      code: 200
      message: OK
- request:
    body: null
    headers:
      User-Agent:
      - pystac/1.14.3
    method: GET
    uri: https://raw.githubusercontent.com/radiantearth/stac-spec/v0.9.0/item-spec/json-schema/provider.json
  response:
    body:
      string: "{\n  \"$schema\": \"http://json-schema.org/draft-07/schema#\",\n  \"$id\":
        \"provider.json#\",\n  \"title\": \"Provider Fields\",\n  \"type\": \"object\",\n
        \ \"properties\": {\n    \"providers\": {\n      \"title\": \"Providers\",\n
        \     \"type\": \"array\",\n      \"items\": {\n        \"properties\": {\n
        \         \"name\": {\n            \"title\": \"Organization name\",\n            \"type\":
        \"string\"\n          },\n          \"description\": {\n            \"title\":
        \"Organization description\",\n            \"type\": \"string\"\n          },\n
        \         \"roles\": {\n            \"title\": \"Organization roles\",\n            \"type\":
        \"array\",\n            \"items\": {\n              \"type\": \"string\",\n
        \             \"enum\": [\n                \"producer\",\n                \"licensor\",\n
        \               \"processor\",\n                \"host\"\n              ]\n
        \           }\n          },\n          \"url\": {\n            \"title\":
        \"Organization homepage\",\n            \"type\": \"string\",\n            \"format\":
        \"url\"\n          }\n        }\n      }\n    }\n  }\n}"
    headers:
      Accept-Ranges:
      - bytes
      Access-Control-Allow-Origin:
      - '*'
      Cache-Control:
      - max-age=300
      Connection:
      - keep-alive
      Content-Length:
      - '973'
      Content-Security-Policy:
      - default-src 'none'; style-src 'unsafe-inline'; sandbox
      Content-Type:
      - text/plain; charset=utf-8
      Cross-Origin-Resource-Policy:
      - cross-origin
      Date:
      - Thu, 08 Jan 2026 13:12:29 GMT
      ETag:
      - '"a92eac8e15643dce5b9165724ce350d2ee5edad5f8baca7140c79ce8ce0da8c6"'
      Expires:
      - Thu, 08 Jan 2026 13:17:29 GMT
      Source-Age:
      - '5'
      Strict-Transport-Security:
      - max-age=31536000
      Vary:
      - Authorization,Accept-Encoding
      Via:
      - 1.1 varnish
      X-Cache:
      - HIT
      X-Cache-Hits:
      - '2'
      X-Content-Type-Options:
      - nosniff
      X-Fastly-Request-ID:
      - a216354c9ce9b53e2301490526882954adae288f
      X-Frame-Options:
      - deny
      X-GitHub-Request-Id:
      - 51D0:F0BF1:145D4D:18A1AC:695FAD37
      X-Served-By:
      - cache-iad-kcgs7200042-IAD
      X-Timer:
      - S1767877949.142766,VS0,VE0
      X-XSS-Protection:
      - 1; mode=block
    status:
      code: 200
      message: OK
- request:
    body: null
    headers:
      User-Agent:
      - pystac/1.14.3
    method: GET
    uri: https://raw.githubusercontent.com/radiantearth/stac-spec/v0.9.0/extensions/sat/json-schema/schema.json
  response:
    body:
      string: "{\n  \"$schema\": \"http://json-schema.org/draft-07/schema#\",\n  \"$id\":
        \"schema.json#\",\n  \"title\": \"Sat Extension\",\n  \"description\": \"STAC
        Sat Extension to a STAC Item.\",\n  \"allOf\": [\n    {\n      \"$ref\": \"../../../item-spec/json-schema/item.json\"\n
        \   },\n    {\n      \"$ref\": \"#/definitions/sat\"\n    },\n    {\n      \"$ref\":
        \"../../../item-spec/json-schema/instrument.json\"\n    }\n  ],\n  \"definitions\":
        {\n    \"sat\": {\n      \"type\": \"object\",\n      \"required\": [\n        \"properties\"\n
        \     ],\n      \"properties\": {\n        \"properties\": {\n          \"type\":
        \"object\",\n          \"required\": [],\n          \"properties\": {\n            \"sat:relative_orbit\":
        {\n              \"type\": \"integer\",\n              \"minimum\": 1\n            },\n
        \           \"sat:orbit_state\": {\n              \"title\": \"Orbit State\",\n
        \             \"type\": \"string\",\n              \"enum\": [\n                \"ascending\",\n
        \               \"descending\",\n                \"geostationary\"\n              ]\n
        \           }\n          }\n        }\n      }\n    }\n  }\n}"
    headers:
      Accept-Ranges:
      - bytes
      Access-Control-Allow-Origin:
      - '*'
      Cache-Control:
      - max-age=300
      Connection:
      - keep-alive
      Content-Length:
      - '1008'
      Content-Security-Policy:
      - default-src 'none'; style-src 'unsafe-inline'; sandbox
      Content-Type:
      - text/plain; charset=utf-8
      Cross-Origin-Resource-Policy:
      - cross-origin
      Date:
      - Thu, 08 Jan 2026 13:12:29 GMT
      ETag:
      - '"90408dbc0c6ce835205fcdbeeab881774f06517052d7c3dbcf6ba7c3ccced7eb"'
      Expires:
      - Thu, 08 Jan 2026 13:17:29 GMT
      Source-Age:
      - '5'
      Strict-Transport-Security:
      - max-age=31536000
      Vary:
      - Authorization,Accept-Encoding
      Via:
      - 1.1 varnish
      X-Cache:
      - HIT
      X-Cache-Hits:
      - '1'
      X-Content-Type-Options:
      - nosniff
      X-Fastly-Request-ID:
      - 7ed5ecbf04ef6f57c46ff331723596fd11403ab9
      X-Frame-Options:
      - deny
      X-GitHub-Request-Id:
      - 372C:EAC8F:1EB756:24F8F4:695FAD37
      X-Served-By:
      - cache-iad-kcgs7200104-IAD
      X-Timer:
      - S1767877949.167022,VS0,VE1
      X-XSS-Protection:
      - 1; mode=block
    status:
      code: 200
      message: OK
- request:
    body: null
    headers:
      User-Agent:
      - pystac/1.14.3
    method: GET
    uri: https://raw.githubusercontent.com/radiantearth/stac-spec/v0.9.0/extensions/view/json-schema/schema.json
  response:
    body:
      string: "{\n  \"$schema\": \"http://json-schema.org/draft-07/schema#\",\n  \"$id\":
        \"schema.json#\",\n  \"title\": \"View Geometry Extension\",\n  \"description\":
        \"STAC View Geometry Extension to a STAC Item.\",\n  \"allOf\": [\n    {\n
        \     \"$ref\": \"../../../item-spec/json-schema/item.json\"\n    },\n    {\n
        \     \"$ref\": \"#/definitions/view\"\n    }\n  ],\n  \"definitions\": {\n
        \   \"view\": {\n      \"type\": \"object\",\n      \"required\": [\n        \"properties\"\n
        \     ],\n      \"properties\": {\n        \"properties\": {\n          \"type\":
        \"object\",\n          \"required\": [],\n          \"properties\": {\n            \"view:off_nadir\":
        {\n              \"title\": \"Off Nadir\",\n              \"type\": \"number\",\n
        \             \"minimum\": 0,\n              \"maximum\": 90\n            },\n
        \           \"view:incidence_angle\": {\n              \"title\": \"Center
        incidence angle\",\n              \"type\": \"number\",\n              \"minimum\":
        0,\n              \"maximum\": 90\n            },\n            \"view:azimuth\":
        {\n              \"title\": \"Azimuth angle\",\n              \"type\": \"number\",\n
        \             \"minimum\": 0,\n              \"maximum\": 360\n            },\n
        \           \"view:sun_azimuth\": {\n              \"title\": \"Sun Azimuth\",\n
        \             \"type\": \"number\",\n              \"minimum\": 0,\n              \"maximum\":
        360\n            },\n            \"view:sun_elevation\": {\n              \"title\":
        \"Sun Elevation\",\n              \"type\": \"number\",\n              \"minimum\":
        0,\n              \"maximum\": 90\n            }\n          }\n        }\n
        \     }\n    }\n  }\n}"
    headers:
      Accept-Ranges:
      - bytes
      Access-Control-Allow-Origin:
      - '*'
      Cache-Control:
      - max-age=300
      Connection:
      - keep-alive
      Content-Length:
      - '1484'
      Content-Security-Policy:
      - default-src 'none'; style-src 'unsafe-inline'; sandbox
      Content-Type:
      - text/plain; charset=utf-8
      Cross-Origin-Resource-Policy:
      - cross-origin
      Date:
      - Thu, 08 Jan 2026 13:12:29 GMT
      ETag:
      - '"e3e45b623ffe7f49713a2595b631681ba13de3813a1f297508e46360b2becd71"'
      Expires:
      - Thu, 08 Jan 2026 13:17:29 GMT
      Source-Age:
      - '4'
      Strict-Transport-Security:
      - max-age=31536000
      Vary:
      - Authorization,Accept-Encoding
      Via:
      - 1.1 varnish
      X-Cache:
      - HIT
      X-Cache-Hits:
      - '1'
      X-Content-Type-Options:
      - nosniff
      X-Fastly-Request-ID:
      - ff066976748f783a80c203355cf3c21df066b073
      X-Frame-Options:
      - deny
      X-GitHub-Request-Id:
      - B4F3:319FBC:F7BED:12F6A9:695FAD37
      X-Served-By:
      - cache-iad-kcgs7200078-IAD
      X-Timer:
      - S1767877949.194661,VS0,VE1
      X-XSS-Protection:
      - 1; mode=block
    status:
      code: 200
      message: OK
version: 1
