interactions:
- request:
    body: null
    headers:
      User-Agent:
      - pystac/1.14.3
    method: GET
    uri: https://schemas.stacspec.org/v1.0.0-beta.2/collection-spec/json-schema/collection.json
  response:
    body:
      string: "{\n  \"$schema\": \"http://json-schema.org/draft-07/schema#\",\n  \"$id\":
        \"https://schemas.stacspec.org/v1.0.0-beta.2/collection-spec/json-schema/collection.json#\",\n
        \ \"title\": \"STAC Collection Specification\",\n  \"description\": \"This
        object represents Collections in a SpatioTemporal Asset Catalog.\",\n  \"allOf\":
        [\n    {\n      \"$ref\": \"../../catalog-spec/json-schema/catalog.json\"\n
        \   },\n    {\n      \"$ref\": \"#/definitions/collection\"\n    }\n  ],\n
        \ \"definitions\": {\n    \"collection\": {\n      \"title\": \"STAC Collection\",\n
        \     \"description\": \"These are the fields specific to a STAC Collection.
        All other fields are inherited from STAC Catalog.\",\n      \"type\": \"object\",\n
        \     \"required\": [\n        \"license\",\n        \"extent\"\n      ],\n
        \     \"properties\": {\n        \"stac_extensions\": {\n          \"title\":
        \"STAC extensions\",\n          \"type\": \"array\",\n          \"uniqueItems\":
        true,\n          \"items\": {\n            \"anyOf\": [\n              {\n
        \               \"title\": \"Reference to a JSON Schema\",\n                \"type\":
        \"string\",\n                \"format\": \"uri\"\n              },\n              {\n
        \               \"title\": \"Reference to a core extension\",\n                \"type\":
        \"string\"\n              }\n            ]\n          }\n        },\n        \"keywords\":
        {\n          \"title\": \"Keywords\",\n          \"type\": \"array\",\n          \"items\":
        {\n            \"type\": \"string\"\n          }\n        },\n        \"license\":
        {\n          \"title\": \"Collection License Name\",\n          \"type\":
        \"string\",\n          \"pattern\": \"^[\\\\w\\\\-\\\\.\\\\+]+$\"\n        },\n
        \       \"providers\": {\n          \"type\": \"array\",\n          \"items\":
        {\n            \"properties\": {\n              \"name\": {\n                \"title\":
        \"Organization name\",\n                \"type\": \"string\"\n              },\n
        \             \"description\": {\n                \"title\": \"Organization
        description\",\n                \"type\": \"string\"\n              },\n              \"roles\":
        {\n                \"title\": \"Organization roles\",\n                \"type\":
        \"array\",\n                \"items\": {\n                  \"type\": \"string\",\n
        \                 \"enum\": [\n                    \"producer\",\n                    \"licensor\",\n
        \                   \"processor\",\n                    \"host\"\n                  ]\n
        \               }\n              },\n              \"url\": {\n                \"title\":
        \"Organization homepage\",\n                \"type\": \"string\",\n                \"format\":
        \"url\"\n              }\n            }\n          }\n        },\n        \"extent\":
        {\n          \"title\": \"Extents\",\n          \"type\": \"object\",\n          \"required\":
        [\n            \"spatial\",\n            \"temporal\"\n          ],\n          \"properties\":
        {\n            \"spatial\": {\n              \"title\": \"Spatial extent object\",\n
        \             \"type\": \"object\",\n              \"required\": [\n                \"bbox\"\n
        \             ],\n              \"properties\": {\n                \"bbox\":
        {\n                  \"title\": \"Spatial extents\",\n                  \"type\":
        \"array\",\n                  \"minItems\": 1,\n                  \"items\":
        {\n                    \"title\": \"Spatial extent\",\n                    \"type\":
        \"array\",\n                    \"oneOf\": [\n                      {\n                        \"minItems\":4,\n
        \                       \"maxItems\":4\n                      },\n                      {\n
        \                       \"minItems\":6,\n                        \"maxItems\":6\n
        \                     }\n                    ],\n                    \"items\":
        {\n                      \"type\": \"number\"\n                    }\n                  }\n
        \               }\n              }\n            },\n            \"temporal\":
        {\n              \"title\": \"Temporal extent object\",\n              \"type\":
        \"object\",\n              \"required\": [\n                \"interval\"\n
        \             ],\n              \"properties\": {\n                \"interval\":
        {\n                  \"title\": \"Temporal extents\",\n                  \"type\":
        \"array\",\n                  \"minItems\": 1,\n                  \"items\":
        {\n                    \"title\": \"Temporal extent\",\n                    \"type\":
        \"array\",\n                    \"minItems\": 2,\n                    \"maxItems\":
        2,\n                    \"items\": {\n                      \"type\": [\n
        \                       \"string\",\n                        \"null\"\n                      ],\n
        \                     \"format\": \"date-time\"\n                    }\n                  }\n
        \               }\n              }\n            }\n          }\n        },\n
        \       \"summaries\": {\n          \"type\": \"object\",\n          \"additionalProperties\":
        {\n            \"oneOf\": [\n              {\n                \"title\": \"Stats\",\n
        \               \"type\": \"object\",\n                \"required\": [\n                  \"min\",\n
        \                 \"max\"\n                ],\n                \"properties\":
        {\n                  \"min\": {\n                    \"title\": \"Minimum
        value\",\n                    \"type\": [\"number\", \"string\"]\n                  },\n
        \                 \"max\": {\n                    \"title\": \"Maximum value\",\n
        \                   \"type\": [\"number\", \"string\"]\n                  }\n
        \               }\n              },\n              {\n                \"title\":
        \"Set of values\",\n                \"type\": \"array\",\n                \"minItems\":
        1,\n                \"items\": {\n                  \"description\": \"Any
        data type could occur.\"\n                }\n              }\n            ]\n
        \         }\n        }\n      }\n    }\n  }\n}"
    headers:
      Accept-Ranges:
      - bytes
      Access-Control-Allow-Origin:
      - '*'
      Age:
      - '2'
      Cache-Control:
      - max-age=600
      Connection:
      - keep-alive
      Content-Length:
      - '5346'
      Content-Type:
      - application/json; charset=utf-8
      Date:
      - Thu, 08 Jan 2026 13:12:33 GMT
      ETag:
      - '"691b88d5-14e2"'
      Last-Modified:
      - Mon, 17 Nov 2025 20:43:01 GMT
      Server:
      - GitHub.com
      Vary:
      - Accept-Encoding
      Via:
      - 1.1 varnish
      X-Cache:
      - HIT
      X-Cache-Hits:
      - '1'
      X-Fastly-Request-ID:
      - 160f112b8e50a00bd2d3910daaf794a70cb7ddf4
      X-GitHub-Request-Id:
      - 6512:EC5D8:21EC12:27F985:695FAD3F
      X-Served-By:
      - cache-iad-kcgs7200170-IAD
      X-Timer:
      - S1767877954.535542,VS0,VE1
      expires:
      - Thu, 08 Jan 2026 13:22:31 GMT
      x-proxy-cache:
      - MISS
    status:
      code: 200
      message: OK
- request:
    body: null
    headers:
      User-Agent:
      - pystac/1.14.3
    method: GET
    uri: https://schemas.stacspec.org/v1.0.0-beta.2/catalog-spec/json-schema/catalog.json
  response:
    body:
      string: "{\n  \"$schema\": \"http://json-schema.org/draft-07/schema#\",\n  \"$id\":
        \"https://schemas.stacspec.org/v1.0.0-beta.2/catalog-spec/json-schema/catalog.json#\",\n
        \ \"title\": \"STAC Catalog Specification\",\n  \"description\": \"This object
        represents Catalogs in a SpatioTemporal Asset Catalog.\",\n  \"allOf\": [\n
        \   {\n      \"$ref\": \"#/definitions/catalog\"\n    }\n  ],\n  \"definitions\":
        {\n    \"catalog\": {\n      \"title\": \"Catalog\",\n      \"type\": \"object\",\n
        \     \"required\": [\n        \"stac_version\",\n        \"id\",\n        \"description\",\n
        \       \"links\"\n      ],\n      \"properties\": {\n        \"stac_version\":
        {\n          \"title\": \"STAC version\",\n          \"type\": \"string\",\n
        \         \"const\": \"1.0.0-beta.2\"\n        },\n        \"stac_extensions\":
        {\n          \"title\": \"STAC extensions\",\n          \"type\": \"array\",\n
        \         \"uniqueItems\": true,\n          \"items\": {\n            \"anyOf\":
        [\n              {\n                \"title\": \"Reference to a JSON Schema\",\n
        \               \"type\": \"string\",\n                \"format\": \"uri\"\n
        \             },\n              {\n                \"title\": \"Reference
        to a core extension\",\n                \"type\": \"string\"\n              }\n
        \           ]\n          }\n        },\n        \"id\": {\n          \"title\":
        \"Identifier\",\n          \"type\": \"string\"\n        },\n        \"title\":
        {\n          \"title\": \"Title\",\n          \"type\": \"string\"\n        },\n
        \       \"description\": {\n          \"title\": \"Description\",\n          \"type\":
        \"string\"\n        },\n        \"links\": {\n          \"title\": \"Links\",\n
        \         \"type\": \"array\",\n          \"items\": {\n            \"$ref\":
        \"#/definitions/link\"\n          }\n        }\n      }\n    },\n    \"link\":
        {\n      \"type\": \"object\",\n      \"required\": [\n        \"rel\",\n
        \       \"href\"\n      ],\n      \"properties\": {\n        \"href\": {\n
        \         \"title\": \"Link reference\",\n          \"type\": \"string\"\n
        \       },\n        \"rel\": {\n          \"title\": \"Link relation type\",\n
        \         \"type\": \"string\"\n        },\n        \"type\": {\n          \"title\":
        \"Link type\",\n          \"type\": \"string\"\n        },\n        \"title\":
        {\n          \"title\": \"Link title\",\n          \"type\": \"string\"\n
        \       }\n      }\n    }\n  }\n}\n"
    headers:
      Accept-Ranges:
      - bytes
      Access-Control-Allow-Origin:
      - '*'
      Age:
      - '3'
      Cache-Control:
      - max-age=600
      Connection:
      - keep-alive
      Content-Length:
      - '2126'
      Content-Type:
      - application/json; charset=utf-8
      Date:
      - Thu, 08 Jan 2026 13:12:33 GMT
      ETag:
      - '"691b88d5-84e"'
      Last-Modified:
      - Mon, 17 Nov 2025 20:43:01 GMT
      Server:
      - GitHub.com
      Vary:
      - Accept-Encoding
      Via:
      - 1.1 varnish
      X-Cache:
      - HIT
      X-Cache-Hits:
      - '1'
      X-Fastly-Request-ID:
      - 32ebac01a94f9696b7295ba8a9f48cd4dd4f642a
      X-GitHub-Request-Id:
      - 5928:E1842:27C7C6:2ADF8B:695FAD3E
      X-Served-By:
      - cache-iad-kcgs7200061-IAD
      X-Timer:
      - S1767877954.570932,VS0,VE1
      expires:
      - Thu, 08 Jan 2026 13:22:30 GMT
      x-proxy-cache:
      - MISS
    status:
      code: 200
      message: OK
- request:
    body: null
    headers:
      User-Agent:
      - pystac/1.14.3
    method: GET
    uri: https://schemas.stacspec.org/v1.0.0-beta.2/extensions/item-assets/json-schema/schema.json
  response:
    body:
      string: "{\n  \"$schema\": \"http://json-schema.org/draft-07/schema#\",\n  \"$id\":
        \"https://schemas.stacspec.org/v1.0.0-beta.2/extensions/item-assets/json-schema/schema.json#\",\n
        \ \"title\": \"Asset Definition Extension Specification\",\n  \"description\":
        \"STAC Asset Definition Extension to a STAC Collection\",\n  \"allOf\": [\n
        \   {\n      \"$ref\": \"../../../collection-spec/json-schema/collection.json\"\n
        \   },\n    {\n      \"$ref\": \"#/definitions/item_assets\"\n    }\n  ],\n
        \ \"definitions\": {\n    \"item_assets\": {\n      \"title\": \"Item Assets
        Definition\",\n      \"type\": \"object\",\n      \"required\": [\n        \"stac_extensions\",\n
        \       \"item_assets\"\n      ],\n      \"properties\": {\n        \"stac_extensions\":
        {\n          \"type\": \"array\",\n          \"contains\": {\n            \"enum\":
        [\n              \"item-assets\",\n              \"https://schemas.stacspec.org/v1.0.0-beta.2/extensions/item-assets/json-schema/schema.json\"\n
        \           ]\n          }\n        },\n        \"item_assets\": {\n          \"type\":
        \"object\",\n          \"additionalProperties\": {\n            \"$ref\":
        \"#/definitions/asset\"\n          }\n        }\n      }\n    },\n    \"asset\":
        {\n      \"type\": \"object\",\n      \"minProperties\": 2,\n      \"properties\":
        {\n        \"title\": {\n          \"title\": \"Asset title\",\n          \"type\":
        \"string\"\n        },\n        \"description\": {\n          \"title\": \"Asset
        description\",\n          \"type\": \"string\"\n        },\n        \"type\":
        {\n          \"title\": \"Asset type\",\n          \"type\": \"string\"\n
        \       },\n        \"roles\": {\n          \"title\": \"Asset roles\",\n
        \         \"type\": \"array\",\n          \"items\": {\n            \"type\":
        \"string\"\n          }\n        }\n      }\n    }\n  }\n}"
    headers:
      Accept-Ranges:
      - bytes
      Access-Control-Allow-Origin:
      - '*'
      Age:
      - '0'
      Cache-Control:
      - max-age=600
      Connection:
      - keep-alive
      Content-Length:
      - '1631'
      Content-Type:
      - application/json; charset=utf-8
      Date:
      - Thu, 08 Jan 2026 13:12:33 GMT
      ETag:
      - '"691b88d5-65f"'
      Last-Modified:
      - Mon, 17 Nov 2025 20:43:01 GMT
      Server:
      - GitHub.com
      Vary:
      - Accept-Encoding
      Via:
      - 1.1 varnish
      X-Cache:
      - MISS
      X-Cache-Hits:
      - '0'
      X-Fastly-Request-ID:
      - 402b54986dc4b4a5deb00ca26ad69fa3c76aa17a
      X-GitHub-Request-Id:
      - 5C7A:36FCA1:2728DD:2A43B3:695FAD41
      X-Served-By:
      - cache-iad-kcgs7200112-IAD
      X-Timer:
      - S1767877954.596816,VS0,VE10
      expires:
      - Thu, 08 Jan 2026 13:22:33 GMT
      x-origin-cache:
      - HIT
      x-proxy-cache:
      - MISS
    status:
      code: 200
      message: OK
version: 1
