interactions:
- request:
    body: null
    headers:
      Connection:
      - close
      Host:
      - raw.githubusercontent.com
      User-Agent:
      - Python-urllib/3.11
    method: GET
    uri: https://raw.githubusercontent.com/radiantearth/stac-spec/v0.9.0/item-spec/json-schema/item.json
  response:
    body:
      string: "{\n  \"$schema\": \"http://json-schema.org/draft-07/schema#\",\n  \"$id\":
        \"item.json#\",\n  \"title\": \"STAC Item\",\n  \"type\": \"object\",\n  \"description\":
        \"This object represents the metadata for an item in a SpatioTemporal Asset
        Catalog.\",\n  \"additionalProperties\": true,\n  \"allOf\": [\n    {\n      \"$ref\":
        \"#/definitions/core\"\n    }\n  ],\n  \"definitions\": {\n    \"common_metadata\":
        {\n      \"allOf\": [\n        {\n          \"$ref\": \"basics.json\"\n        },\n
        \       {\n          \"$ref\": \"datetimerange.json\"\n        },\n        {\n
        \         \"$ref\": \"instrument.json\"\n        },\n        {\n          \"$ref\":
        \"licensing.json\"\n        },\n        {\n          \"$ref\": \"metadata.json\"\n
        \       },\n        {\n          \"$ref\": \"provider.json\"\n        }\n
        \     ]\n    },\n    \"core\": {\n      \"allOf\": [\n        {\n          \"$ref\":
        \"https://geojson.org/schema/Feature.json\"\n        },\n        {\n          \"type\":
        \"object\",\n          \"required\": [\n            \"stac_version\",\n            \"id\",\n
        \           \"links\",\n            \"assets\",\n            \"bbox\",\n            \"properties\"\n
        \         ],\n          \"properties\": {\n            \"stac_version\": {\n
        \             \"title\": \"STAC version\",\n              \"type\": \"string\",\n
        \             \"const\": \"0.9.0\"\n            },\n            \"stac_extensions\":
        {\n              \"title\": \"STAC extensions\",\n              \"type\":
        \"array\",\n              \"uniqueItems\": true,\n              \"items\":
        {\n                \"anyOf\": [\n                  {\n                    \"title\":
        \"Reference to a JSON Schema\",\n                    \"type\": \"string\",\n
        \                   \"format\": \"uri\"\n                  },\n                  {\n
        \                   \"title\": \"Reference to a core extension\",\n                    \"type\":
        \"string\",\n                    \"enum\": [\n                      \"checksum\",\n
        \                     \"commons\",\n                      \"datacube\",\n
        \                     \"eo\",\n                      \"label\",\n                      \"pointcloud\",\n
        \                     \"projection\",\n                      \"sar\",\n                      \"sat\",\n
        \                     \"scientific\",\n                      \"version\",\n
        \                     \"view\"\n                    ]\n                  }\n
        \               ]\n              }\n            },\n            \"id\": {\n
        \             \"title\": \"Provider ID\",\n              \"description\":
        \"Provider item ID\",\n              \"type\": \"string\"\n            },\n
        \           \"bbox\": {\n              \"type\": \"array\",\n              \"minItems\":
        4,\n              \"items\": {\n                \"type\": \"number\"\n              }\n
        \           },\n            \"links\": {\n              \"title\": \"Item
        links\",\n              \"description\": \"Links to item relations\",\n              \"type\":
        \"array\",\n              \"items\": {\n                \"$ref\": \"#/definitions/link\"\n
        \             }\n            },\n            \"assets\": {\n              \"title\":
        \"Asset links\",\n              \"description\": \"Links to assets\",\n              \"type\":
        \"object\",\n              \"additionalProperties\": {\n                \"$ref\":
        \"#/definitions/asset\"\n              }\n            },\n            \"properties\":
        {\n              \"allOf\": [\n                {\n                  \"type\":
        \"object\",\n                  \"required\": [\n                    \"datetime\"\n
        \                 ],\n                  \"properties\": {\n                    \"datetime\":
        {\n                      \"title\": \"Date and Time\",\n                      \"description\":
        \"The searchable date/time of the assets, in UTC (Formatted in RFC 3339) \",\n
        \                     \"type\": \"string\",\n                      \"format\":
        \"date-time\"\n                    }\n                  }\n                },\n
        \               {\n                  \"$ref\": \"#/definitions/common_metadata\"\n
        \               }\n              ]\n            },\n            \"collection\":
        {\n              \"title\": \"Collection ID\",\n              \"description\":
        \"The ID of the STAC Collection this Item references to.\",\n              \"type\":
        \"string\"\n            }\n          }\n        }\n      ]\n    },\n    \"link\":
        {\n      \"type\": \"object\",\n      \"required\": [\n        \"rel\",\n
        \       \"href\"\n      ],\n      \"properties\": {\n        \"href\": {\n
        \         \"title\": \"Link reference\",\n          \"type\": \"string\"\n
        \       },\n        \"rel\": {\n          \"title\": \"Link relation type\",\n
        \         \"type\": \"string\"\n        },\n        \"type\": {\n          \"title\":
        \"Link type\",\n          \"type\": \"string\"\n        },\n        \"title\":
        {\n          \"title\": \"Link title\",\n          \"type\": \"string\"\n
        \       }\n      }\n    },\n    \"asset\": {\n      \"type\": \"object\",\n
        \     \"required\": [\n        \"href\"\n      ],\n      \"properties\": {\n
        \       \"href\": {\n          \"title\": \"Asset reference\",\n          \"type\":
        \"string\"\n        },\n        \"title\": {\n          \"title\": \"Asset
        title\",\n          \"type\": \"string\"\n        },\n        \"description\":
        {\n          \"title\": \"Asset description\",\n          \"type\": \"string\"\n
        \       },\n        \"type\": {\n          \"title\": \"Asset type\",\n          \"type\":
        \"string\"\n        },\n        \"roles\": {\n          \"title\": \"Asset
        roles\",\n          \"type\": \"array\",\n          \"items\": {\n            \"type\":
        \"string\"\n          }\n        }\n      }\n    }\n  }\n}\n"
    headers:
      Accept-Ranges:
      - bytes
      Access-Control-Allow-Origin:
      - '*'
      Cache-Control:
      - max-age=300
      Connection:
      - close
      Content-Length:
      - '5137'
      Content-Security-Policy:
      - default-src 'none'; style-src 'unsafe-inline'; sandbox
      Content-Type:
      - text/plain; charset=utf-8
      Cross-Origin-Resource-Policy:
      - cross-origin
      Date:
      - Thu, 19 Oct 2023 14:56:29 GMT
      ETag:
      - '"eb4ef35f5071c45c7b53e7fe6ef92a682455a0de207fcbe27507488c4bfcc9ca"'
      Expires:
      - Thu, 19 Oct 2023 15:01:29 GMT
      Source-Age:
      - '6'
      Strict-Transport-Security:
      - max-age=31536000
      Vary:
      - Authorization,Accept-Encoding,Origin
      Via:
      - 1.1 varnish
      X-Cache:
      - HIT
      X-Cache-Hits:
      - '1'
      X-Content-Type-Options:
      - nosniff
      X-Fastly-Request-ID:
      - c17ed6cbb9184a26bc4902719cf4afd2daea98dc
      X-Frame-Options:
      - deny
      X-GitHub-Request-Id:
      - 6B04:4F05:332E0E:3FAAEE:65314396
      X-Served-By:
      - cache-den8231-DEN
      X-Timer:
      - S1697727390.524540,VS0,VE2
      X-XSS-Protection:
      - 1; mode=block
    status:
      code: 200
      message: OK
- request:
    body: null
    headers:
      Connection:
      - close
      Host:
      - raw.githubusercontent.com
      User-Agent:
      - Python-urllib/3.11
    method: GET
    uri: https://raw.githubusercontent.com/radiantearth/stac-spec/v0.9.0/item-spec/json-schema/basics.json
  response:
    body:
      string: "{\n  \"$schema\": \"http://json-schema.org/draft-07/schema#\",\n  \"$id\":
        \"basics.json#\",\n  \"title\": \"Basic Descriptive Fields\",\n  \"type\":
        \"object\",\n  \"properties\": {\n    \"title\": {\n      \"title\": \"Item
        Title\",\n      \"description\": \"A human-readable title describing the Item.\",\n
        \     \"type\": \"string\"\n    },\n    \"description\": {\n      \"title\":
        \"Item Description\",\n      \"description\": \"Detailed multi-line description
        to fully explain the Item.\",\n      \"type\": \"string\"\n    }\n  }\n}"
    headers:
      Accept-Ranges:
      - bytes
      Access-Control-Allow-Origin:
      - '*'
      Cache-Control:
      - max-age=300
      Connection:
      - close
      Content-Length:
      - '475'
      Content-Security-Policy:
      - default-src 'none'; style-src 'unsafe-inline'; sandbox
      Content-Type:
      - text/plain; charset=utf-8
      Cross-Origin-Resource-Policy:
      - cross-origin
      Date:
      - Thu, 19 Oct 2023 14:56:29 GMT
      ETag:
      - '"2436fa8ce8356cb57ec6581098dc3ea04f5395558aaca6e4008e09eb43f0a9db"'
      Expires:
      - Thu, 19 Oct 2023 15:01:29 GMT
      Source-Age:
      - '6'
      Strict-Transport-Security:
      - max-age=31536000
      Vary:
      - Authorization,Accept-Encoding,Origin
      Via:
      - 1.1 varnish
      X-Cache:
      - HIT
      X-Cache-Hits:
      - '1'
      X-Content-Type-Options:
      - nosniff
      X-Fastly-Request-ID:
      - ead76c8d5e4aa658861c5f91c840019fe20adef2
      X-Frame-Options:
      - deny
      X-GitHub-Request-Id:
      - FCC2:3FE9:38B9D6:4536E8:65314396
      X-Served-By:
      - cache-den8280-DEN
      X-Timer:
      - S1697727390.573497,VS0,VE1
      X-XSS-Protection:
      - 1; mode=block
    status:
      code: 200
      message: OK
- request:
    body: null
    headers:
      Connection:
      - close
      Host:
      - raw.githubusercontent.com
      User-Agent:
      - Python-urllib/3.11
    method: GET
    uri: https://raw.githubusercontent.com/radiantearth/stac-spec/v0.9.0/item-spec/json-schema/datetimerange.json
  response:
    body:
      string: "{\n  \"$schema\": \"http://json-schema.org/draft-07/schema#\",\n  \"$id\":
        \"schema.json#\",\n  \"title\": \"Date and Time Range Fields\",\n  \"type\":
        \"object\",\n  \"properties\": {\n    \"start_datetime\": {\n      \"title\":
        \"Start Date and Time\",\n      \"description\": \"The searchable start date/time
        of the assets, in UTC (Formatted in RFC 3339) \",\n      \"type\": \"string\",\n
        \     \"format\": \"date-time\"\n    }, \n    \"end_datetime\": {\n      \"title\":
        \"End Date and Time\", \n      \"description\": \"The searchable end date/time
        of the assets, in UTC (Formatted in RFC 3339) \",                  \n      \"type\":
        \"string\",\n      \"format\": \"date-time\"\n    }\n  },\n  \"dependencies\":
        {\n    \"start_datetime\": {\n      \"required\": [\n        \"end_datetime\"\n
        \     ]\n    },\n    \"end_datetime\": {\n      \"required\": [\n        \"start_datetime\"\n
        \     ]\n    }\n  }\n}"
    headers:
      Accept-Ranges:
      - bytes
      Access-Control-Allow-Origin:
      - '*'
      Cache-Control:
      - max-age=300
      Connection:
      - close
      Content-Length:
      - '814'
      Content-Security-Policy:
      - default-src 'none'; style-src 'unsafe-inline'; sandbox
      Content-Type:
      - text/plain; charset=utf-8
      Cross-Origin-Resource-Policy:
      - cross-origin
      Date:
      - Thu, 19 Oct 2023 14:56:29 GMT
      ETag:
      - '"e1248a7fa9f6feeddb9c683a0fcfcab1b8ea66ae5db2d9a36f0602d44879a0f8"'
      Expires:
      - Thu, 19 Oct 2023 15:01:29 GMT
      Source-Age:
      - '5'
      Strict-Transport-Security:
      - max-age=31536000
      Vary:
      - Authorization,Accept-Encoding,Origin
      Via:
      - 1.1 varnish
      X-Cache:
      - HIT
      X-Cache-Hits:
      - '1'
      X-Content-Type-Options:
      - nosniff
      X-Fastly-Request-ID:
      - 5c84975e3f1b55dc0ee16a6b03bba7ab0f3a8b32
      X-Frame-Options:
      - deny
      X-GitHub-Request-Id:
      - 5DFC:9EE1:360F4F:42692D:65314397
      X-Served-By:
      - cache-den8260-DEN
      X-Timer:
      - S1697727390.615620,VS0,VE1
      X-XSS-Protection:
      - 1; mode=block
    status:
      code: 200
      message: OK
- request:
    body: null
    headers:
      Connection:
      - close
      Host:
      - raw.githubusercontent.com
      User-Agent:
      - Python-urllib/3.11
    method: GET
    uri: https://raw.githubusercontent.com/radiantearth/stac-spec/v0.9.0/item-spec/json-schema/instrument.json
  response:
    body:
      string: "{\n  \"$schema\": \"http://json-schema.org/draft-07/schema#\",\n  \"$id\":
        \"instrument.json#\",\n  \"title\": \"Instrument Fields\",\n  \"type\": \"object\",\n
        \ \"properties\": {\n    \"platform\": {\n      \"title\": \"Platform\",\n
        \     \"type\": \"string\"\n    },\n    \"instruments\": {\n      \"title\":
        \"Instruments\",\n      \"type\": \"array\",\n      \"items\": {\n        \"type\":
        \"string\"\n      }\n    },\n    \"constellation\": {\n      \"title\": \"Constellation\",\n
        \     \"type\": \"string\"\n    },\n    \"mission\": {\n      \"title\": \"Mission\",\n
        \     \"type\": \"string\"\n    }\n  }\n}"
    headers:
      Accept-Ranges:
      - bytes
      Access-Control-Allow-Origin:
      - '*'
      Cache-Control:
      - max-age=300
      Connection:
      - close
      Content-Length:
      - '525'
      Content-Security-Policy:
      - default-src 'none'; style-src 'unsafe-inline'; sandbox
      Content-Type:
      - text/plain; charset=utf-8
      Cross-Origin-Resource-Policy:
      - cross-origin
      Date:
      - Thu, 19 Oct 2023 14:56:29 GMT
      ETag:
      - '"84c39a084fe100d85a10cdeef11399cb06ceed2c623ee37cfbdb03f85d39477c"'
      Expires:
      - Thu, 19 Oct 2023 15:01:29 GMT
      Source-Age:
      - '5'
      Strict-Transport-Security:
      - max-age=31536000
      Vary:
      - Authorization,Accept-Encoding,Origin
      Via:
      - 1.1 varnish
      X-Cache:
      - HIT
      X-Cache-Hits:
      - '1'
      X-Content-Type-Options:
      - nosniff
      X-Fastly-Request-ID:
      - 04019bd88d2a7ce72cb196168c71106186fe8176
      X-Frame-Options:
      - deny
      X-GitHub-Request-Id:
      - A102:357F:389520:44ED9E:65314396
      X-Served-By:
      - cache-den8231-DEN
      X-Timer:
      - S1697727390.659431,VS0,VE1
      X-XSS-Protection:
      - 1; mode=block
    status:
      code: 200
      message: OK
- request:
    body: null
    headers:
      Connection:
      - close
      Host:
      - raw.githubusercontent.com
      User-Agent:
      - Python-urllib/3.11
    method: GET
    uri: https://raw.githubusercontent.com/radiantearth/stac-spec/v0.9.0/item-spec/json-schema/licensing.json
  response:
    body:
      string: "{\n  \"$schema\": \"http://json-schema.org/draft-07/schema#\",\n  \"$id\":
        \"licensing.json#\",\n  \"title\": \"Licensing Fields\",\n  \"type\": \"object\",\n
        \ \"properties\": {\n    \"license\": {\n      \"type\": \"string\",\n      \"pattern\":
        \"^[\\\\w\\\\-\\\\.\\\\+]+$\"\n    }\n  }\n}"
    headers:
      Accept-Ranges:
      - bytes
      Access-Control-Allow-Origin:
      - '*'
      Cache-Control:
      - max-age=300
      Connection:
      - close
      Content-Length:
      - '244'
      Content-Security-Policy:
      - default-src 'none'; style-src 'unsafe-inline'; sandbox
      Content-Type:
      - text/plain; charset=utf-8
      Cross-Origin-Resource-Policy:
      - cross-origin
      Date:
      - Thu, 19 Oct 2023 14:56:29 GMT
      ETag:
      - '"d2cd4998f5154410f2dc79b42af5baaf118454186cee8d12066a5f42d3e821fc"'
      Expires:
      - Thu, 19 Oct 2023 15:01:29 GMT
      Source-Age:
      - '5'
      Strict-Transport-Security:
      - max-age=31536000
      Vary:
      - Authorization,Accept-Encoding,Origin
      Via:
      - 1.1 varnish
      X-Cache:
      - HIT
      X-Cache-Hits:
      - '1'
      X-Content-Type-Options:
      - nosniff
      X-Fastly-Request-ID:
      - 12eb198387836f140e6be2db9e3139e0c274ae3c
      X-Frame-Options:
      - deny
      X-GitHub-Request-Id:
      - 27A8:68F0:39243F:457DD4:65314397
      X-Served-By:
      - cache-den8281-DEN
      X-Timer:
      - S1697727390.704385,VS0,VE1
      X-XSS-Protection:
      - 1; mode=block
    status:
      code: 200
      message: OK
- request:
    body: null
    headers:
      Connection:
      - close
      Host:
      - raw.githubusercontent.com
      User-Agent:
      - Python-urllib/3.11
    method: GET
    uri: https://raw.githubusercontent.com/radiantearth/stac-spec/v0.9.0/item-spec/json-schema/metadata.json
  response:
    body:
      string: "{\n  \"$schema\": \"http://json-schema.org/draft-07/schema#\",\n  \"$id\":
        \"metadata.json#\",\n  \"title\": \"Metadata Fields\",\n  \"type\": \"object\",\n
        \ \"properties\": {\n    \"created\": {\n      \"title\": \"Metadata Creation\",\n
        \     \"type\": \"string\",\n      \"format\": \"date-time\"\n    },\n    \"updated\":
        {\n      \"title\": \"Metadata Last Update\",\n      \"type\": \"string\",\n
        \     \"format\": \"date-time\"\n    }\n  }\n}"
    headers:
      Accept-Ranges:
      - bytes
      Access-Control-Allow-Origin:
      - '*'
      Cache-Control:
      - max-age=300
      Connection:
      - close
      Content-Length:
      - '384'
      Content-Security-Policy:
      - default-src 'none'; style-src 'unsafe-inline'; sandbox
      Content-Type:
      - text/plain; charset=utf-8
      Cross-Origin-Resource-Policy:
      - cross-origin
      Date:
      - Thu, 19 Oct 2023 14:56:29 GMT
      ETag:
      - '"a99228769e5d0400f7b006fa153262053fb7a6ffdb3b8bbf51c4df37a82098f6"'
      Expires:
      - Thu, 19 Oct 2023 15:01:29 GMT
      Source-Age:
      - '5'
      Strict-Transport-Security:
      - max-age=31536000
      Vary:
      - Authorization,Accept-Encoding,Origin
      Via:
      - 1.1 varnish
      X-Cache:
      - HIT
      X-Cache-Hits:
      - '1'
      X-Content-Type-Options:
      - nosniff
      X-Fastly-Request-ID:
      - 042cd2e3edc9380668ffafebbd08400deeb942dc
      X-Frame-Options:
      - deny
      X-GitHub-Request-Id:
      - F0F8:4C80:3B6377:47BB70:65314398
      X-Served-By:
      - cache-den8269-DEN
      X-Timer:
      - S1697727390.744103,VS0,VE1
      X-XSS-Protection:
      - 1; mode=block
    status:
      code: 200
      message: OK
- request:
    body: null
    headers:
      Connection:
      - close
      Host:
      - raw.githubusercontent.com
      User-Agent:
      - Python-urllib/3.11
    method: GET
    uri: https://raw.githubusercontent.com/radiantearth/stac-spec/v0.9.0/item-spec/json-schema/provider.json
  response:
    body:
      string: "{\n  \"$schema\": \"http://json-schema.org/draft-07/schema#\",\n  \"$id\":
        \"provider.json#\",\n  \"title\": \"Provider Fields\",\n  \"type\": \"object\",\n
        \ \"properties\": {\n    \"providers\": {\n      \"title\": \"Providers\",\n
        \     \"type\": \"array\",\n      \"items\": {\n        \"properties\": {\n
        \         \"name\": {\n            \"title\": \"Organization name\",\n            \"type\":
        \"string\"\n          },\n          \"description\": {\n            \"title\":
        \"Organization description\",\n            \"type\": \"string\"\n          },\n
        \         \"roles\": {\n            \"title\": \"Organization roles\",\n            \"type\":
        \"array\",\n            \"items\": {\n              \"type\": \"string\",\n
        \             \"enum\": [\n                \"producer\",\n                \"licensor\",\n
        \               \"processor\",\n                \"host\"\n              ]\n
        \           }\n          },\n          \"url\": {\n            \"title\":
        \"Organization homepage\",\n            \"type\": \"string\",\n            \"format\":
        \"url\"\n          }\n        }\n      }\n    }\n  }\n}"
    headers:
      Accept-Ranges:
      - bytes
      Access-Control-Allow-Origin:
      - '*'
      Cache-Control:
      - max-age=300
      Connection:
      - close
      Content-Length:
      - '973'
      Content-Security-Policy:
      - default-src 'none'; style-src 'unsafe-inline'; sandbox
      Content-Type:
      - text/plain; charset=utf-8
      Cross-Origin-Resource-Policy:
      - cross-origin
      Date:
      - Thu, 19 Oct 2023 14:56:29 GMT
      ETag:
      - '"a92eac8e15643dce5b9165724ce350d2ee5edad5f8baca7140c79ce8ce0da8c6"'
      Expires:
      - Thu, 19 Oct 2023 15:01:29 GMT
      Source-Age:
      - '5'
      Strict-Transport-Security:
      - max-age=31536000
      Vary:
      - Authorization,Accept-Encoding,Origin
      Via:
      - 1.1 varnish
      X-Cache:
      - HIT
      X-Cache-Hits:
      - '1'
      X-Content-Type-Options:
      - nosniff
      X-Fastly-Request-ID:
      - bd0f3cd35bd6238e57bf409aac951ccc1dc7cf6a
      X-Frame-Options:
      - deny
      X-GitHub-Request-Id:
      - 335C:4E55:379D08:4407CF:65314398
      X-Served-By:
      - cache-den8225-DEN
      X-Timer:
      - S1697727390.786936,VS0,VE1
      X-XSS-Protection:
      - 1; mode=block
    status:
      code: 200
      message: OK
version: 1
