interactions:
- request:
    body: null
    headers:
      Connection:
      - close
      Host:
      - raw.githubusercontent.com
      User-Agent:
      - Python-urllib/3.11
    method: GET
    uri: https://raw.githubusercontent.com/radiantearth/stac-spec/v0.8.1/item-spec/json-schema/item.json
  response:
    body:
      string: "{\n  \"$schema\": \"http://json-schema.org/draft-07/schema#\",\n  \"$id\":
        \"item.json#\",\n  \"title\": \"STAC Item\",\n  \"type\": \"object\",\n  \"description\":
        \"This object represents the metadata for an item in a SpatioTemporal Asset
        Catalog.\",\n  \"additionalProperties\": true,\n  \"allOf\": [\n    {\n      \"$ref\":
        \"#/definitions/core\"\n    }\n  ],\n  \"definitions\": {\n    \"core\": {\n
        \     \"allOf\": [\n        {\n          \"$ref\": \"https://geojson.org/schema/Feature.json\"\n
        \       },\n        {\n          \"type\": \"object\",\n          \"required\":
        [\n            \"stac_version\",\n            \"id\",\n            \"links\",\n
        \           \"assets\",\n            \"bbox\",\n            \"properties\"\n
        \         ],\n          \"properties\": {\n            \"stac_version\": {\n
        \             \"title\": \"STAC version\",\n              \"type\": \"string\",\n
        \             \"const\": \"0.8.1\"\n            },\n            \"stac_extensions\":
        {\n              \"title\": \"STAC extensions\",\n              \"type\":
        \"array\",\n              \"uniqueItems\": true,\n              \"items\":
        {\n                \"anyOf\": [\n                  {\n                    \"title\":
        \"Reference to a JSON Schema\",\n                    \"type\": \"string\",\n
        \                   \"format\": \"uri\"\n                  },\n                  {\n
        \                   \"title\": \"Reference to a core extension\",\n                    \"type\":
        \"string\",\n                    \"enum\": [\n                      \"checksum\",\n
        \                     \"cube\",\n                      \"datetime-range\",\n
        \                     \"eo\",\n                      \"label\",\n                      \"pointcloud\",\n
        \                     \"sar\",\n                      \"scientific\"\n                    ]\n
        \                 }\n                ]\n              }\n            },\n
        \           \"id\": {\n              \"title\": \"Provider ID\",\n              \"description\":
        \"Provider item ID\",\n              \"type\": \"string\"\n            },\n
        \           \"bbox\": {\n              \"type\": \"array\",\n              \"minItems\":
        4,\n              \"items\": {\n                \"type\": \"number\"\n              }\n
        \           },\n            \"links\": {\n              \"title\": \"Item
        links\",\n              \"description\": \"Links to item relations\",\n              \"type\":
        \"array\",\n              \"items\": {\n                \"$ref\": \"#/definitions/link\"\n
        \             }\n            },\n            \"assets\": {\n              \"title\":
        \"Asset links\",\n              \"description\": \"Links to assets\",\n              \"type\":
        \"object\",\n              \"patternProperties\": {\n                \".+\":
        {\n                  \"$ref\": \"#/definitions/asset\"\n                }\n
        \             },\n              \"additionalProperties\": false\n            },\n
        \           \"properties\": {\n              \"type\": \"object\",\n              \"required\":
        [\n                \"datetime\"\n              ],\n              \"properties\":
        {\n                \"datetime\": {\n                  \"title\": \"Date and
        Time\",\n                  \"description\": \"The searchable date/time of
        the assets, in UTC (Formatted in RFC 3339) \",\n                  \"type\":
        \"string\",\n                  \"format\": \"date-time\"\n                },\n
        \               \"title\": {\n                  \"title\": \"Item Title\",\n
        \                 \"description\": \"A human-readable title describing the
        item.\",\n                  \"type\": \"string\"\n                },\n                \"license\":
        {\n                  \"title\": \"Item Licenses\",\n                  \"type\":
        \"string\"\n                },\n                \"providers\": {\n                  \"type\":
        \"array\",\n                  \"items\": {\n                    \"properties\":
        {\n                      \"name\": {\n                        \"title\": \"Organization
        name\",\n                        \"type\": \"string\"\n                      },\n
        \                     \"description\": {\n                        \"title\":
        \"Provider description\",\n                        \"type\": \"string\"\n
        \                     },\n                      \"roles\": {\n                        \"title\":
        \"Organization roles\",\n                        \"type\": \"array\",\n                        \"items\":
        {\n                          \"type\": \"string\",\n                          \"enum\":
        [\n                            \"producer\",\n                            \"licensor\",\n
        \                           \"processor\",\n                            \"host\"\n
        \                         ]\n                        }\n                      },\n
        \                     \"url\": {\n                        \"title\": \"Homepage\",\n
        \                       \"type\": \"string\",\n                        \"format\":
        \"url\"\n                      }\n                    }\n                  }\n
        \               },\n                \"created\": {\n                  \"title\":
        \"Metadata created at\",\n                  \"type\": \"string\",\n                  \"format\":
        \"date-time\"\n                },\n                \"updated\": {\n                  \"title\":
        \"Metadata updated at\",\n                  \"type\": \"string\",\n                  \"format\":
        \"date-time\"\n                }\n              }\n            },\n            \"collection\":
        {\n              \"title\": \"Collection ID\",\n              \"description\":
        \"The ID of the STAC Collection this Item references to.\",\n              \"type\":
        \"string\"\n            }\n          }\n        }\n      ]\n    },\n    \"link\":
        {\n      \"type\": \"object\",\n      \"required\": [\n        \"rel\",\n
        \       \"href\"\n      ],\n      \"properties\": {\n        \"href\": {\n
        \         \"title\": \"Link reference\",\n          \"type\": \"string\"\n
        \       },\n        \"rel\": {\n          \"title\": \"Link relation type\",\n
        \         \"type\": \"string\"\n        },\n        \"type\": {\n          \"title\":
        \"Link type\",\n          \"type\": \"string\"\n        },\n        \"title\":
        {\n          \"title\": \"Link title\",\n          \"type\": \"string\"\n
        \       }\n      }\n    },\n    \"asset\": {\n      \"type\": \"object\",\n
        \     \"required\": [\n        \"href\"\n      ],\n      \"properties\": {\n
        \       \"href\": {\n          \"title\": \"Asset reference\",\n          \"type\":
        \"string\"\n        },\n        \"title\": {\n          \"title\": \"Asset
        title\",\n          \"type\": \"string\"\n        },\n        \"type\": {\n
        \         \"title\": \"Asset type\",\n          \"type\": \"string\"\n        }\n
        \     }\n    }\n  }\n}\n"
    headers:
      Accept-Ranges:
      - bytes
      Access-Control-Allow-Origin:
      - '*'
      Cache-Control:
      - max-age=300
      Connection:
      - close
      Content-Length:
      - '6074'
      Content-Security-Policy:
      - default-src 'none'; style-src 'unsafe-inline'; sandbox
      Content-Type:
      - text/plain; charset=utf-8
      Cross-Origin-Resource-Policy:
      - cross-origin
      Date:
      - Thu, 19 Oct 2023 14:56:22 GMT
      ETag:
      - '"4e24763d74f0d463b0cb6c63fc099e0b59447c7a049b93ffda4c6eb9eb54ae95"'
      Expires:
      - Thu, 19 Oct 2023 15:01:22 GMT
      Source-Age:
      - '10'
      Strict-Transport-Security:
      - max-age=31536000
      Vary:
      - Authorization,Accept-Encoding,Origin
      Via:
      - 1.1 varnish
      X-Cache:
      - HIT
      X-Cache-Hits:
      - '2'
      X-Content-Type-Options:
      - nosniff
      X-Fastly-Request-ID:
      - ec1fb5ddcadcba58d94aaf730944e22aa362b4f9
      X-Frame-Options:
      - deny
      X-GitHub-Request-Id:
      - 1BBC:0445:3B491A:47C44E:6531438B
      X-Served-By:
      - cache-den8231-DEN
      X-Timer:
      - S1697727382.261022,VS0,VE0
      X-XSS-Protection:
      - 1; mode=block
    status:
      code: 200
      message: OK
- request:
    body: null
    headers:
      Connection:
      - close
      Host:
      - raw.githubusercontent.com
      User-Agent:
      - Python-urllib/3.11
    method: GET
    uri: https://raw.githubusercontent.com/radiantearth/stac-spec/v0.8.1/extensions/scientific/json-schema/schema.json
  response:
    body:
      string: "{\n  \"$schema\": \"http://json-schema.org/draft-07/schema#\",\n  \"$id\":
        \"schema.json#\",\n  \"title\": \"Scientific Extension\",\n  \"description\":
        \"STAC Scientific Extension to STAC Items or STAC Collections.\",\n  \"oneOf\":
        [\n    {\n      \"allOf\": [\n        {\n          \"$ref\": \"../../../item-spec/json-schema/item.json\"\n
        \       },\n        {\n          \"type\": \"object\",\n          \"required\":
        [\n            \"properties\"\n          ],\n          \"properties\": {\n
        \           \"properties\": {\n              \"$ref\": \"#/definitions/scientific\"\n
        \           }\n          }\n        }\n      ]\n    },\n    {\n      \"allOf\":
        [\n        {\n          \"$ref\": \"../../../collection-spec/json-schema/collection.json\"\n
        \       },\n        {\n          \"$ref\": \"#/definitions/scientific\"\n
        \       }\n      ]\n    }\n  ],\n  \"definitions\": {\n    \"scientific\":
        {\n      \"type\": \"object\",\n      \"properties\": {\n        \"sci:doi\":
        {\n          \"type\": \"string\",\n          \"title\": \"Data DOI\",\n          \"pattern\":
        \"^(10[.][0-9]{4,}(?:[.][0-9]+)*/(?:(?![%\\\"#? ])\\\\S)+)$\"\n        },
        \n        \"sci:citation\": {\n          \"type\": \"string\", \n          \"title\":
        \"Proposed Data Citation\"\n        },\n        \"sci:publications\": {\n
        \         \"type\": \"array\",\n          \"title\": \"Publications\",\n          \"items\":
        {\n            \"type\": \"object\",\n            \"properties\": {\n              \"doi\":
        {\n                \"type\": \"string\",\n                \"title\": \"Publication
        DOI\",\n                \"pattern\": \"^(10[.][0-9]{4,}(?:[.][0-9]+)*/(?:(?![%\\\"#?
        ])\\\\S)+)$\"\n              }, \n              \"citation\": { \n                \"type\":
        \"string\", \n                \"title\": \"Publication Citation\"\n              }\n
        \           }\n          }\n        }\n      }\n    }\n  }\n}"
    headers:
      Accept-Ranges:
      - bytes
      Access-Control-Allow-Origin:
      - '*'
      Cache-Control:
      - max-age=300
      Connection:
      - close
      Content-Length:
      - '1692'
      Content-Security-Policy:
      - default-src 'none'; style-src 'unsafe-inline'; sandbox
      Content-Type:
      - text/plain; charset=utf-8
      Cross-Origin-Resource-Policy:
      - cross-origin
      Date:
      - Thu, 19 Oct 2023 14:56:22 GMT
      ETag:
      - '"13ff4323200a45e6acb12e649221282624758beb0a8f5b3a190160c2aa9d358a"'
      Expires:
      - Thu, 19 Oct 2023 15:01:22 GMT
      Source-Age:
      - '0'
      Strict-Transport-Security:
      - max-age=31536000
      Vary:
      - Authorization,Accept-Encoding,Origin
      Via:
      - 1.1 varnish
      X-Cache:
      - HIT
      X-Cache-Hits:
      - '1'
      X-Content-Type-Options:
      - nosniff
      X-Fastly-Request-ID:
      - be1762afb5d791a057aaf1f27408bf2449151079
      X-Frame-Options:
      - deny
      X-GitHub-Request-Id:
      - EBA8:6702:36C190:431828:65314395
      X-Served-By:
      - cache-den8245-DEN
      X-Timer:
      - S1697727382.310717,VS0,VE1
      X-XSS-Protection:
      - 1; mode=block
    status:
      code: 200
      message: OK
- request:
    body: null
    headers:
      Connection:
      - close
      Host:
      - raw.githubusercontent.com
      User-Agent:
      - Python-urllib/3.11
    method: GET
    uri: https://raw.githubusercontent.com/radiantearth/stac-spec/v0.8.1/collection-spec/json-schema/collection.json
  response:
    body:
      string: "{\n  \"$schema\": \"http://json-schema.org/draft-07/schema#\",\n  \"$id\":
        \"collection.json#\",\n  \"title\": \"STAC Collection Specification\",\n  \"description\":
        \"This object represents Collections in a SpatioTemporal Asset Catalog.\",\n
        \ \"allOf\": [\n    {\n      \"$ref\": \"../../catalog-spec/json-schema/catalog.json\"\n
        \   },\n    {\n      \"$ref\": \"#/definitions/collection\"\n    }\n  ],\n
        \ \"definitions\": {\n    \"collection\": {\n      \"title\": \"STAC Collection\",\n
        \     \"description\": \"These are the fields specific to a STAC Collection.
        All other fields are inherited from STAC Catalog.\",\n      \"type\": \"object\",\n
        \     \"required\": [\n        \"license\",\n        \"extent\"\n      ],\n
        \     \"properties\": {\n        \"stac_extensions\": {\n          \"title\":
        \"STAC extensions\",\n          \"type\": \"array\",\n          \"uniqueItems\":
        true,\n          \"items\": {\n            \"anyOf\": [\n              {\n
        \               \"title\": \"Reference to a JSON Schema\",\n                \"type\":
        \"string\",\n                \"format\": \"uri\"\n              },\n              {\n
        \               \"title\": \"Reference to a core extension\",\n                \"type\":
        \"string\",\n                \"enum\": [\n                  \"asset\",\n                  \"checksum\",\n
        \                 \"scientific\"\n                ]\n              }\n            ]\n
        \         }\n        },\n        \"keywords\": {\n          \"title\": \"Keywords\",\n
        \         \"type\": \"array\",\n          \"items\": {\n            \"type\":
        \"string\"\n          }\n        },\n        \"version\": {\n          \"title\":
        \"Collection Version\",\n          \"type\": \"string\"\n        },\n        \"license\":
        {\n          \"title\": \"Collection License Name\",\n          \"type\":
        \"string\"\n        },\n        \"providers\": {\n          \"type\": \"array\",\n
        \         \"items\": {\n            \"properties\": {\n              \"name\":
        {\n                \"title\": \"Organization name\",\n                \"type\":
        \"string\"\n              },\n              \"description\": {\n                \"title\":
        \"Provider description\",\n                \"type\": \"string\"\n              },\n
        \             \"roles\": {\n                \"title\": \"Organization roles\",\n
        \               \"type\": \"array\",\n                \"items\": {\n                  \"type\":
        \"string\",\n                  \"enum\": [\n                    \"producer\",\n
        \                   \"licensor\",\n                    \"processor\",\n                    \"host\"\n
        \                 ]\n                }\n              },\n              \"url\":
        {\n                \"title\": \"Homepage\",\n                \"type\": \"string\",\n
        \               \"format\": \"url\"\n              }\n            }\n          }\n
        \       },\n        \"extent\": {\n          \"title\": \"Extents\",\n          \"type\":
        \"object\",\n          \"required\": [\n            \"spatial\",\n            \"temporal\"\n
        \         ],\n          \"properties\": {\n            \"spatial\": {\n              \"title\":
        \"Spatial extent object\",\n              \"type\": \"object\",\n              \"required\":
        [\n                \"bbox\"\n              ],\n              \"properties\":
        {\n                \"bbox\": {\n                  \"title\": \"Spatial extents\",\n
        \                 \"type\": \"array\",\n                  \"minItems\": 1,\n
        \                 \"items\": {\n                    \"title\": \"Spatial extent\",\n
        \                   \"type\": \"array\",\n                    \"minItems\":
        4,\n                    \"maxItems\": 6,\n                    \"items\": {\n
        \                     \"type\": \"number\"\n                    }\n                  }\n
        \               }\n              }\n            },\n            \"temporal\":
        {\n              \"title\": \"Temporal extent object\",\n              \"type\":
        \"object\",\n              \"required\": [\n                \"interval\"\n
        \             ],\n              \"properties\": {\n                \"interval\":
        {\n                  \"title\": \"Temporal extents\",\n                  \"type\":
        \"array\",\n                  \"minItems\": 1,\n                  \"items\":
        {\n                    \"title\": \"Temporal extent\",\n                    \"type\":
        \"array\",\n                    \"minItems\": 2,\n                    \"maxItems\":
        2,\n                    \"items\": {\n                      \"type\": [\n
        \                       \"string\",\n                        \"null\"\n                      ],\n
        \                     \"format\": \"date-time\"\n                    }\n                  }\n
        \               }\n              }\n            }\n          }\n        },\n
        \       \"properties\": {\n          \"title\": \"Common properties\",\n          \"type\":
        \"object\"\n        }\n      }\n    }\n  }\n}"
    headers:
      Accept-Ranges:
      - bytes
      Access-Control-Allow-Origin:
      - '*'
      Cache-Control:
      - max-age=300
      Connection:
      - close
      Content-Length:
      - '4394'
      Content-Security-Policy:
      - default-src 'none'; style-src 'unsafe-inline'; sandbox
      Content-Type:
      - text/plain; charset=utf-8
      Cross-Origin-Resource-Policy:
      - cross-origin
      Date:
      - Thu, 19 Oct 2023 14:56:22 GMT
      ETag:
      - '"031974beaaaf6f0b5c6877dc97088d9e2aff3bc8962df33ff291dddded353f09"'
      Expires:
      - Thu, 19 Oct 2023 15:01:22 GMT
      Source-Age:
      - '10'
      Strict-Transport-Security:
      - max-age=31536000
      Vary:
      - Authorization,Accept-Encoding,Origin
      Via:
      - 1.1 varnish
      X-Cache:
      - HIT
      X-Cache-Hits:
      - '2'
      X-Content-Type-Options:
      - nosniff
      X-Fastly-Request-ID:
      - e5139dbe13d85dc385d0e6eaf5e55ab54b6c29a1
      X-Frame-Options:
      - deny
      X-GitHub-Request-Id:
      - ACB8:4C80:3B5FBD:47B72A:6531438B
      X-Served-By:
      - cache-den8246-DEN
      X-Timer:
      - S1697727382.358715,VS0,VE0
      X-XSS-Protection:
      - 1; mode=block
    status:
      code: 200
      message: OK
- request:
    body: null
    headers:
      Connection:
      - close
      Host:
      - raw.githubusercontent.com
      User-Agent:
      - Python-urllib/3.11
    method: GET
    uri: https://raw.githubusercontent.com/radiantearth/stac-spec/v0.8.1/catalog-spec/json-schema/catalog.json
  response:
    body:
      string: "{\n  \"$schema\": \"http://json-schema.org/draft-07/schema#\",\n  \"$id\":
        \"catalog.json#\",\n  \"title\": \"STAC Catalog Specification\",\n  \"description\":
        \"This object represents Catalogs in a SpatioTemporal Asset Catalog.\",\n
        \ \"allOf\": [\n    {\n      \"$ref\": \"#/definitions/catalog\"\n    }\n
        \ ],\n  \"definitions\": {\n    \"catalog\": {\n      \"title\": \"Catalog\",\n
        \     \"type\": \"object\",\n      \"required\": [\n        \"stac_version\",\n
        \       \"id\",\n        \"description\",\n        \"links\"\n      ],\n      \"properties\":
        {\n        \"stac_version\": {\n          \"title\": \"STAC version\",\n          \"type\":
        \"string\",\n          \"const\": \"0.8.1\"\n        },\n        \"stac_extensions\":
        {\n          \"title\": \"STAC extensions\",\n          \"type\": \"array\",\n
        \         \"uniqueItems\": true,\n          \"items\": {\n            \"type\":
        \"string\"\n          }\n        },\n        \"id\": {\n          \"title\":
        \"Identifier\",\n          \"type\": \"string\"\n        },\n        \"title\":
        {\n          \"title\": \"Title\",\n          \"type\": \"string\"\n        },\n
        \       \"description\": {\n          \"title\": \"Description\",\n          \"type\":
        \"string\"\n        },\n        \"links\": {\n          \"title\": \"Links\",\n
        \         \"type\": \"array\",\n          \"items\": {\n            \"$ref\":
        \"#/definitions/link\"\n          }\n        },\n        \"summaries\": {\n
        \         \"$ref\": \"#/definitions/summaries\"\n        }\n      }\n    },\n
        \   \"summaries\": {\n      \"type\": \"object\",\n      \"additionalProperties\":
        {\n        \"oneOf\": [\n          {\n            \"title\": \"Stats\",\n
        \           \"type\": \"object\",\n            \"required\": [\n              \"min\",\n
        \             \"max\"\n            ],\n            \"properties\": {\n              \"min\":
        {\n                \"title\": \"Minimum value\",\n                \"type\":
        [\"number\", \"string\"]\n              },\n              \"max\": {\n                \"title\":
        \"Maximum value\",\n                \"type\": [\"number\", \"string\"]\n              }\n
        \           }\n          },\n          {\n            \"title\": \"Set of
        values\",\n            \"type\": \"array\",\n            \"minItems\": 1,\n
        \           \"items\": {\n              \"description\": \"Any data type could
        occur.\"\n            }\n          }\n        ]\n      }\n    },\n    \"link\":
        {\n      \"type\": \"object\",\n      \"required\": [\n        \"rel\",\n
        \       \"href\"\n      ],\n      \"properties\": {\n        \"href\": {\n
        \         \"title\": \"Link reference\",\n          \"type\": \"string\"\n
        \       },\n        \"rel\": {\n          \"title\": \"Link relation type\",\n
        \         \"type\": \"string\"\n        },\n        \"type\": {\n          \"title\":
        \"Link type\",\n          \"type\": \"string\"\n        },\n        \"title\":
        {\n          \"title\": \"Link title\",\n          \"type\": \"string\"\n
        \       }\n      }\n    }\n  }\n}\n"
    headers:
      Accept-Ranges:
      - bytes
      Access-Control-Allow-Origin:
      - '*'
      Cache-Control:
      - max-age=300
      Connection:
      - close
      Content-Length:
      - '2638'
      Content-Security-Policy:
      - default-src 'none'; style-src 'unsafe-inline'; sandbox
      Content-Type:
      - text/plain; charset=utf-8
      Cross-Origin-Resource-Policy:
      - cross-origin
      Date:
      - Thu, 19 Oct 2023 14:56:22 GMT
      ETag:
      - '"3b514933a3747f038125935624a13df108e30fe1cb8f9660a7f54ac6d4765ce9"'
      Expires:
      - Thu, 19 Oct 2023 15:01:22 GMT
      Source-Age:
      - '11'
      Strict-Transport-Security:
      - max-age=31536000
      Vary:
      - Authorization,Accept-Encoding,Origin
      Via:
      - 1.1 varnish
      X-Cache:
      - HIT
      X-Cache-Hits:
      - '1'
      X-Content-Type-Options:
      - nosniff
      X-Fastly-Request-ID:
      - c293e6b3d70719bdce1ba5bf910b8c2c4e668844
      X-Frame-Options:
      - deny
      X-GitHub-Request-Id:
      - B056:2572:3BB3EA:481E78:6531438A
      X-Served-By:
      - cache-den8266-DEN
      X-Timer:
      - S1697727382.401265,VS0,VE1
      X-XSS-Protection:
      - 1; mode=block
    status:
      code: 200
      message: OK
- request:
    body: null
    headers:
      Connection:
      - close
      Host:
      - raw.githubusercontent.com
      User-Agent:
      - Python-urllib/3.11
    method: GET
    uri: https://raw.githubusercontent.com/radiantearth/stac-spec/v0.8.1/extensions/checksum/json-schema/schema.json
  response:
    body:
      string: "{\n  \"$schema\": \"http://json-schema.org/draft-07/schema#\",\n  \"$id\":
        \"schema.json#\",\n  \"title\": \"Checksum Extension Specification\",\n  \"description\":
        \"STAC Checksum Extension to a STAC Item\",\n  \"allOf\": [\n    {\n      \"$ref\":
        \"../../../item-spec/json-schema/item.json#/definitions/core\"\n    },\n    {\n
        \     \"$ref\": \"#/definitions/checksum\"\n    }\n  ],\n  \"definitions\":
        {\n    \"checksum\": {\n      \"type\": \"object\",\n      \"properties\":
        {\n        \"links\": {\n          \"title\": \"Links\",\n          \"type\":
        \"array\",\n          \"items\": {\n            \"$ref\": \"#/definitions/checksums\"\n
        \         }\n        },\n        \"assets\": {\n          \"title\": \"Assets\",\n
        \         \"type\": \"object\",\n          \"patternProperties\": {\n            \".+\":
        {\n              \"$ref\": \"#/definitions/checksums\"\n            }\n          }\n
        \       }\n      }\n    },\n    \"checksums\": {\n      \"type\": \"object\",\n
        \     \"properties\": {\n        \"checksum:md5\": {\n          \"type\":
        \"string\",\n          \"pattern\": \"^[A-Fa-f0-9]{32}$\",\n          \"title\":
        \"MD5 checksum\"\n        },\n        \"checksum:sha1\": {\n          \"type\":
        \"string\",\n          \"pattern\": \"^[A-Fa-f0-9]{40}$\",\n          \"title\":
        \"SHA1 checksum\"\n        },\n        \"checksum:sha2\": {\n          \"type\":
        \"string\",\n          \"pattern\": \"^[A-Fa-f0-9]+$\",\n          \"title\":
        \"SHA2 checksum\"\n        },\n        \"checksum:sha3\": {\n          \"type\":
        \"string\",\n          \"pattern\": \"^[A-Fa-f0-9]+$\",\n          \"title\":
        \"SHA3 checksum\"\n        }\n      }\n    }\n  }\n}"
    headers:
      Accept-Ranges:
      - bytes
      Access-Control-Allow-Origin:
      - '*'
      Cache-Control:
      - max-age=300
      Connection:
      - close
      Content-Length:
      - '1469'
      Content-Security-Policy:
      - default-src 'none'; style-src 'unsafe-inline'; sandbox
      Content-Type:
      - text/plain; charset=utf-8
      Cross-Origin-Resource-Policy:
      - cross-origin
      Date:
      - Thu, 19 Oct 2023 14:56:22 GMT
      ETag:
      - '"ceed674cee48a43076989957b8a4f96d8acba3f52df1d52a3745e28225923aac"'
      Expires:
      - Thu, 19 Oct 2023 15:01:22 GMT
      Source-Age:
      - '9'
      Strict-Transport-Security:
      - max-age=31536000
      Vary:
      - Authorization,Accept-Encoding,Origin
      Via:
      - 1.1 varnish
      X-Cache:
      - HIT
      X-Cache-Hits:
      - '1'
      X-Content-Type-Options:
      - nosniff
      X-Fastly-Request-ID:
      - d95a991cb580e1c7e2f24f0cb4f45656752f6313
      X-Frame-Options:
      - deny
      X-GitHub-Request-Id:
      - D04E:0A81:36185E:4281F1:6531438A
      X-Served-By:
      - cache-den8254-DEN
      X-Timer:
      - S1697727382.442508,VS0,VE8
      X-XSS-Protection:
      - 1; mode=block
    status:
      code: 200
      message: OK
version: 1
