interactions:
- request:
    body: null
    headers:
      Connection:
      - close
      Host:
      - schemas.stacspec.org
      User-Agent:
      - Python-urllib/3.11
    method: GET
    uri: https://schemas.stacspec.org/v1.0.0-beta.2/item-spec/json-schema/item.json
  response:
    body:
      string: "{\n  \"$schema\": \"http://json-schema.org/draft-07/schema#\",\n  \"$id\":
        \"https://schemas.stacspec.org/v1.0.0-beta.2/item-spec/json-schema/item.json#\",\n
        \ \"title\": \"STAC Item\",\n  \"type\": \"object\",\n  \"description\": \"This
        object represents the metadata for an item in a SpatioTemporal Asset Catalog.\",\n
        \ \"allOf\": [\n    {\n      \"$ref\": \"#/definitions/core\"\n    }\n  ],\n
        \ \"definitions\": {\n    \"common_metadata\": {\n      \"allOf\": [\n        {\n
        \         \"$ref\": \"basics.json\"\n        },\n        {\n          \"$ref\":
        \"datetime.json\"\n        },\n        {\n          \"$ref\": \"instrument.json\"\n
        \       },\n        {\n          \"$ref\": \"licensing.json\"\n        },\n
        \       {\n          \"$ref\": \"provider.json\"\n        }\n      ]\n    },\n
        \   \"core\": {\n      \"allOf\": [\n        {\n          \"$ref\": \"https://geojson.org/schema/Feature.json\"\n
        \       },\n        {\n          \"oneOf\": [\n            {\n              \"type\":
        \"object\",\n              \"required\": [\n                \"geometry\",\n
        \               \"bbox\"\n              ],\n              \"properties\":
        {\n                \"geometry\": {\n                  \"$ref\": \"https://geojson.org/schema/Geometry.json\"\n
        \               },\n                \"bbox\": {\n                  \"type\":
        \"array\",\n                  \"oneOf\": [\n                    {\n                      \"minItems\":
        4,\n                      \"maxItems\": 4\n                    },\n                    {\n
        \                     \"minItems\": 6,\n                      \"maxItems\":
        6\n                    }\n                  ],\n                  \"items\":
        {\n                    \"type\": \"number\"\n                  }\n                }\n
        \             }\n            },\n            {\n              \"type\": \"object\",\n
        \             \"required\": [\n                \"geometry\"\n              ],\n
        \             \"properties\": {\n                \"geometry\": {\n                  \"type\":
        \"null\"\n                },\n                \"bbox\": {\n                  \"not\":
        {}\n                }\n              }\n            }\n          ]\n        },\n
        \       {\n          \"type\": \"object\",\n          \"required\": [\n            \"stac_version\",\n
        \           \"id\",\n            \"links\",\n            \"assets\",\n            \"properties\"\n
        \         ],\n          \"properties\": {\n            \"stac_version\": {\n
        \             \"title\": \"STAC version\",\n              \"type\": \"string\",\n
        \             \"const\": \"1.0.0-beta.2\"\n            },\n            \"stac_extensions\":
        {\n              \"title\": \"STAC extensions\",\n              \"type\":
        \"array\",\n              \"uniqueItems\": true,\n              \"items\":
        {\n                \"anyOf\": [\n                  {\n                    \"title\":
        \"Reference to a JSON Schema\",\n                    \"type\": \"string\",\n
        \                   \"format\": \"uri\"\n                  },\n                  {\n
        \                   \"title\": \"Reference to a core extension\",\n                    \"type\":
        \"string\"\n                  }\n                ]\n              }\n            },\n
        \           \"id\": {\n              \"title\": \"Provider ID\",\n              \"description\":
        \"Provider item ID\",\n              \"type\": \"string\"\n            },\n
        \           \"links\": {\n              \"title\": \"Item links\",\n              \"description\":
        \"Links to item relations\",\n              \"type\": \"array\",\n              \"items\":
        {\n                \"$ref\": \"#/definitions/link\"\n              }\n            },\n
        \           \"assets\": {\n              \"$ref\": \"#/definitions/assets\"\n
        \           },\n            \"properties\": {\n              \"$ref\": \"#/definitions/common_metadata\"\n
        \           },\n            \"collection\": {\n              \"title\": \"Collection
        ID\",\n              \"description\": \"The ID of the STAC Collection this
        Item references to.\",\n              \"type\": \"string\"\n            }\n
        \         }\n        }\n      ]\n    },\n    \"link\": {\n      \"type\":
        \"object\",\n      \"required\": [\n        \"rel\",\n        \"href\"\n      ],\n
        \     \"properties\": {\n        \"href\": {\n          \"title\": \"Link
        reference\",\n          \"type\": \"string\"\n        },\n        \"rel\":
        {\n          \"title\": \"Link relation type\",\n          \"type\": \"string\"\n
        \       },\n        \"type\": {\n          \"title\": \"Link type\",\n          \"type\":
        \"string\"\n        },\n        \"title\": {\n          \"title\": \"Link
        title\",\n          \"type\": \"string\"\n        },\n        \"created\":
        {\n          \"$ref\": \"datetime.json#/definitions/created\"\n        },\n
        \       \"updated\": {\n          \"$ref\": \"datetime.json#/definitions/updated\"\n
        \       }\n      }\n    },\n    \"assets\": {\n      \"title\": \"Asset links\",\n
        \     \"description\": \"Links to assets\",\n      \"type\": \"object\",\n
        \     \"additionalProperties\": {\n        \"$ref\": \"#/definitions/asset\"\n
        \     }\n    },\n    \"asset\": {\n      \"type\": \"object\",\n      \"required\":
        [\n        \"href\"\n      ],\n      \"properties\": {\n        \"href\":
        {\n          \"title\": \"Asset reference\",\n          \"type\": \"string\"\n
        \       },\n        \"title\": {\n          \"title\": \"Asset title\",\n
        \         \"type\": \"string\"\n        },\n        \"description\": {\n          \"title\":
        \"Asset description\",\n          \"type\": \"string\"\n        },\n        \"type\":
        {\n          \"title\": \"Asset type\",\n          \"type\": \"string\"\n
        \       },\n        \"roles\": {\n          \"title\": \"Asset roles\",\n
        \         \"type\": \"array\",\n          \"items\": {\n            \"type\":
        \"string\"\n          }\n        }\n      }\n    }\n  }\n}\n"
    headers:
      Accept-Ranges:
      - bytes
      Access-Control-Allow-Origin:
      - '*'
      Age:
      - '46'
      Cache-Control:
      - max-age=600
      Connection:
      - close
      Content-Length:
      - '5244'
      Content-Type:
      - application/json; charset=utf-8
      Date:
      - Mon, 13 Jan 2025 19:21:17 GMT
      ETag:
      - '"66e1651c-147c"'
      Last-Modified:
      - Wed, 11 Sep 2024 09:38:36 GMT
      Server:
      - GitHub.com
      Vary:
      - Accept-Encoding
      Via:
      - 1.1 varnish
      X-Cache:
      - HIT
      X-Cache-Hits:
      - '1'
      X-Fastly-Request-ID:
      - 0e23091a3537569a807c03df17fbcf1e44520eec
      X-GitHub-Request-Id:
      - 5807:1660B9:419011D:481CEFA:6785677E
      X-Served-By:
      - cache-bos4636-BOS
      X-Timer:
      - S1736796078.718241,VS0,VE2
      expires:
      - Mon, 13 Jan 2025 19:30:31 GMT
      x-proxy-cache:
      - MISS
    status:
      code: 200
      message: OK
- request:
    body: null
    headers:
      Connection:
      - close
      Host:
      - schemas.stacspec.org
      User-Agent:
      - Python-urllib/3.11
    method: GET
    uri: https://schemas.stacspec.org/v1.0.0-beta.2/item-spec/json-schema/basics.json
  response:
    body:
      string: "{\n  \"$schema\": \"http://json-schema.org/draft-07/schema#\",\n  \"$id\":
        \"https://schemas.stacspec.org/v1.0.0-beta.2/item-spec/json-schema/basics.json#\",\n
        \ \"title\": \"Basic Descriptive Fields\",\n  \"type\": \"object\",\n  \"properties\":
        {\n    \"title\": {\n      \"title\": \"Item Title\",\n      \"description\":
        \"A human-readable title describing the Item.\",\n      \"type\": \"string\"\n
        \   },\n    \"description\": {\n      \"title\": \"Item Description\",\n      \"description\":
        \"Detailed multi-line description to fully explain the Item.\",\n      \"type\":
        \"string\"\n    }\n  }\n}"
    headers:
      Accept-Ranges:
      - bytes
      Access-Control-Allow-Origin:
      - '*'
      Age:
      - '46'
      Cache-Control:
      - max-age=600
      Connection:
      - close
      Content-Length:
      - '540'
      Content-Type:
      - application/json; charset=utf-8
      Date:
      - Mon, 13 Jan 2025 19:21:17 GMT
      ETag:
      - '"66e1651c-21c"'
      Last-Modified:
      - Wed, 11 Sep 2024 09:38:36 GMT
      Server:
      - GitHub.com
      Vary:
      - Accept-Encoding
      Via:
      - 1.1 varnish
      X-Cache:
      - HIT
      X-Cache-Hits:
      - '1'
      X-Fastly-Request-ID:
      - 78297979985b7ab1aa50f6724e6cb9c43ece515f
      X-GitHub-Request-Id:
      - 755A:1A5A62:41CF5C0:485C5E2:6785677F
      X-Served-By:
      - cache-bos4684-BOS
      X-Timer:
      - S1736796078.813995,VS0,VE1
      expires:
      - Mon, 13 Jan 2025 19:30:32 GMT
      x-proxy-cache:
      - MISS
    status:
      code: 200
      message: OK
- request:
    body: null
    headers:
      Connection:
      - close
      Host:
      - schemas.stacspec.org
      User-Agent:
      - Python-urllib/3.11
    method: GET
    uri: https://schemas.stacspec.org/v1.0.0-beta.2/item-spec/json-schema/datetime.json
  response:
    body:
      string: "{\n  \"$schema\": \"http://json-schema.org/draft-07/schema#\",\n  \"$id\":
        \"https://schemas.stacspec.org/v1.0.0-beta.2/item-spec/json-schema/datetime.json#\",\n
        \ \"title\": \"Date and Time Fields\",\n  \"type\": \"object\",\n  \"allOf\":
        [\n    {\n      \"properties\": {\n        \"created\": {\n          \"$ref\":
        \"#/definitions/created\"\n        },\n        \"updated\": {\n          \"$ref\":
        \"#/definitions/updated\"\n        }\n      }\n    },\n    {\n      \"anyOf\":
        [\n        {\n          \"required\": [\n            \"datetime\"\n          ],\n
        \         \"properties\": {\n            \"datetime\": {\n              \"$ref\":
        \"#/definitions/datetime\"\n            },\n            \"start_datetime\":
        {\n              \"$ref\": \"#/definitions/start_datetime\"\n            },
        \n            \"end_datetime\": {\n              \"$ref\": \"#/definitions/end_datetime\"\n
        \           }\n          },\n          \"dependencies\": {\n            \"start_datetime\":
        {\n              \"required\": [\n                \"end_datetime\"\n              ]\n
        \           },\n            \"end_datetime\": {\n              \"required\":
        [\n                \"start_datetime\"\n              ]\n            }\n          }\n
        \       },\n        {\n          \"required\": [\n            \"datetime\",\n
        \           \"start_datetime\",\n            \"end_datetime\"\n          ],\n
        \         \"properties\": {\n            \"datetime\": {\n              \"oneOf\":
        [\n                {\n                  \"$ref\": \"#/definitions/datetime\"\n
        \               },\n                {\n                  \"type\": [\"null\"],\n
        \                 \"const\": null\n                }\n              ]\n            },\n
        \           \"start_datetime\": {\n              \"$ref\": \"#/definitions/start_datetime\"\n
        \           }, \n            \"end_datetime\": {\n              \"$ref\":
        \"#/definitions/end_datetime\"\n            }\n          }\n        }\n      ]\n
        \   }\n  ],\n  \"definitions\": {\n    \"datetime\": {\n      \"title\": \"Date
        and Time\",\n      \"description\": \"The searchable date/time of the assets,
        in UTC (Formatted in RFC 3339) \",\n      \"type\": \"string\",\n      \"format\":
        \"date-time\"\n    },\n    \"start_datetime\": {\n      \"title\": \"Start
        Date and Time\",\n      \"description\": \"The searchable start date/time
        of the assets, in UTC (Formatted in RFC 3339) \",\n      \"type\": \"string\",\n
        \     \"format\": \"date-time\"\n    }, \n    \"end_datetime\": {\n      \"title\":
        \"End Date and Time\", \n      \"description\": \"The searchable end date/time
        of the assets, in UTC (Formatted in RFC 3339) \",                  \n      \"type\":
        \"string\",\n      \"format\": \"date-time\"\n    },\n    \"created\": {\n
        \     \"title\": \"Creation Time\",\n      \"type\": \"string\",\n      \"format\":
        \"date-time\"\n    },\n    \"updated\": {\n      \"title\": \"Last Update
        Time\",\n      \"type\": \"string\",\n      \"format\": \"date-time\"\n    }\n
        \ }\n}"
    headers:
      Accept-Ranges:
      - bytes
      Access-Control-Allow-Origin:
      - '*'
      Age:
      - '46'
      Cache-Control:
      - max-age=600
      Connection:
      - close
      Content-Length:
      - '2690'
      Content-Type:
      - application/json; charset=utf-8
      Date:
      - Mon, 13 Jan 2025 19:21:17 GMT
      ETag:
      - '"66e1651c-a82"'
      Last-Modified:
      - Wed, 11 Sep 2024 09:38:36 GMT
      Server:
      - GitHub.com
      Vary:
      - Accept-Encoding
      Via:
      - 1.1 varnish
      X-Cache:
      - HIT
      X-Cache-Hits:
      - '1'
      X-Fastly-Request-ID:
      - 2452b71b6f5bf5b7e88818bb7b4b1fb03cbbe071
      X-GitHub-Request-Id:
      - 521A:288381:40D8AEE:476567C:67856778
      X-Served-By:
      - cache-bos4638-BOS
      X-Timer:
      - S1736796078.906710,VS0,VE2
      expires:
      - Mon, 13 Jan 2025 19:30:32 GMT
      x-origin-cache:
      - HIT
      x-proxy-cache:
      - MISS
    status:
      code: 200
      message: OK
- request:
    body: null
    headers:
      Connection:
      - close
      Host:
      - schemas.stacspec.org
      User-Agent:
      - Python-urllib/3.11
    method: GET
    uri: https://schemas.stacspec.org/v1.0.0-beta.2/item-spec/json-schema/instrument.json
  response:
    body:
      string: "{\n  \"$schema\": \"http://json-schema.org/draft-07/schema#\",\n  \"$id\":
        \"https://schemas.stacspec.org/v1.0.0-beta.2/item-spec/json-schema/instrument.json#\",\n
        \ \"title\": \"Instrument Fields\",\n  \"type\": \"object\",\n  \"properties\":
        {\n    \"platform\": {\n      \"title\": \"Platform\",\n      \"type\": \"string\"\n
        \   },\n    \"instruments\": {\n      \"title\": \"Instruments\",\n      \"type\":
        \"array\",\n      \"items\": {\n        \"type\": \"string\"\n      }\n    },\n
        \   \"constellation\": {\n      \"title\": \"Constellation\",\n      \"type\":
        \"string\"\n    },\n    \"mission\": {\n      \"title\": \"Mission\",\n      \"type\":
        \"string\"\n    },\n    \"gsd\": {\n      \"title\": \"Ground Sample Distance\",\n
        \     \"type\": \"number\"\n    }\n  }\n}"
    headers:
      Accept-Ranges:
      - bytes
      Access-Control-Allow-Origin:
      - '*'
      Age:
      - '45'
      Cache-Control:
      - max-age=600
      Connection:
      - close
      Content-Length:
      - '674'
      Content-Type:
      - application/json; charset=utf-8
      Date:
      - Mon, 13 Jan 2025 19:21:17 GMT
      ETag:
      - '"66e1651c-2a2"'
      Last-Modified:
      - Wed, 11 Sep 2024 09:38:36 GMT
      Server:
      - GitHub.com
      Vary:
      - Accept-Encoding
      Via:
      - 1.1 varnish
      X-Cache:
      - HIT
      X-Cache-Hits:
      - '1'
      X-Fastly-Request-ID:
      - 6c9c29c5738314fc125ffb6133375a2e0a7fd7ed
      X-GitHub-Request-Id:
      - FBC0:389225:434F69D:49DC23D:67856780
      X-Served-By:
      - cache-bos4643-BOS
      X-Timer:
      - S1736796078.994436,VS0,VE1
      expires:
      - Mon, 13 Jan 2025 19:30:32 GMT
      x-origin-cache:
      - HIT
      x-proxy-cache:
      - MISS
    status:
      code: 200
      message: OK
- request:
    body: null
    headers:
      Connection:
      - close
      Host:
      - schemas.stacspec.org
      User-Agent:
      - Python-urllib/3.11
    method: GET
    uri: https://schemas.stacspec.org/v1.0.0-beta.2/item-spec/json-schema/licensing.json
  response:
    body:
      string: "{\n  \"$schema\": \"http://json-schema.org/draft-07/schema#\",\n  \"$id\":
        \"https://schemas.stacspec.org/v1.0.0-beta.2/item-spec/json-schema/licensing.json#\",\n
        \ \"title\": \"Licensing Fields\",\n  \"type\": \"object\",\n  \"properties\":
        {\n    \"license\": {\n      \"type\": \"string\",\n      \"pattern\": \"^[\\\\w\\\\-\\\\.\\\\+]+$\"\n
        \   }\n  }\n}"
    headers:
      Accept-Ranges:
      - bytes
      Access-Control-Allow-Origin:
      - '*'
      Age:
      - '45'
      Cache-Control:
      - max-age=600
      Connection:
      - close
      Content-Length:
      - '309'
      Content-Type:
      - application/json; charset=utf-8
      Date:
      - Mon, 13 Jan 2025 19:21:18 GMT
      ETag:
      - '"66e1651c-135"'
      Last-Modified:
      - Wed, 11 Sep 2024 09:38:36 GMT
      Server:
      - GitHub.com
      Vary:
      - Accept-Encoding
      Via:
      - 1.1 varnish
      X-Cache:
      - HIT
      X-Cache-Hits:
      - '1'
      X-Fastly-Request-ID:
      - 86d7d542963b51e3056264ed4be7dd8d6589405b
      X-GitHub-Request-Id:
      - 7BFC:2464FF:4361B47:49EE9E5:6785677E
      X-Served-By:
      - cache-bos4620-BOS
      X-Timer:
      - S1736796078.088646,VS0,VE1
      expires:
      - Mon, 13 Jan 2025 19:30:32 GMT
      x-proxy-cache:
      - MISS
    status:
      code: 200
      message: OK
- request:
    body: null
    headers:
      Connection:
      - close
      Host:
      - schemas.stacspec.org
      User-Agent:
      - Python-urllib/3.11
    method: GET
    uri: https://schemas.stacspec.org/v1.0.0-beta.2/item-spec/json-schema/provider.json
  response:
    body:
      string: "{\n  \"$schema\": \"http://json-schema.org/draft-07/schema#\",\n  \"$id\":
        \"https://schemas.stacspec.org/v1.0.0-beta.2/item-spec/json-schema/provider.json#\",\n
        \ \"title\": \"Provider Fields\",\n  \"type\": \"object\",\n  \"properties\":
        {\n    \"providers\": {\n      \"title\": \"Providers\",\n      \"type\":
        \"array\",\n      \"items\": {\n        \"properties\": {\n          \"name\":
        {\n            \"title\": \"Organization name\",\n            \"type\": \"string\"\n
        \         },\n          \"description\": {\n            \"title\": \"Organization
        description\",\n            \"type\": \"string\"\n          },\n          \"roles\":
        {\n            \"title\": \"Organization roles\",\n            \"type\": \"array\",\n
        \           \"items\": {\n              \"type\": \"string\",\n              \"enum\":
        [\n                \"producer\",\n                \"licensor\",\n                \"processor\",\n
        \               \"host\"\n              ]\n            }\n          },\n          \"url\":
        {\n            \"title\": \"Organization homepage\",\n            \"type\":
        \"string\",\n            \"format\": \"url\"\n          }\n        }\n      }\n
        \   }\n  }\n}"
    headers:
      Accept-Ranges:
      - bytes
      Access-Control-Allow-Origin:
      - '*'
      Age:
      - '45'
      Cache-Control:
      - max-age=600
      Connection:
      - close
      Content-Length:
      - '1038'
      Content-Type:
      - application/json; charset=utf-8
      Date:
      - Mon, 13 Jan 2025 19:21:18 GMT
      ETag:
      - '"66e1651c-40e"'
      Last-Modified:
      - Wed, 11 Sep 2024 09:38:36 GMT
      Server:
      - GitHub.com
      Vary:
      - Accept-Encoding
      Via:
      - 1.1 varnish
      X-Cache:
      - HIT
      X-Cache-Hits:
      - '1'
      X-Fastly-Request-ID:
      - b9b67ebaa2fc3ecbe080a7a8ea9191bc9203748e
      X-GitHub-Request-Id:
      - 55DF:288381:40D8B8B:476572A:67856780
      X-Served-By:
      - cache-bos4670-BOS
      X-Timer:
      - S1736796078.170069,VS0,VE1
      expires:
      - Mon, 13 Jan 2025 19:30:32 GMT
      x-origin-cache:
      - HIT
      x-proxy-cache:
      - MISS
    status:
      code: 200
      message: OK
- request:
    body: null
    headers:
      Connection:
      - close
      Host:
      - schemas.stacspec.org
      User-Agent:
      - Python-urllib/3.11
    method: GET
    uri: https://schemas.stacspec.org/v1.0.0-beta.2/extensions/checksum/json-schema/schema.json
  response:
    body:
      string: "{\n  \"$schema\": \"http://json-schema.org/draft-07/schema#\",\n  \"$id\":
        \"https://schemas.stacspec.org/v1.0.0-beta.2/extensions/checksum/json-schema/schema.json#\",\n
        \ \"title\": \"Checksum Extension Specification\",\n  \"description\": \"STAC
        Checksum Extension to a STAC Item\",\n  \"oneOf\": [\n    {\n      \"allOf\":
        [\n        {\n          \"$ref\": \"../../../item-spec/json-schema/item.json\"\n
        \       },\n        {\n          \"$ref\": \"#/definitions/stac_extensions\"\n
        \       },\n        {\n          \"$ref\": \"#/definitions/checksum_links\"\n
        \       },\n        {\n          \"$ref\": \"#/definitions/checksum_assets\"\n
        \       }\n      ]\n    },\n    {\n      \"allOf\": [\n        {\n          \"$ref\":
        \"../../../catalog-spec/json-schema/catalog.json\"\n        },\n        {\n
        \         \"$ref\": \"#/definitions/stac_extensions\"\n        },\n        {\n
        \         \"$ref\": \"#/definitions/checksum_links\"\n        }\n      ]\n
        \   },\n    {\n      \"allOf\": [\n        {\n          \"$ref\": \"../../../collection-spec/json-schema/collection.json\"\n
        \       },\n        {\n          \"$ref\": \"#/definitions/stac_extensions\"\n
        \       },\n        {\n          \"$ref\": \"#/definitions/checksum_links\"\n
        \       },\n        {\n          \"$ref\": \"#/definitions/checksum_assets\"\n
        \       }\n      ]\n    }\n  ],\n  \"definitions\": {\n    \"stac_extensions\":
        {\n      \"type\": \"object\",\n      \"required\": [\n        \"stac_extensions\"\n
        \     ],\n      \"properties\": {\n        \"stac_extensions\": {\n          \"type\":
        \"array\",\n          \"contains\": {\n            \"enum\": [\n              \"checksum\",\n
        \             \"https://schemas.stacspec.org/v1.0.0-beta.2/extensions/checksum/json-schema/schema.json\"\n
        \           ]\n          }\n        }\n      }\n    },\n    \"checksum_links\":
        {\n      \"type\": \"object\",\n      \"properties\": {\n        \"links\":
        {\n          \"type\": \"array\",\n          \"items\": {\n            \"$ref\":
        \"#/definitions/checksums\"\n          }\n        }\n      }\n    },\n    \"checksum_assets\":
        {\n      \"type\": \"object\",\n      \"properties\": {\n        \"assets\":
        {\n          \"type\": \"object\",\n          \"patternProperties\": {\n            \".+\":
        {\n              \"$ref\": \"#/definitions/checksums\"\n            }\n          }\n
        \       }\n      }\n    },\n    \"checksums\": {\n      \"type\": \"object\",\n
        \     \"properties\": {\n        \"checksum:multihash\": {\n          \"type\":
        \"string\",\n          \"pattern\": \"^[a-f0-9]+$\",\n          \"title\":
        \"Multihash\"\n        }\n      }\n    }\n  }\n}\n"
    headers:
      Accept-Ranges:
      - bytes
      Access-Control-Allow-Origin:
      - '*'
      Age:
      - '0'
      Cache-Control:
      - max-age=600
      Connection:
      - close
      Content-Length:
      - '2361'
      Content-Type:
      - application/json; charset=utf-8
      Date:
      - Mon, 13 Jan 2025 19:21:18 GMT
      ETag:
      - '"66e1651c-939"'
      Last-Modified:
      - Wed, 11 Sep 2024 09:38:36 GMT
      Server:
      - GitHub.com
      Vary:
      - Accept-Encoding
      Via:
      - 1.1 varnish
      X-Cache:
      - MISS
      X-Cache-Hits:
      - '0'
      X-Fastly-Request-ID:
      - bf250947220abbd6821378a4596f53438eda9d45
      X-GitHub-Request-Id:
      - F6E6:77CFF:44281E9:4D0100A:678567AE
      X-Served-By:
      - cache-bos4667-BOS
      X-Timer:
      - S1736796078.254264,VS0,VE45
      expires:
      - Mon, 13 Jan 2025 19:31:18 GMT
      x-proxy-cache:
      - MISS
    status:
      code: 200
      message: OK
- request:
    body: null
    headers:
      Connection:
      - close
      Host:
      - schemas.stacspec.org
      User-Agent:
      - Python-urllib/3.11
    method: GET
    uri: https://schemas.stacspec.org/v1.0.0-beta.2/catalog-spec/json-schema/catalog.json
  response:
    body:
      string: "{\n  \"$schema\": \"http://json-schema.org/draft-07/schema#\",\n  \"$id\":
        \"https://schemas.stacspec.org/v1.0.0-beta.2/catalog-spec/json-schema/catalog.json#\",\n
        \ \"title\": \"STAC Catalog Specification\",\n  \"description\": \"This object
        represents Catalogs in a SpatioTemporal Asset Catalog.\",\n  \"allOf\": [\n
        \   {\n      \"$ref\": \"#/definitions/catalog\"\n    }\n  ],\n  \"definitions\":
        {\n    \"catalog\": {\n      \"title\": \"Catalog\",\n      \"type\": \"object\",\n
        \     \"required\": [\n        \"stac_version\",\n        \"id\",\n        \"description\",\n
        \       \"links\"\n      ],\n      \"properties\": {\n        \"stac_version\":
        {\n          \"title\": \"STAC version\",\n          \"type\": \"string\",\n
        \         \"const\": \"1.0.0-beta.2\"\n        },\n        \"stac_extensions\":
        {\n          \"title\": \"STAC extensions\",\n          \"type\": \"array\",\n
        \         \"uniqueItems\": true,\n          \"items\": {\n            \"anyOf\":
        [\n              {\n                \"title\": \"Reference to a JSON Schema\",\n
        \               \"type\": \"string\",\n                \"format\": \"uri\"\n
        \             },\n              {\n                \"title\": \"Reference
        to a core extension\",\n                \"type\": \"string\"\n              }\n
        \           ]\n          }\n        },\n        \"id\": {\n          \"title\":
        \"Identifier\",\n          \"type\": \"string\"\n        },\n        \"title\":
        {\n          \"title\": \"Title\",\n          \"type\": \"string\"\n        },\n
        \       \"description\": {\n          \"title\": \"Description\",\n          \"type\":
        \"string\"\n        },\n        \"links\": {\n          \"title\": \"Links\",\n
        \         \"type\": \"array\",\n          \"items\": {\n            \"$ref\":
        \"#/definitions/link\"\n          }\n        }\n      }\n    },\n    \"link\":
        {\n      \"type\": \"object\",\n      \"required\": [\n        \"rel\",\n
        \       \"href\"\n      ],\n      \"properties\": {\n        \"href\": {\n
        \         \"title\": \"Link reference\",\n          \"type\": \"string\"\n
        \       },\n        \"rel\": {\n          \"title\": \"Link relation type\",\n
        \         \"type\": \"string\"\n        },\n        \"type\": {\n          \"title\":
        \"Link type\",\n          \"type\": \"string\"\n        },\n        \"title\":
        {\n          \"title\": \"Link title\",\n          \"type\": \"string\"\n
        \       }\n      }\n    }\n  }\n}\n"
    headers:
      Accept-Ranges:
      - bytes
      Access-Control-Allow-Origin:
      - '*'
      Age:
      - '1'
      Cache-Control:
      - max-age=600
      Connection:
      - close
      Content-Length:
      - '2126'
      Content-Type:
      - application/json; charset=utf-8
      Date:
      - Mon, 13 Jan 2025 19:21:18 GMT
      ETag:
      - '"66e1651c-84e"'
      Last-Modified:
      - Wed, 11 Sep 2024 09:38:36 GMT
      Server:
      - GitHub.com
      Vary:
      - Accept-Encoding
      Via:
      - 1.1 varnish
      X-Cache:
      - HIT
      X-Cache-Hits:
      - '1'
      X-Fastly-Request-ID:
      - e21bdead2d9b1e5ced9b42a2e32b2169690480f7
      X-GitHub-Request-Id:
      - EF0B:150623:4960A01:5239E88:678567AD
      X-Served-By:
      - cache-bos4657-BOS
      X-Timer:
      - S1736796078.378253,VS0,VE2
      expires:
      - Mon, 13 Jan 2025 19:31:17 GMT
      x-proxy-cache:
      - MISS
    status:
      code: 200
      message: OK
- request:
    body: null
    headers:
      Connection:
      - close
      Host:
      - schemas.stacspec.org
      User-Agent:
      - Python-urllib/3.11
    method: GET
    uri: https://schemas.stacspec.org/v1.0.0-beta.2/collection-spec/json-schema/collection.json
  response:
    body:
      string: "{\n  \"$schema\": \"http://json-schema.org/draft-07/schema#\",\n  \"$id\":
        \"https://schemas.stacspec.org/v1.0.0-beta.2/collection-spec/json-schema/collection.json#\",\n
        \ \"title\": \"STAC Collection Specification\",\n  \"description\": \"This
        object represents Collections in a SpatioTemporal Asset Catalog.\",\n  \"allOf\":
        [\n    {\n      \"$ref\": \"../../catalog-spec/json-schema/catalog.json\"\n
        \   },\n    {\n      \"$ref\": \"#/definitions/collection\"\n    }\n  ],\n
        \ \"definitions\": {\n    \"collection\": {\n      \"title\": \"STAC Collection\",\n
        \     \"description\": \"These are the fields specific to a STAC Collection.
        All other fields are inherited from STAC Catalog.\",\n      \"type\": \"object\",\n
        \     \"required\": [\n        \"license\",\n        \"extent\"\n      ],\n
        \     \"properties\": {\n        \"stac_extensions\": {\n          \"title\":
        \"STAC extensions\",\n          \"type\": \"array\",\n          \"uniqueItems\":
        true,\n          \"items\": {\n            \"anyOf\": [\n              {\n
        \               \"title\": \"Reference to a JSON Schema\",\n                \"type\":
        \"string\",\n                \"format\": \"uri\"\n              },\n              {\n
        \               \"title\": \"Reference to a core extension\",\n                \"type\":
        \"string\"\n              }\n            ]\n          }\n        },\n        \"keywords\":
        {\n          \"title\": \"Keywords\",\n          \"type\": \"array\",\n          \"items\":
        {\n            \"type\": \"string\"\n          }\n        },\n        \"license\":
        {\n          \"title\": \"Collection License Name\",\n          \"type\":
        \"string\",\n          \"pattern\": \"^[\\\\w\\\\-\\\\.\\\\+]+$\"\n        },\n
        \       \"providers\": {\n          \"type\": \"array\",\n          \"items\":
        {\n            \"properties\": {\n              \"name\": {\n                \"title\":
        \"Organization name\",\n                \"type\": \"string\"\n              },\n
        \             \"description\": {\n                \"title\": \"Organization
        description\",\n                \"type\": \"string\"\n              },\n              \"roles\":
        {\n                \"title\": \"Organization roles\",\n                \"type\":
        \"array\",\n                \"items\": {\n                  \"type\": \"string\",\n
        \                 \"enum\": [\n                    \"producer\",\n                    \"licensor\",\n
        \                   \"processor\",\n                    \"host\"\n                  ]\n
        \               }\n              },\n              \"url\": {\n                \"title\":
        \"Organization homepage\",\n                \"type\": \"string\",\n                \"format\":
        \"url\"\n              }\n            }\n          }\n        },\n        \"extent\":
        {\n          \"title\": \"Extents\",\n          \"type\": \"object\",\n          \"required\":
        [\n            \"spatial\",\n            \"temporal\"\n          ],\n          \"properties\":
        {\n            \"spatial\": {\n              \"title\": \"Spatial extent object\",\n
        \             \"type\": \"object\",\n              \"required\": [\n                \"bbox\"\n
        \             ],\n              \"properties\": {\n                \"bbox\":
        {\n                  \"title\": \"Spatial extents\",\n                  \"type\":
        \"array\",\n                  \"minItems\": 1,\n                  \"items\":
        {\n                    \"title\": \"Spatial extent\",\n                    \"type\":
        \"array\",\n                    \"oneOf\": [\n                      {\n                        \"minItems\":4,\n
        \                       \"maxItems\":4\n                      },\n                      {\n
        \                       \"minItems\":6,\n                        \"maxItems\":6\n
        \                     }\n                    ],\n                    \"items\":
        {\n                      \"type\": \"number\"\n                    }\n                  }\n
        \               }\n              }\n            },\n            \"temporal\":
        {\n              \"title\": \"Temporal extent object\",\n              \"type\":
        \"object\",\n              \"required\": [\n                \"interval\"\n
        \             ],\n              \"properties\": {\n                \"interval\":
        {\n                  \"title\": \"Temporal extents\",\n                  \"type\":
        \"array\",\n                  \"minItems\": 1,\n                  \"items\":
        {\n                    \"title\": \"Temporal extent\",\n                    \"type\":
        \"array\",\n                    \"minItems\": 2,\n                    \"maxItems\":
        2,\n                    \"items\": {\n                      \"type\": [\n
        \                       \"string\",\n                        \"null\"\n                      ],\n
        \                     \"format\": \"date-time\"\n                    }\n                  }\n
        \               }\n              }\n            }\n          }\n        },\n
        \       \"summaries\": {\n          \"type\": \"object\",\n          \"additionalProperties\":
        {\n            \"oneOf\": [\n              {\n                \"title\": \"Stats\",\n
        \               \"type\": \"object\",\n                \"required\": [\n                  \"min\",\n
        \                 \"max\"\n                ],\n                \"properties\":
        {\n                  \"min\": {\n                    \"title\": \"Minimum
        value\",\n                    \"type\": [\"number\", \"string\"]\n                  },\n
        \                 \"max\": {\n                    \"title\": \"Maximum value\",\n
        \                   \"type\": [\"number\", \"string\"]\n                  }\n
        \               }\n              },\n              {\n                \"title\":
        \"Set of values\",\n                \"type\": \"array\",\n                \"minItems\":
        1,\n                \"items\": {\n                  \"description\": \"Any
        data type could occur.\"\n                }\n              }\n            ]\n
        \         }\n        }\n      }\n    }\n  }\n}"
    headers:
      Accept-Ranges:
      - bytes
      Access-Control-Allow-Origin:
      - '*'
      Age:
      - '1'
      Cache-Control:
      - max-age=600
      Connection:
      - close
      Content-Length:
      - '5346'
      Content-Type:
      - application/json; charset=utf-8
      Date:
      - Mon, 13 Jan 2025 19:21:18 GMT
      ETag:
      - '"66e1651c-14e2"'
      Last-Modified:
      - Wed, 11 Sep 2024 09:38:36 GMT
      Server:
      - GitHub.com
      Vary:
      - Accept-Encoding
      Via:
      - 1.1 varnish
      X-Cache:
      - HIT
      X-Cache-Hits:
      - '1'
      X-Fastly-Request-ID:
      - a4d3ab82c1d3f31b7a3c65b81c54a7b57e58422f
      X-GitHub-Request-Id:
      - 96C3:3828BB:4264605:4B3CADC:678567AD
      X-Served-By:
      - cache-bos4640-BOS
      X-Timer:
      - S1736796078.473054,VS0,VE1
      expires:
      - Mon, 13 Jan 2025 19:31:17 GMT
      x-proxy-cache:
      - MISS
    status:
      code: 200
      message: OK
version: 1
