interactions:
- request:
    body: null
    headers:
      Connection:
      - close
      Host:
      - schemas.stacspec.org
      User-Agent:
      - Python-urllib/3.11
    method: GET
    uri: https://schemas.stacspec.org/v1.0.0/collection-spec/json-schema/collection.json
  response:
    body:
      string: "{\n  \"$schema\": \"http://json-schema.org/draft-07/schema#\",\n  \"$id\":
        \"https://schemas.stacspec.org/v1.0.0/collection-spec/json-schema/collection.json#\",\n
        \ \"title\": \"STAC Collection Specification\",\n  \"description\": \"This
        object represents Collections in a SpatioTemporal Asset Catalog.\",\n  \"allOf\":
        [\n    {\n      \"$ref\": \"#/definitions/collection\"\n    }\n  ],\n  \"definitions\":
        {\n    \"collection\": {\n      \"title\": \"STAC Collection\",\n      \"description\":
        \"These are the fields specific to a STAC Collection. All other fields are
        inherited from STAC Catalog.\",\n      \"type\": \"object\",\n      \"required\":
        [\n        \"stac_version\",\n        \"type\",\n        \"id\",\n        \"description\",\n
        \       \"license\",\n        \"extent\",\n        \"links\"\n      ],\n      \"properties\":
        {\n        \"stac_version\": {\n          \"title\": \"STAC version\",\n          \"type\":
        \"string\",\n          \"const\": \"1.0.0\"\n        },\n        \"stac_extensions\":
        {\n          \"title\": \"STAC extensions\",\n          \"type\": \"array\",\n
        \         \"uniqueItems\": true,\n          \"items\": {\n            \"title\":
        \"Reference to a JSON Schema\",\n            \"type\": \"string\",\n            \"format\":
        \"iri\"\n          }\n        },\n        \"type\": {\n          \"title\":
        \"Type of STAC entity\",\n          \"const\": \"Collection\"\n        },\n
        \       \"id\": {\n          \"title\": \"Identifier\",\n          \"type\":
        \"string\",\n          \"minLength\": 1\n        },\n        \"title\": {\n
        \         \"title\": \"Title\",\n          \"type\": \"string\"\n        },\n
        \       \"description\": {\n          \"title\": \"Description\",\n          \"type\":
        \"string\",\n          \"minLength\": 1\n        },\n        \"keywords\":
        {\n          \"title\": \"Keywords\",\n          \"type\": \"array\",\n          \"items\":
        {\n            \"type\": \"string\"\n          }\n        },\n        \"license\":
        {\n          \"title\": \"Collection License Name\",\n          \"type\":
        \"string\",\n          \"pattern\": \"^[\\\\w\\\\-\\\\.\\\\+]+$\"\n        },\n
        \       \"providers\": {\n          \"type\": \"array\",\n          \"items\":
        {\n            \"type\": \"object\",\n            \"required\": [\n              \"name\"\n
        \           ],\n            \"properties\": {\n              \"name\": {\n
        \               \"title\": \"Organization name\",\n                \"type\":
        \"string\"\n              },\n              \"description\": {\n                \"title\":
        \"Organization description\",\n                \"type\": \"string\"\n              },\n
        \             \"roles\": {\n                \"title\": \"Organization roles\",\n
        \               \"type\": \"array\",\n                \"items\": {\n                  \"type\":
        \"string\",\n                  \"enum\": [\n                    \"producer\",\n
        \                   \"licensor\",\n                    \"processor\",\n                    \"host\"\n
        \                 ]\n                }\n              },\n              \"url\":
        {\n                \"title\": \"Organization homepage\",\n                \"type\":
        \"string\",\n                \"format\": \"iri\"\n              }\n            }\n
        \         }\n        },\n        \"extent\": {\n          \"title\": \"Extents\",\n
        \         \"type\": \"object\",\n          \"required\": [\n            \"spatial\",\n
        \           \"temporal\"\n          ],\n          \"properties\": {\n            \"spatial\":
        {\n              \"title\": \"Spatial extent object\",\n              \"type\":
        \"object\",\n              \"required\": [\n                \"bbox\"\n              ],\n
        \             \"properties\": {\n                \"bbox\": {\n                  \"title\":
        \"Spatial extents\",\n                  \"type\": \"array\",\n                  \"minItems\":
        1,\n                  \"items\": {\n                    \"title\": \"Spatial
        extent\",\n                    \"type\": \"array\",\n                    \"oneOf\":
        [\n                      {\n                        \"minItems\":4,\n                        \"maxItems\":4\n
        \                     },\n                      {\n                        \"minItems\":6,\n
        \                       \"maxItems\":6\n                      }\n                    ],\n
        \                   \"items\": {\n                      \"type\": \"number\"\n
        \                   }\n                  }\n                }\n              }\n
        \           },\n            \"temporal\": {\n              \"title\": \"Temporal
        extent object\",\n              \"type\": \"object\",\n              \"required\":
        [\n                \"interval\"\n              ],\n              \"properties\":
        {\n                \"interval\": {\n                  \"title\": \"Temporal
        extents\",\n                  \"type\": \"array\",\n                  \"minItems\":
        1,\n                  \"items\": {\n                    \"title\": \"Temporal
        extent\",\n                    \"type\": \"array\",\n                    \"minItems\":
        2,\n                    \"maxItems\": 2,\n                    \"items\": {\n
        \                     \"type\": [\n                        \"string\",\n                        \"null\"\n
        \                     ],\n                      \"format\": \"date-time\",\n
        \                     \"pattern\": \"(\\\\+00:00|Z)$\"\n                    }\n
        \                 }\n                }\n              }\n            }\n          }\n
        \       },\n        \"assets\": {\n          \"$ref\": \"../../item-spec/json-schema/item.json#/definitions/assets\"\n
        \       },\n        \"links\": {\n          \"title\": \"Links\",\n          \"type\":
        \"array\",\n          \"items\": {\n            \"$ref\": \"#/definitions/link\"\n
        \         }\n        },\n        \"summaries\": {\n          \"$ref\": \"#/definitions/summaries\"\n
        \       }\n      }\n    },\n    \"link\": {\n      \"type\": \"object\",\n
        \     \"required\": [\n        \"rel\",\n        \"href\"\n      ],\n      \"properties\":
        {\n        \"href\": {\n          \"title\": \"Link reference\",\n          \"type\":
        \"string\",\n          \"format\": \"iri-reference\",\n          \"minLength\":
        1\n        },\n        \"rel\": {\n          \"title\": \"Link relation type\",\n
        \         \"type\": \"string\",\n          \"minLength\": 1\n        },\n
        \       \"type\": {\n          \"title\": \"Link type\",\n          \"type\":
        \"string\"\n        },\n        \"title\": {\n          \"title\": \"Link
        title\",\n          \"type\": \"string\"\n        }\n      }\n    },\n    \"summaries\":
        {\n      \"type\": \"object\",\n      \"additionalProperties\": {\n        \"anyOf\":
        [\n          {\n            \"title\": \"JSON Schema\",\n            \"type\":
        \"object\",\n            \"minProperties\": 1,\n            \"allOf\": [\n
        \             {\n                \"$ref\": \"http://json-schema.org/draft-07/schema\"\n
        \             }\n            ]\n          },\n          {\n            \"title\":
        \"Range\",\n            \"type\": \"object\",\n            \"required\": [\n
        \             \"minimum\",\n              \"maximum\"\n            ],\n            \"properties\":
        {\n              \"minimum\": {\n                \"title\": \"Minimum value\",\n
        \               \"type\": [\n                  \"number\",\n                  \"string\"\n
        \               ]\n              },\n              \"maximum\": {\n                \"title\":
        \"Maximum value\",\n                \"type\": [\n                  \"number\",\n
        \                 \"string\"\n                ]\n              }\n            }\n
        \         },\n          {\n            \"title\": \"Set of values\",\n            \"type\":
        \"array\",\n            \"minItems\": 1,\n            \"items\": {\n              \"description\":
        \"For each field only the original data type of the property can occur (except
        for arrays), but we can't validate that in JSON Schema yet. See the sumamry
        description in the STAC specification for details.\"\n            }\n          }\n
        \       ]\n      }\n    }\n  }\n}"
    headers:
      Accept-Ranges:
      - bytes
      Access-Control-Allow-Origin:
      - '*'
      Age:
      - '1'
      Cache-Control:
      - max-age=600
      Connection:
      - close
      Content-Length:
      - '7209'
      Content-Type:
      - application/json; charset=utf-8
      Date:
      - Mon, 13 Jan 2025 19:21:47 GMT
      ETag:
      - '"66e1651c-1c29"'
      Last-Modified:
      - Wed, 11 Sep 2024 09:38:36 GMT
      Server:
      - GitHub.com
      Vary:
      - Accept-Encoding
      Via:
      - 1.1 varnish
      X-Cache:
      - HIT
      X-Cache-Hits:
      - '1'
      X-Fastly-Request-ID:
      - d42c77cc6ac5e013cc83821e2f13b39f1d3499df
      X-GitHub-Request-Id:
      - F6FF:3528DA:40AF79D:473C967:678567C9
      X-Served-By:
      - cache-bos4650-BOS
      X-Timer:
      - S1736796107.072381,VS0,VE1
      expires:
      - Mon, 13 Jan 2025 19:31:46 GMT
      x-proxy-cache:
      - MISS
    status:
      code: 200
      message: OK
- request:
    body: null
    headers:
      Connection:
      - close
      Host:
      - stac-extensions.github.io
      User-Agent:
      - Python-urllib/3.11
    method: GET
    uri: https://stac-extensions.github.io/eo/v1.1.0/schema.json
  response:
    body:
      string: "{\n  \"$schema\": \"http://json-schema.org/draft-07/schema#\",\n  \"$id\":
        \"https://stac-extensions.github.io/eo/v1.1.0/schema.json#\",\n  \"title\":
        \"EO Extension\",\n  \"description\": \"STAC EO Extension for STAC Items.\",\n
        \ \"oneOf\": [\n    {\n      \"$comment\": \"This is the schema for STAC Items.\",\n
        \     \"allOf\": [\n        {\n          \"type\": \"object\",\n          \"required\":
        [\n            \"type\",\n            \"properties\",\n            \"assets\"\n
        \         ],\n          \"properties\": {\n            \"type\": {\n              \"const\":
        \"Feature\"\n            },\n            \"properties\": {\n              \"$ref\":
        \"#/definitions/fields\"\n            },\n            \"assets\": {\n              \"type\":
        \"object\",\n              \"additionalProperties\": {\n                \"$ref\":
        \"#/definitions/fields\"\n              }\n            }\n          },\n          \"$comment\":
        \"The if-then-else below checks whether the eo:bands is given in assets or
        not. If yes, allows eo:bands in properties (else), otherwise, disallows eo:bands
        in properties (then).\",\n          \"if\": {\n            \"required\": [\n
        \             \"assets\"\n            ],\n            \"properties\": {\n
        \             \"assets\": {\n                \"type\": \"object\",\n                \"additionalProperties\":
        {\n                  \"properties\": {\n                    \"eo:bands\":
        false\n                  }\n                }\n              }\n            }\n
        \         },\n          \"then\": {\n            \"properties\": {\n              \"properties\":
        {\n                \"properties\": {\n                  \"eo:bands\": false\n
        \               }\n              }\n            }\n          },\n          \"else\":
        {\n            \"properties\": {\n              \"properties\": {\n                \"properties\":
        {\n                  \"eo:bands\": {\n                    \"$ref\": \"#/definitions/bands\"\n
        \                 }\n                }\n              }\n            }\n          }\n
        \       },\n        {\n          \"$ref\": \"#/definitions/stac_extensions\"\n
        \       }\n      ]\n    },\n    {\n      \"$comment\": \"This is the schema
        for STAC Collections.\",\n      \"allOf\": [\n        {\n          \"type\":
        \"object\",\n          \"required\": [\n            \"type\"\n          ],\n
        \         \"properties\": {\n            \"type\": {\n              \"const\":
        \"Collection\"\n            },\n            \"assets\": {\n              \"type\":
        \"object\",\n              \"additionalProperties\": {\n                \"$ref\":
        \"#/definitions/fields\"\n              }\n            },\n            \"item_assets\":
        {\n              \"type\": \"object\",\n              \"additionalProperties\":
        {\n                \"$ref\": \"#/definitions/fields\"\n              }\n            }\n
        \         }\n        },\n        {\n          \"$ref\": \"#/definitions/stac_extensions\"\n
        \       }\n      ]\n    }\n  ],\n  \"definitions\": {\n    \"stac_extensions\":
        {\n      \"type\": \"object\",\n      \"required\": [\n        \"stac_extensions\"\n
        \     ],\n      \"properties\": {\n        \"stac_extensions\": {\n          \"type\":
        \"array\",\n          \"contains\": {\n            \"const\": \"https://stac-extensions.github.io/eo/v1.1.0/schema.json\"\n
        \         }\n        }\n      }\n    },\n    \"fields\": {\n      \"type\":
        \"object\",\n      \"properties\": {\n        \"eo:cloud_cover\": {\n          \"title\":
        \"Cloud Cover\",\n          \"type\": \"number\",\n          \"minimum\":
        0,\n          \"maximum\": 100\n        },\n        \"eo:snow_cover\": {\n
        \         \"title\": \"Snow and Ice Cover\",\n          \"type\": \"number\",\n
        \         \"minimum\": 0,\n          \"maximum\": 100\n        },\n        \"eo:bands\":
        {\n          \"$ref\": \"#/definitions/bands\"\n        }\n      },\n      \"patternProperties\":
        {\n        \"^(?!eo:)\": {}\n      },\n      \"additionalProperties\": false\n
        \   },\n    \"bands\": {\n      \"title\": \"Bands\",\n      \"type\": \"array\",\n
        \     \"minItems\": 1,\n      \"items\": {\n        \"title\": \"Band\",\n
        \       \"type\": \"object\",\n        \"minProperties\": 1,\n        \"properties\":
        {\n          \"name\": {\n            \"title\": \"Name of the band\",\n            \"type\":
        \"string\"\n          },\n          \"common_name\": {\n            \"title\":
        \"Common Name of the band\",\n            \"type\": \"string\",\n            \"enum\":
        [\n              \"coastal\",\n              \"blue\",\n              \"green\",\n
        \             \"red\",\n              \"rededge\",\n              \"yellow\",\n
        \             \"pan\",\n              \"nir\",\n              \"nir08\",\n
        \             \"nir09\",\n              \"cirrus\",\n              \"swir16\",\n
        \             \"swir22\",\n              \"lwir\",\n              \"lwir11\",\n
        \             \"lwir12\"\n            ]\n          },\n          \"description\":
        {\n            \"title\": \"Description of the band\",\n            \"type\":
        \"string\",\n            \"minLength\": 1\n          },\n          \"center_wavelength\":
        {\n            \"title\": \"Center Wavelength\",\n            \"type\": \"number\",\n
        \           \"minimumExclusive\": 0\n          },\n          \"full_width_half_max\":
        {\n            \"title\": \"Full Width Half Max (FWHM)\",\n            \"type\":
        \"number\",\n            \"minimumExclusive\": 0\n          },\n          \"solar_illumination\":
        {\n            \"title\": \"Solar Illumination\",\n            \"type\": \"number\",\n
        \           \"minimum\": 0\n          }\n        }\n      }\n    }\n  }\n}\n"
    headers:
      Accept-Ranges:
      - bytes
      Access-Control-Allow-Origin:
      - '*'
      Age:
      - '99'
      Cache-Control:
      - max-age=600
      Connection:
      - close
      Content-Length:
      - '5052'
      Content-Type:
      - application/json; charset=utf-8
      Date:
      - Mon, 13 Jan 2025 19:21:47 GMT
      ETag:
      - '"66df1c53-13bc"'
      Last-Modified:
      - Mon, 09 Sep 2024 16:03:31 GMT
      Server:
      - GitHub.com
      Strict-Transport-Security:
      - max-age=31556952
      Vary:
      - Accept-Encoding
      Via:
      - 1.1 varnish
      X-Cache:
      - HIT
      X-Cache-Hits:
      - '2'
      X-Fastly-Request-ID:
      - 7883234f5ae5b1694aef9c9c85b9783aa5cecc62
      X-GitHub-Request-Id:
      - 47BA:13E969:4300816:4BD8815:67856768
      X-Served-By:
      - cache-bos4671-BOS
      X-Timer:
      - S1736796107.150592,VS0,VE0
      expires:
      - Mon, 13 Jan 2025 19:30:08 GMT
      permissions-policy:
      - interest-cohort=()
      x-proxy-cache:
      - MISS
    status:
      code: 200
      message: OK
- request:
    body: null
    headers:
      Connection:
      - close
      Host:
      - stac-extensions.github.io
      User-Agent:
      - Python-urllib/3.11
    method: GET
    uri: https://stac-extensions.github.io/view/v1.0.0/schema.json
  response:
    body:
      string: "{\n  \"$schema\": \"http://json-schema.org/draft-07/schema#\",\n  \"$id\":
        \"https://stac-extensions.github.io/view/v1.0.0/schema.json#\",\n  \"title\":
        \"View Geometry Extension\",\n  \"description\": \"STAC View Geometry Extension
        for STAC Items and STAC Collections.\",\n  \"oneOf\": [\n    {\n      \"$comment\":
        \"This is the schema for STAC Items.\",\n      \"allOf\": [\n        {\n          \"type\":
        \"object\",\n          \"required\": [\n            \"type\",\n            \"properties\",\n
        \           \"assets\"\n          ],\n          \"properties\": {\n            \"type\":
        {\n              \"const\": \"Feature\"\n            },\n            \"properties\":
        {\n              \"allOf\": [\n                {\n                  \"anyOf\":
        [\n                    {\"required\": [\"view:off_nadir\"]},\n                    {\"required\":
        [\"view:incidence_angle\"]},\n                    {\"required\": [\"view:azimuth\"]},\n
        \                   {\"required\": [\"view:sun_azimuth\"]},\n                    {\"required\":
        [\"view:sun_elevation\"]}\n                  ]\n                },\n                {\n
        \                 \"$ref\": \"#/definitions/fields\"\n                }\n
        \             ]\n            },\n            \"assets\": {\n              \"type\":
        \"object\",\n              \"additionalProperties\": {\n                \"$ref\":
        \"#/definitions/fields\"\n              }\n            }\n          }\n        },\n
        \       {\n          \"$ref\": \"#/definitions/stac_extensions\"\n        }\n
        \     ]\n    },\n    {\n      \"$comment\": \"This is the schema for STAC
        Collections.\",\n      \"allOf\": [\n        {\n          \"type\": \"object\",\n
        \         \"required\": [\n            \"type\"\n          ],\n          \"properties\":
        {\n            \"type\": {\n              \"const\": \"Collection\"\n            },\n
        \           \"assets\": {\n              \"type\": \"object\",\n              \"additionalProperties\":
        {\n                \"$ref\": \"#/definitions/fields\"\n              }\n            },\n
        \           \"item_assets\": {\n              \"type\": \"object\",\n              \"additionalProperties\":
        {\n                \"$ref\": \"#/definitions/fields\"\n              }\n            }\n
        \         }\n        },\n        {\n          \"$ref\": \"#/definitions/stac_extensions\"\n
        \       }\n      ]\n    }\n  ],\n  \"definitions\": {\n    \"stac_extensions\":
        {\n      \"type\": \"object\",\n      \"required\": [\n        \"stac_extensions\"\n
        \     ],\n      \"properties\": {\n        \"stac_extensions\": {\n          \"type\":
        \"array\",\n          \"contains\": {\n            \"contains\": {\n              \"const\":
        \"https://stac-extensions.github.io/view/v1.0.0/schema.json\"\n            }\n
        \         }\n        }\n      }\n    },\n    \"fields\": {\n      \"$comment\":
        \"Add your new fields here. Don't require them here, do that above in the
        item schema.\",\n      \"type\": \"object\",\n      \"properties\": {\n        \"view:off_nadir\":
        {\n          \"title\": \"Off Nadir\",\n          \"type\": \"number\",\n
        \         \"minimum\": 0,\n          \"maximum\": 90\n        },\n        \"view:incidence_angle\":
        {\n          \"title\": \"Center incidence angle\",\n          \"type\": \"number\",\n
        \         \"minimum\": 0,\n          \"maximum\": 90\n        },\n        \"view:azimuth\":
        {\n          \"title\": \"Azimuth angle\",\n          \"type\": \"number\",\n
        \         \"minimum\": 0,\n          \"maximum\": 360\n        },\n        \"view:sun_azimuth\":
        {\n          \"title\": \"Sun Azimuth\",\n          \"type\": \"number\",\n
        \         \"minimum\": 0,\n          \"maximum\": 360\n        },\n        \"view:sun_elevation\":
        {\n          \"title\": \"Sun Elevation\",\n          \"type\": \"number\",\n
        \         \"minimum\": -90,\n          \"maximum\": 90\n        }\n      },\n
        \     \"patternProperties\": {\n        \"^(?!view:)\": {}\n      },\n      \"additionalProperties\":
        false\n    }\n  }\n}"
    headers:
      Accept-Ranges:
      - bytes
      Access-Control-Allow-Origin:
      - '*'
      Age:
      - '99'
      Cache-Control:
      - max-age=600
      Connection:
      - close
      Content-Length:
      - '3583'
      Content-Type:
      - application/json; charset=utf-8
      Date:
      - Mon, 13 Jan 2025 19:21:47 GMT
      ETag:
      - '"60635220-dff"'
      Last-Modified:
      - Tue, 30 Mar 2021 16:30:24 GMT
      Server:
      - GitHub.com
      Strict-Transport-Security:
      - max-age=31556952
      Vary:
      - Accept-Encoding
      Via:
      - 1.1 varnish
      X-Cache:
      - HIT
      X-Cache-Hits:
      - '3'
      X-Fastly-Request-ID:
      - 53252aef1c39a21cab79b7601f2916d1217e68fe
      X-GitHub-Request-Id:
      - CCE8:52C42:4379209:4C5153E:67856765
      X-Served-By:
      - cache-bos4650-BOS
      X-Timer:
      - S1736796107.219065,VS0,VE1
      expires:
      - Mon, 13 Jan 2025 19:30:08 GMT
      permissions-policy:
      - interest-cohort=()
      x-proxy-cache:
      - MISS
    status:
      code: 200
      message: OK
version: 1
